Component: ARM Compiler 5.06 update 7 (build 960) Tool: armlink [4d3601]

==============================================================================

Section Cross References

    main.o(.text) refers to SerialBase.o(i._ZN4mbed10SerialBase4baudEi) for mbed::SerialBase::baud(int)
    main.o(.text) refers to I2C.o(i._ZN4mbed3I2C5writeEiPKcib) for mbed::I2C::write(int, const char*, int, bool)
    main.o(.text) refers to wait_api.o(i.wait_ms) for wait_ms
    main.o(.text) refers to I2C.o(i._ZN4mbed3I2C4readEiPcib) for mbed::I2C::read(int, char*, int, bool)
    main.o(.text) refers to f2d.o(.text) for __aeabi_f2d
    main.o(.text) refers to Stream.o(i._ZN4mbed6Stream6printfEPKcz) for mbed::Stream::printf(const char*, ...)
    main.o(.text) refers to I2C.o(i._ZN4mbed3I2CC1E7PinNameS1_) for mbed::I2C::I2C(PinName, PinName)
    main.o(.text) refers to Serial.o(i._ZN4mbed6SerialC1E7PinNameS1_PKc) for mbed::Serial::Serial(PinName, PinName, const char*)
    main.o(.text) refers to aeabi_atexit.o(.text) for __aeabi_atexit
    main.o(.text) refers to main.o(.bss) for pc
    main.o(.text) refers to main.o(.data) for cmd
    main.o(.text) refers to Serial.o(i._ZN4mbed6SerialD1Ev) for mbed::Serial::~Serial()
    main.o(.ARM.exidx) refers to main.o(.text) for .text
    main.o(.init_array) refers to main.o(.text) for __sti___8_main_cpp_cb178787
    main.o(.init_array) refers to cpp_init.o(.text) for __cpp_initialize__aeabi_
    stm32f4xx_hal_pwr.o(i.HAL_PWR_PVD_IRQHandler) refers to stm32f4xx_hal_pwr.o(i.HAL_PWR_PVDCallback) for HAL_PWR_PVDCallback
    hal_tick.o(i.HAL_InitTick) refers to stm32f4xx_hal_tim.o(i.HAL_TIM_OC_Init) for HAL_TIM_OC_Init
    hal_tick.o(i.HAL_InitTick) refers to cmsis_nvic.o(i.NVIC_SetVector) for NVIC_SetVector
    hal_tick.o(i.HAL_InitTick) refers to stm32f4xx_hal_tim.o(i.HAL_TIM_OC_Start) for HAL_TIM_OC_Start
    hal_tick.o(i.HAL_InitTick) refers to hal_tick.o(.bss) for .bss
    hal_tick.o(i.HAL_InitTick) refers to system_stm32f4xx.o(.data) for SystemCoreClock
    hal_tick.o(i.HAL_InitTick) refers to hal_tick.o(i.timer_irq_handler) for timer_irq_handler
    hal_tick.o(i.HAL_InitTick) refers to hal_tick.o(.data) for .data
    hal_tick.o(i.timer_irq_handler) refers to us_ticker_api.o(i.us_ticker_irq_handler) for us_ticker_irq_handler
    hal_tick.o(i.timer_irq_handler) refers to stm32f4xx_hal.o(i.HAL_IncTick) for HAL_IncTick
    hal_tick.o(i.timer_irq_handler) refers to hal_tick.o(.bss) for .bss
    hal_tick.o(i.timer_irq_handler) refers to hal_tick.o(.data) for .data
    stm32f4xx_hal_wwdg.o(i.HAL_WWDG_DeInit) refers to stm32f4xx_hal_wwdg.o(i.HAL_WWDG_MspDeInit) for HAL_WWDG_MspDeInit
    stm32f4xx_hal_wwdg.o(i.HAL_WWDG_IRQHandler) refers to stm32f4xx_hal_wwdg.o(i.HAL_WWDG_WakeupCallback) for HAL_WWDG_WakeupCallback
    stm32f4xx_hal_wwdg.o(i.HAL_WWDG_Init) refers to stm32f4xx_hal_wwdg.o(i.HAL_WWDG_MspInit) for HAL_WWDG_MspInit
    stm32f4xx_hal_tim_ex.o(i.HAL_TIMEx_ConfigCommutationEvent_DMA) refers to stm32f4xx_hal_tim_ex.o(i.HAL_TIMEx_DMACommutationCplt) for HAL_TIMEx_DMACommutationCplt
    stm32f4xx_hal_tim_ex.o(i.HAL_TIMEx_ConfigCommutationEvent_DMA) refers to stm32f4xx_hal_tim.o(i.HAL_TIM_DMAError) for HAL_TIM_DMAError
    stm32f4xx_hal_tim_ex.o(i.HAL_TIMEx_DMACommutationCplt) refers to stm32f4xx_hal_tim_ex.o(i.HAL_TIMEx_CommutationCallback) for HAL_TIMEx_CommutationCallback
    stm32f4xx_hal_tim_ex.o(i.HAL_TIMEx_HallSensor_DeInit) refers to stm32f4xx_hal_tim_ex.o(i.HAL_TIMEx_HallSensor_MspDeInit) for HAL_TIMEx_HallSensor_MspDeInit
    stm32f4xx_hal_tim_ex.o(i.HAL_TIMEx_HallSensor_Init) refers to stm32f4xx_hal_tim_ex.o(i.HAL_TIMEx_HallSensor_MspInit) for HAL_TIMEx_HallSensor_MspInit
    stm32f4xx_hal_tim_ex.o(i.HAL_TIMEx_HallSensor_Init) refers to stm32f4xx_hal_tim.o(i.TIM_Base_SetConfig) for TIM_Base_SetConfig
    stm32f4xx_hal_tim_ex.o(i.HAL_TIMEx_HallSensor_Init) refers to stm32f4xx_hal_tim.o(i.TIM_TI1_SetConfig) for TIM_TI1_SetConfig
    stm32f4xx_hal_tim_ex.o(i.HAL_TIMEx_HallSensor_Init) refers to stm32f4xx_hal_tim.o(i.TIM_OC2_SetConfig) for TIM_OC2_SetConfig
    stm32f4xx_hal_tim_ex.o(i.HAL_TIMEx_HallSensor_Start) refers to stm32f4xx_hal_tim.o(i.TIM_CCxChannelCmd) for TIM_CCxChannelCmd
    stm32f4xx_hal_tim_ex.o(i.HAL_TIMEx_HallSensor_Start_DMA) refers to stm32f4xx_hal_tim.o(i.TIM_CCxChannelCmd) for TIM_CCxChannelCmd
    stm32f4xx_hal_tim_ex.o(i.HAL_TIMEx_HallSensor_Start_DMA) refers to stm32f4xx_hal_dma.o(i.HAL_DMA_Start_IT) for HAL_DMA_Start_IT
    stm32f4xx_hal_tim_ex.o(i.HAL_TIMEx_HallSensor_Start_DMA) refers to stm32f4xx_hal_tim.o(i.HAL_TIM_DMACaptureCplt) for HAL_TIM_DMACaptureCplt
    stm32f4xx_hal_tim_ex.o(i.HAL_TIMEx_HallSensor_Start_DMA) refers to stm32f4xx_hal_tim.o(i.HAL_TIM_DMAError) for HAL_TIM_DMAError
    stm32f4xx_hal_tim_ex.o(i.HAL_TIMEx_HallSensor_Start_IT) refers to stm32f4xx_hal_tim.o(i.TIM_CCxChannelCmd) for TIM_CCxChannelCmd
[...]
    C:\work\mbed\github\libraries\mbed\targets\cmsis\TARGET_STM\TARGET_NUCLEO_F401RE\stm32f4xx_ll_sdmmc.c 0x00000000   Number         0  stm32f4xx_ll_sdmmc.o ABSOLUTE
    C:\work\mbed\github\libraries\mbed\targets\cmsis\TARGET_STM\TARGET_NUCLEO_F401RE\stm32f4xx_ll_usb.c 0x00000000   Number         0  stm32f4xx_ll_usb.o ABSOLUTE
    C:\work\mbed\github\libraries\mbed\targets\cmsis\TARGET_STM\TARGET_NUCLEO_F401RE\system_stm32f4xx.c 0x00000000   Number         0  system_stm32f4xx.o ABSOLUTE
    C:\work\mbed\github\libraries\mbed\targets\hal\TARGET_STM\TARGET_NUCLEO_F401RE\i2c_api.c 0x00000000   Number         0  i2c_api.o ABSOLUTE
    C:\work\mbed\github\libraries\mbed\targets\hal\TARGET_STM\TARGET_NUCLEO_F401RE\mbed_overrides.c 0x00000000   Number         0  mbed_overrides.o ABSOLUTE
    C:\work\mbed\github\libraries\mbed\targets\hal\TARGET_STM\TARGET_NUCLEO_F401RE\pinmap.c 0x00000000   Number         0  pinmap.o ABSOLUTE
    C:\work\mbed\github\libraries\mbed\targets\hal\TARGET_STM\TARGET_NUCLEO_F401RE\serial_api.c 0x00000000   Number         0  serial_api.o ABSOLUTE
    C:\work\mbed\github\libraries\mbed\targets\hal\TARGET_STM\TARGET_NUCLEO_F401RE\us_ticker.c 0x00000000   Number         0  us_ticker.o ABSOLUTE
    cdrcmple.s                               0x00000000   Number         0  cdrcmple.o ABSOLUTE
    dc.s                                     0x00000000   Number         0  dc.o ABSOLUTE
    handlers.s                               0x00000000   Number         0  handlers.o ABSOLUTE
    init.s                                   0x00000000   Number         0  init.o ABSOLUTE
    src\\main.cpp                            0x00000000   Number         0  main.o ABSOLUTE
    src\main.cpp                             0x00000000   Number         0  main.o ABSOLUTE
    RESET                                    0x08000000   Section      404  startup_stm32f401xe.o(RESET)
    .ARM.Collect$$$$00000000                 0x08000194   Section        0  entry.o(.ARM.Collect$$$$00000000)
    .ARM.Collect$$$$00000001                 0x08000194   Section        4  entry2.o(.ARM.Collect$$$$00000001)
    .ARM.Collect$$$$00000004                 0x08000198   Section        4  entry5.o(.ARM.Collect$$$$00000004)
    .ARM.Collect$$$$00000006                 0x0800019c   Section        4  entry6b.o(.ARM.Collect$$$$00000006)
    .ARM.Collect$$$$00000008                 0x080001a0   Section        0  entry7b.o(.ARM.Collect$$$$00000008)
    .ARM.Collect$$$$00000009                 0x080001a0   Section        4  entry8a.o(.ARM.Collect$$$$00000009)
    .ARM.Collect$$$$0000000A                 0x080001a4   Section        0  entry8b.o(.ARM.Collect$$$$0000000A)
    .ARM.Collect$$$$0000000B                 0x080001a4   Section        8  entry9a.o(.ARM.Collect$$$$0000000B)
    .ARM.Collect$$$$0000000E                 0x080001ac   Section        4  entry12b.o(.ARM.Collect$$$$0000000E)
    .ARM.Collect$$$$0000000F                 0x080001b0   Section        0  entry10a.o(.ARM.Collect$$$$0000000F)
    .ARM.Collect$$$$00000010                 0x080001b0   Section        4  entry10b.o(.ARM.Collect$$$$00000010)
    .ARM.Collect$$$$00000011                 0x080001b4   Section        0  entry11a.o(.ARM.Collect$$$$00000011)
    .ARM.Collect$$$$00002712                 0x080001b4   Section        4  entry2.o(.ARM.Collect$$$$00002712)
    __lit__00000000                          0x080001b4   Data           4  entry2.o(.ARM.Collect$$$$00002712)
    .text                                    0x080001b8   Section        0  main.o(.text)
    __sti___8_main_cpp_cb178787              0x08000247   Thumb Code    36  main.o(.text)
    .text                                    0x080002a4   Section       36  startup_stm32f401xe.o(.text)
    $v0                                      0x080002a4   Number         0  startup_stm32f401xe.o(.text)
    .text                                    0x080002c8   Section        0  initio_oe.o(.text)
    .text                                    0x080002e8   Section        0  fputc_fp.o(.text)
    .text                                    0x08000310   Section        0  memmovea.o(.text)
    .text                                    0x08000350   Section        0  memseta.o(.text)
    .text                                    0x08000374   Section        0  strlen.o(.text)
    .text                                    0x08000382   Section        0  strcmp.o(.text)
    .text                                    0x0800039e   Section        0  strncmp.o(.text)
    .text                                    0x080003bc   Section        0  __0sscanf.o(.text)
    .text                                    0x080003f4   Section        0  _scanf_int.o(.text)
    .text                                    0x08000540   Section        0  cpp_init.o(.text)
    .text                                    0x08000560   Section        0  aeabi_atexit.o(.text)
    .text                                    0x0800058e   Section        0  f2d.o(.text)
    .text                                    0x080005b4   Section        0  uidiv.o(.text)
    .text                                    0x080005e0   Section        0  uldiv.o(.text)
    .text                                    0x08000642   Section        0  _chval.o(.text)
    .text                                    0x08000660   Section        0  scanf_char.o(.text)
    _scanf_char_input                        0x08000661   Thumb Code    12  scanf_char.o(.text)
    .text                                    0x08000688   Section        0  _sgetc.o(.text)
    .text                                    0x080006c8   Section        0  iusefp.o(.text)
    .text                                    0x080006c8   Section        0  cpp_dtor.o(.text)
    .text                                    0x080006d0   Section        0  cpp_signal.o(.text)
    .text                                    0x080006d2   Section        0  cxa_finalize.o(.text)
    .text                                    0x08000714   Section        0  dadd.o(.text)
    .text                                    0x08000862   Section        0  dmul.o(.text)
    .text                                    0x08000946   Section        0  ddiv.o(.text)
    .text                                    0x08000a24   Section        0  dfixul.o(.text)
    .text                                    0x08000a54   Section       48  cdrcmple.o(.text)
    .text                                    0x08000a84   Section       36  init.o(.text)
    .text                                    0x08000aa8   Section        0  llshl.o(.text)
    .text                                    0x08000ac6   Section        0  llushr.o(.text)
    .text                                    0x08000ae6   Section        0  llsshr.o(.text)
    .text                                    0x08000b0a   Section        0  isspace_c.o(.text)
    .text                                    0x08000b14   Section        0  _scanf.o(.text)
    .text                                    0x08000e44   Section        0  cpp_final.o(.text)
    .text                                    0x08000e46   Section        0  depilogue.o(.text)
    .text                                    0x08000f00   Section        0  ctype_c.o(.text)
    i.$Sub$$main                             0x08000f28   Section        0  retarget.o(i.$Sub$$main)
    i.<Func1>                                0x08000f3a   Section        0  SerialBase.o(i.<Func1>)
    <Func1>                                  0x08000f3b   Thumb Code     6  SerialBase.o(i.<Func1>)
    i.HAL_GPIO_Init                          0x08000f40   Section        0  stm32f4xx_hal_gpio.o(i.HAL_GPIO_Init)
    i.HAL_GetTick                            0x08001188   Section        0  stm32f4xx_hal.o(i.HAL_GetTick)
    i.HAL_I2C_Init                           0x08001194   Section        0  stm32f4xx_hal_i2c.o(i.HAL_I2C_Init)
    i.HAL_I2C_MspInit                        0x08001290   Section        0  stm32f4xx_hal_i2c.o(i.HAL_I2C_MspInit)
    i.HAL_IncTick                            0x08001294   Section        0  stm32f4xx_hal.o(i.HAL_IncTick)
    i.HAL_Init                               0x080012a4   Section        0  stm32f4xx_hal.o(i.HAL_Init)
    i.HAL_InitTick                           0x080012d8   Section        0  hal_tick.o(i.HAL_InitTick)
    i.HAL_MspInit                            0x08001380   Section        0  stm32f4xx_hal.o(i.HAL_MspInit)
    i.HAL_NVIC_SetPriorityGrouping           0x08001384   Section        0  stm32f4xx_hal_cortex.o(i.HAL_NVIC_SetPriorityGrouping)
    i.HAL_RCC_ClockConfig                    0x080013a8   Section        0  stm32f4xx_hal_rcc.o(i.HAL_RCC_ClockConfig)
    i.HAL_RCC_GetHCLKFreq                    0x080015a8   Section        0  stm32f4xx_hal_rcc.o(i.HAL_RCC_GetHCLKFreq)
    i.HAL_RCC_GetPCLK1Freq                   0x08001668   Section        0  stm32f4xx_hal_rcc.o(i.HAL_RCC_GetPCLK1Freq)
    i.HAL_RCC_GetPCLK2Freq                   0x08001694   Section        0  stm32f4xx_hal_rcc.o(i.HAL_RCC_GetPCLK2Freq)
    i.HAL_RCC_OscConfig                      0x080016c0   Section        0  stm32f4xx_hal_rcc.o(i.HAL_RCC_OscConfig)
    i.HAL_TIM_OC_Init                        0x08001a74   Section        0  stm32f4xx_hal_tim.o(i.HAL_TIM_OC_Init)
    i.HAL_TIM_OC_MspInit                     0x08001aa6   Section        0  stm32f4xx_hal_tim.o(i.HAL_TIM_OC_MspInit)
    i.HAL_TIM_OC_Start                       0x08001aa8   Section        0  stm32f4xx_hal_tim.o(i.HAL_TIM_OC_Start)
    i.HAL_UART_Init                          0x08001ade   Section        0  stm32f4xx_hal_uart.o(i.HAL_UART_Init)
    i.HAL_UART_MspInit                       0x08001b3c   Section        0  stm32f4xx_hal_uart.o(i.HAL_UART_MspInit)
    i.NVIC_SetVector                         0x08001b40   Section        0  cmsis_nvic.o(i.NVIC_SetVector)
    i.SetSysClock_PLL_HSE                    0x08001bac   Section        0  system_stm32f4xx.o(i.SetSysClock_PLL_HSE)
    i.Set_GPIO_Clock                         0x08001c28   Section        0  pinmap.o(i.Set_GPIO_Clock)
    i.SystemCoreClockUpdate                  0x08001c9c   Section        0  system_stm32f4xx.o(i.SystemCoreClockUpdate)
    i.SystemInit                             0x08001d20   Section        0  system_stm32f4xx.o(i.SystemInit)
    i.TIM_Base_SetConfig                     0x08001e20   Section        0  stm32f4xx_hal_tim.o(i.TIM_Base_SetConfig)
    i.UART_SetConfig                         0x08001eb4   Section        0  stm32f4xx_hal_uart.o(i.UART_SetConfig)
    UART_SetConfig                           0x08001eb5   Thumb Code   522  stm32f4xx_hal_uart.o(i.UART_SetConfig)
    i._ZN4mbed10FileHandleD2Ev               0x080020cc   Section        0  retarget.o(i._ZN4mbed10FileHandleD2Ev)
    i._ZN4mbed10SerialBase10_base_putcEi     0x080020fc   Section        0  SerialBase.o(i._ZN4mbed10SerialBase10_base_putcEi)
    i._ZN4mbed10SerialBase12_irq_handlerEj9SerialIrq 0x0800210a   Section        0  SerialBase.o(i._ZN4mbed10SerialBase12_irq_handlerEj9SerialIrq)
    i._ZN4mbed10SerialBase4baudEi            0x08002118   Section        0  SerialBase.o(i._ZN4mbed10SerialBase4baudEi)
    i._ZN4mbed10SerialBaseC1E7PinNameS1_     0x08002128   Section        0  SerialBase.o(i._ZN4mbed10SerialBaseC1E7PinNameS1_)
    i._ZN4mbed15FunctionPointer4callEv       0x0800217c   Section        0  FunctionPointer.o(i._ZN4mbed15FunctionPointer4callEv)
    i._ZN4mbed15FunctionPointerC1EPFvvE      0x08002194   Section        0  FunctionPointer.o(i._ZN4mbed15FunctionPointerC1EPFvvE)
    i._ZN4mbed3I2C4readEiPcib                0x080021a0   Section        0  I2C.o(i._ZN4mbed3I2C4readEiPcib)
    i._ZN4mbed3I2C5writeEiPKcib              0x080021e8   Section        0  I2C.o(i._ZN4mbed3I2C5writeEiPKcib)
    i._ZN4mbed3I2CC1E7PinNameS1_             0x08002230   Section        0  I2C.o(i._ZN4mbed3I2CC1E7PinNameS1_)
    i._ZN4mbed6SerialC1E7PinNameS1_PKc       0x08002254   Section        0  Serial.o(i._ZN4mbed6SerialC1E7PinNameS1_PKc)
    i._ZN4mbed6SerialD1Ev                    0x08002278   Section        0  Serial.o(i._ZN4mbed6SerialD1Ev)
    i._ZN4mbed6Stream5closeEv                0x08002284   Section        0  Stream.o(i._ZN4mbed6Stream5closeEv)
    i._ZN4mbed6Stream5lseekEli               0x08002288   Section        0  Stream.o(i._ZN4mbed6Stream5lseekEli)
    i._ZN4mbed6Stream5writeEPKvj             0x0800228c   Section        0  Stream.o(i._ZN4mbed6Stream5writeEPKvj)
    i._ZN4mbed6Stream6printfEPKcz            0x080022b6   Section        0  Stream.o(i._ZN4mbed6Stream6printfEPKcz)
    i._ZN4mbed6StreamC2EPKc                  0x080022d4   Section        0  Stream.o(i._ZN4mbed6StreamC2EPKc)
    i._ZN4mbed6StreamD2Ev                    0x08002318   Section        0  Stream.o(i._ZN4mbed6StreamD2Ev)
    i._ZN4mbed8FileBase11getPathTypeEv       0x08002338   Section        0  FileBase.o(i._ZN4mbed8FileBase11getPathTypeEv)
    i._ZN4mbed8FileBase6lookupEPKcj          0x0800233c   Section        0  FileBase.o(i._ZN4mbed8FileBase6lookupEPKcj)
    i._ZN4mbed8FileBaseC1EPKcNS_8PathTypeE   0x08002374   Section        0  FileBase.o(i._ZN4mbed8FileBaseC1EPKcNS_8PathTypeE)
    i._ZN4mbed8FileBaseD1Ev                  0x08002398   Section        0  FileBase.o(i._ZN4mbed8FileBaseD1Ev)
    i._ZN4mbed8FileLikeC2EPKc                0x080023d0   Section        0  FileLike.o(i._ZN4mbed8FileLikeC2EPKc)
    i._ZN4mbed8FileLikeD2Ev                  0x080023f4   Section        0  FileLike.o(i._ZN4mbed8FileLikeD2Ev)
    i._ZN4mbed8FilePath10fileSystemEv        0x08002406   Section        0  FilePath.o(i._ZN4mbed8FilePath10fileSystemEv)
    i._ZN4mbed8FilePath4fileEv               0x0800241e   Section        0  FilePath.o(i._ZN4mbed8FilePath4fileEv)
    i._ZN4mbed8FilePath6existsEv             0x0800243a   Section        0  FilePath.o(i._ZN4mbed8FilePath6existsEv)
    i._ZN4mbed8FilePath6isFileEv             0x08002444   Section        0  FilePath.o(i._ZN4mbed8FilePath6isFileEv)
    i._ZN4mbed8FilePath8fileNameEv           0x0800245c   Section        0  FilePath.o(i._ZN4mbed8FilePath8fileNameEv)
    i._ZN4mbed8FilePathC1EPKc                0x08002460   Section        0  FilePath.o(i._ZN4mbed8FilePathC1EPKc)
    i._ZThn92_N4mbed6Serial5_putcEi          0x080024a0   Section        0  Serial.o(i._ZThn92_N4mbed6Serial5_putcEi)
    i.__0fprintf                             0x080024a8   Section        0  printfa.o(i.__0fprintf)
    i.__0sprintf                             0x080024c4   Section        0  printfa.o(i.__0sprintf)
    i.__0vfprintf                            0x080024ec   Section        0  printfa.o(i.__0vfprintf)
    i.__aeabi_vec_ctor_nocookie_nodtor       0x08002504   Section        0  aeabi_vec_ctor_nocookie_nodtor.o(i.__aeabi_vec_ctor_nocookie_nodtor)
    i.__cxa_pure_virtual                     0x08002528   Section        0  pure_virt.o(i.__cxa_pure_virtual)
    i.__scatterload_copy                     0x0800252e   Section       14  handlers.o(i.__scatterload_copy)
    i.__scatterload_null                     0x0800253c   Section        2  handlers.o(i.__scatterload_null)
    i.__scatterload_zeroinit                 0x0800253e   Section       14  handlers.o(i.__scatterload_zeroinit)
    i._fclose$full                           0x0800254c   Section        0  fclose_f.o(i._fclose$full)
    i._fflush$full                           0x0800256a   Section        0  fflush_f.o(i._fflush$full)
    i._fopen$full                            0x08002582   Section        0  fopen_f.o(i._fopen$full)
    i._fp_digits                             0x080025b8   Section        0  printfa.o(i._fp_digits)
    _fp_digits                               0x080025b9   Thumb Code   366  printfa.o(i._fp_digits)
    i._freopen$full                          0x0800273c   Section        0  fopen_f.o(i._freopen$full)
    i._printf_core                           0x0800279c   Section        0  printfa.o(i._printf_core)
    _printf_core                             0x0800279d   Thumb Code  1704  printfa.o(i._printf_core)
    i._printf_post_padding                   0x08002e50   Section        0  printfa.o(i._printf_post_padding)
    _printf_post_padding                     0x08002e51   Thumb Code    36  printfa.o(i._printf_post_padding)
    i._printf_pre_padding                    0x08002e74   Section        0  printfa.o(i._printf_pre_padding)
    _printf_pre_padding                      0x08002e75   Thumb Code    46  printfa.o(i._printf_pre_padding)
    i._sputc                                 0x08002ea2   Section        0  printfa.o(i._sputc)
    _sputc                                   0x08002ea3   Thumb Code    10  printfa.o(i._sputc)
    i._sys_close                             0x08002eac   Section        0  retarget.o(i._sys_close)
    i._sys_open                              0x08002ed8   Section        0  retarget.o(i._sys_open)
    i._sys_seek                              0x08002fbc   Section        0  retarget.o(i._sys_seek)
    i._sys_write                             0x08002fe4   Section        0  retarget.o(i._sys_write)
    i.error                                  0x08003044   Section        0  error.o(i.error)
    i.exit                                   0x0800305c   Section        0  exit.o(i.exit)
    i.free                                   0x0800307c   Section        0  malloc.o(i.free)
    i.i2c_frequency                          0x080030cc   Section        0  i2c_api.o(i.i2c_frequency)
    i.i2c_init                               0x08003128   Section        0  i2c_api.o(i.i2c_init)
    i.i2c_read                               0x0800326c   Section        0  i2c_api.o(i.i2c_read)
    i.i2c_write                              0x08003398   Section        0  i2c_api.o(i.i2c_write)
    i.malloc                                 0x080034a8   Section        0  malloc.o(i.malloc)
    i.mbed_assert_internal                   0x08003514   Section        0  assert.o(i.mbed_assert_internal)
    i.mbed_die                               0x08003564   Section        0  board.o(i.mbed_die)
    i.mbed_main                              0x08003574   Section        0  retarget.o(i.mbed_main)
    i.mbed_sdk_init                          0x08003576   Section        0  mbed_overrides.o(i.mbed_sdk_init)
    i.pin_function                           0x08003584   Section        0  pinmap.o(i.pin_function)
    i.pin_mode                               0x080035f0   Section        0  pinmap.o(i.pin_mode)
    i.pinmap_merge                           0x08003648   Section        0  pinmap_common.o(i.pinmap_merge)
    i.pinmap_peripheral                      0x08003680   Section        0  pinmap_common.o(i.pinmap_peripheral)
    i.pinmap_pinout                          0x080036dc   Section        0  pinmap_common.o(i.pinmap_pinout)
    i.serial_baud                            0x08003734   Section        0  serial_api.o(i.serial_baud)
    i.serial_init                            0x08003778   Section        0  serial_api.o(i.serial_init)
    i.serial_irq_handler                     0x080038d8   Section        0  serial_api.o(i.serial_irq_handler)
    i.serial_putc                            0x080038f0   Section        0  serial_api.o(i.serial_putc)
    i.timer_irq_handler                      0x08003914   Section        0  hal_tick.o(i.timer_irq_handler)
    i.us_ticker_clear_interrupt              0x0800396c   Section        0  us_ticker.o(i.us_ticker_clear_interrupt)
    i.us_ticker_disable_interrupt            0x08003980   Section        0  us_ticker.o(i.us_ticker_disable_interrupt)
    i.us_ticker_irq_handler                  0x08003994   Section        0  us_ticker_api.o(i.us_ticker_irq_handler)
    i.us_ticker_read                         0x080039d4   Section        0  us_ticker.o(i.us_ticker_read)
    i.us_ticker_set_interrupt                0x08003a04   Section        0  us_ticker.o(i.us_ticker_set_interrupt)
    i.wait_ms                                0x08003a18   Section        0  wait_api.o(i.wait_ms)
    .constdata                               0x08003a34   Section       16  stm32f4xx_hal_rcc.o(.constdata)
    .constdata                               0x08003a44   Section       16  system_stm32f4xx.o(.constdata)
    .constdata                               0x08003a54   Section      236  serial_api.o(.constdata)
    PinMap_UART_TX                           0x08003a54   Data          72  serial_api.o(.constdata)
    PinMap_UART_RX                           0x08003a9c   Data          72  serial_api.o(.constdata)
    .constdata                               0x08003b40   Section      252  i2c_api.o(.constdata)
    PinMap_I2C_SDA                           0x08003b40   Data          72  i2c_api.o(.constdata)
    PinMap_I2C_SCL                           0x08003b88   Data          60  i2c_api.o(.constdata)
    .constdata                               0x08003c3c   Section      172  pinmap.o(.constdata)
    gpio_mode                                0x08003c3c   Data          48  pinmap.o(.constdata)
    .constdata                               0x08003ce8   Section       64  ctype_c.o(.constdata)
    .constdata__ZTVN4mbed10FileHandleE       0x08003d28   Section       44  retarget.o(.constdata__ZTVN4mbed10FileHandleE)
    .constdata__ZTVN4mbed10SerialBaseE       0x08003d54   Section       16  SerialBase.o(.constdata__ZTVN4mbed10SerialBaseE)
    .constdata__ZTVN4mbed6SerialE            0x08003d64   Section       92  Serial.o(.constdata__ZTVN4mbed6SerialE)
    .constdata__ZTVN4mbed6StreamE            0x08003dc0   Section       68  Stream.o(.constdata__ZTVN4mbed6StreamE)
    .constdata__ZTVN4mbed8FileBaseE          0x08003e04   Section       16  FileBase.o(.constdata__ZTVN4mbed8FileBaseE)
    .constdata__ZTVN4mbed8FileLikeE          0x08003e14   Section       60  FileLike.o(.constdata__ZTVN4mbed8FileLikeE)
    .init_array                              0x08003e70   Section        4  main.o(.init_array)
    .init_array                              0x08003e74   Section        0  cpp_init.o(.init_array)
    .data                                    0x20000194   Section        4  main.o(.data)
    .data                                    0x20000198   Section        4  hal_tick.o(.data)
    .data                                    0x2000019c   Section        4  stm32f4xx_hal.o(.data)
    uwTick                                   0x2000019c   Data           4  stm32f4xx_hal.o(.data)
    .data                                    0x200001a0   Section        4  system_stm32f4xx.o(.data)
    .data                                    0x200001a4   Section        4  retarget.o(.data)
    n                                        0x200001a4   Data           4  retarget.o(.data)
    .data                                    0x200001a8   Section        8  serial_api.o(.data)
    irq_handler                              0x200001ac   Data           4  serial_api.o(.data)
    .data                                    0x200001b0   Section        8  us_ticker_api.o(.data)
    head                                     0x200001b0   Data           4  us_ticker_api.o(.data)
    event_handler                            0x200001b4   Data           4  us_ticker_api.o(.data)
    .data                                    0x200001b8   Section        4  I2C.o(.data)
    .data                                    0x200001bc   Section        4  us_ticker.o(.data)
    us_ticker_inited                         0x200001bc   Data           4  us_ticker.o(.data)
    .data                                    0x200001c0   Section        4  FileBase.o(.data)
    .data                                    0x200001c4   Section        4  cpp_dtor.o(.data)
    ddtor_pointer                            0x200001c4   Data           4  cpp_dtor.o(.data)
    .data                                    0x200001c8   Section        4  mvars.o(.data)
    .data                                    0x200001cc   Section        4  mvars.o(.data)
    .bss                                     0x200001d0   Section      128  main.o(.bss)
    .bss                                     0x20000250   Section       60  hal_tick.o(.bss)
    .bss                                     0x2000028c   Section       64  retarget.o(.bss)
    filehandles                              0x2000028c   Data          64  retarget.o(.bss)
    .bss                                     0x200002cc   Section      100  serial_api.o(.bss)
    serial_irq_ids                           0x200002cc   Data          12  serial_api.o(.bss)
    .bss                                     0x20000330   Section       56  i2c_api.o(.bss)
    .bss                                     0x20000368   Section       60  us_ticker.o(.bss)
    TimMasterHandle                          0x20000368   Data          60  us_ticker.o(.bss)
    .bss                                     0x200003a4   Section       20  stdout_f.o(.bss)
    .bss                                     0x200003b8   Section       20  stderr_f.o(.bss)
    HEAP                                     0x200003d0   Section     1024  startup_stm32f401xe.o(HEAP)

    Global Symbols

    Symbol Name                              Value     Ov Type        Size  Object(Section)

    BuildAttributes$$THM_ISAv4$E$P$D$K$B$S$7EM$VFPi3$EXTD16$VFPS$VFMA$PE$A:L22UL41UL21$X:L11$S22US41US21$IEEE1$IW$USESV6$~STKCKD$USESV7$~SHL$OTIME$ROPI$EBA8$UX$MICROLIB$REQ8$PRES8$EABIv2 0x00000000   Number         0  anon$$obj.o ABSOLUTE
    __ARM_use_no_argv                        0x00000000   Number         0  main.o ABSOLUTE
    _printf_a                                0x00000000   Number         0  stubs.o ABSOLUTE
    _printf_c                                0x00000000   Number         0  stubs.o ABSOLUTE
    _printf_charcount                        0x00000000   Number         0  stubs.o ABSOLUTE
    _printf_d                                0x00000000   Number         0  stubs.o ABSOLUTE
    _printf_e                                0x00000000   Number         0  stubs.o ABSOLUTE
    _printf_f                                0x00000000   Number         0  stubs.o ABSOLUTE
    _printf_flags                            0x00000000   Number         0  stubs.o ABSOLUTE
    _printf_fp_dec                           0x00000000   Number         0  stubs.o ABSOLUTE
    _printf_fp_hex                           0x00000000   Number         0  stubs.o ABSOLUTE
    _printf_g                                0x00000000   Number         0  stubs.o ABSOLUTE
    _printf_i                                0x00000000   Number         0  stubs.o ABSOLUTE
    _printf_int_dec                          0x00000000   Number         0  stubs.o ABSOLUTE
    _printf_l                                0x00000000   Number         0  stubs.o ABSOLUTE
    _printf_lc                               0x00000000   Number         0  stubs.o ABSOLUTE
    _printf_ll                               0x00000000   Number         0  stubs.o ABSOLUTE
    _printf_lld                              0x00000000   Number         0  stubs.o ABSOLUTE
    _printf_lli                              0x00000000   Number         0  stubs.o ABSOLUTE
    _printf_llo                              0x00000000   Number         0  stubs.o ABSOLUTE
    _printf_llu                              0x00000000   Number         0  stubs.o ABSOLUTE
    _printf_llx                              0x00000000   Number         0  stubs.o ABSOLUTE
    _printf_longlong_dec                     0x00000000   Number         0  stubs.o ABSOLUTE
    _printf_longlong_hex                     0x00000000   Number         0  stubs.o ABSOLUTE
    _printf_longlong_oct                     0x00000000   Number         0  stubs.o ABSOLUTE
    _printf_ls                               0x00000000   Number         0  stubs.o ABSOLUTE
    _printf_mbtowc                           0x00000000   Number         0  stubs.o ABSOLUTE
    _printf_n                                0x00000000   Number         0  stubs.o ABSOLUTE
    _printf_o                                0x00000000   Number         0  stubs.o ABSOLUTE
    _printf_p                                0x00000000   Number         0  stubs.o ABSOLUTE
    _printf_percent                          0x00000000   Number         0  stubs.o ABSOLUTE
    _printf_pre_padding                      0x00000000   Number         0  stubs.o ABSOLUTE
    _printf_return_value                     0x00000000   Number         0  stubs.o ABSOLUTE
    _printf_s                                0x00000000   Number         0  stubs.o ABSOLUTE
    _printf_sizespec                         0x00000000   Number         0  stubs.o ABSOLUTE
    _printf_str                              0x00000000   Number         0  stubs.o ABSOLUTE
    _printf_truncate_signed                  0x00000000   Number         0  stubs.o ABSOLUTE
    _printf_truncate_unsigned                0x00000000   Number         0  stubs.o ABSOLUTE
    _printf_u                                0x00000000   Number         0  stubs.o ABSOLUTE
    _printf_wc                               0x00000000   Number         0  stubs.o ABSOLUTE
    _printf_wctomb                           0x00000000   Number         0  stubs.o ABSOLUTE
    _printf_widthprec                        0x00000000   Number         0  stubs.o ABSOLUTE
    _printf_x                                0x00000000   Number         0  stubs.o ABSOLUTE
    SHT$$ARM_EXIDX$$Base                      - Undefined Reference
    SHT$$ARM_EXIDX$$Limit                     - Undefined Reference
    __ARM::default_unexpected_handler()       - Undefined Weak Reference
    __ARM_exceptions_buffer_required          - Undefined Weak Reference
    __aeabi_unwind_cpp_pr1                    - Undefined Weak Reference
    __aeabi_unwind_cpp_pr2                    - Undefined Weak Reference
    __arm_fini_                               - Undefined Weak Reference
    __cxa_begin_cleanup                       - Undefined Weak Reference
    __cxa_type_match                          - Undefined Weak Reference
    __decompress                              - Undefined Weak Reference
    _clock_init                               - Undefined Weak Reference
    _microlib_exit                            - Undefined Weak Reference
    __Vectors_Size                           0x00000194   Number         0  startup_stm32f401xe.o ABSOLUTE
    __Vectors                                0x08000000   Data           4  startup_stm32f401xe.o(RESET)
    __dso_handle                             0x08000000   Number         0  startup_stm32f401xe.o(RESET)
    __Vectors_End                            0x08000194   Data           0  startup_stm32f401xe.o(RESET)
    __main                                   0x08000195   Thumb Code     0  entry.o(.ARM.Collect$$$$00000000)
    _main_stk                                0x08000195   Thumb Code     0  entry2.o(.ARM.Collect$$$$00000001)
    _main_scatterload                        0x08000199   Thumb Code     0  entry5.o(.ARM.Collect$$$$00000004)
    __main_after_scatterload                 0x0800019d   Thumb Code     0  entry5.o(.ARM.Collect$$$$00000004)
    __use_full_stdio                         0x0800019d   Thumb Code     0  entry6b.o(.ARM.Collect$$$$00000006)
    __main_after_initio                      0x080001a1   Thumb Code     0  entry6b.o(.ARM.Collect$$$$00000006)
    _main_clock                              0x080001a1   Thumb Code     0  entry7b.o(.ARM.Collect$$$$00000008)
    _main_cpp_init$empty                     0x080001a1   Thumb Code     0  entry8a.o(.ARM.Collect$$$$00000009)
    _main_cpp_init                           0x080001a5   Thumb Code     0  entry8b.o(.ARM.Collect$$$$0000000A)
    _main_init                               0x080001a5   Thumb Code     0  entry9a.o(.ARM.Collect$$$$0000000B)
    __rt_lib_shutdown_fini                   0x080001ad   Thumb Code     0  entry12b.o(.ARM.Collect$$$$0000000E)
    __rt_final_cpp                           0x080001b1   Thumb Code     0  entry10a.o(.ARM.Collect$$$$0000000F)
    __rt_final_cpp$nonempty                  0x080001b1   Thumb Code     0  entry10b.o(.ARM.Collect$$$$00000010)
    __rt_final_exit                          0x080001b5   Thumb Code     0  entry11a.o(.ARM.Collect$$$$00000011)
    $Super$$main                             0x080001b9   Thumb Code   142  main.o(.text)
    Reset_Handler                            0x080002a5   Thumb Code     8  startup_stm32f401xe.o(.text)
    NMI_Handler                              0x080002ad   Thumb Code     2  startup_stm32f401xe.o(.text)
    HardFault_Handler                        0x080002af   Thumb Code     2  startup_stm32f401xe.o(.text)
    MemManage_Handler                        0x080002b1   Thumb Code     2  startup_stm32f401xe.o(.text)
    BusFault_Handler                         0x080002b3   Thumb Code     2  startup_stm32f401xe.o(.text)
    UsageFault_Handler                       0x080002b5   Thumb Code     2  startup_stm32f401xe.o(.text)
    SVC_Handler                              0x080002b7   Thumb Code     2  startup_stm32f401xe.o(.text)
    DebugMon_Handler                         0x080002b9   Thumb Code     2  startup_stm32f401xe.o(.text)
    PendSV_Handler                           0x080002bb   Thumb Code     2  startup_stm32f401xe.o(.text)
    SysTick_Handler                          0x080002bd   Thumb Code     2  startup_stm32f401xe.o(.text)
    ADC_IRQHandler                           0x080002bf   Thumb Code     0  startup_stm32f401xe.o(.text)
    DMA1_Stream0_IRQHandler                  0x080002bf   Thumb Code     0  startup_stm32f401xe.o(.text)
    DMA1_Stream1_IRQHandler                  0x080002bf   Thumb Code     0  startup_stm32f401xe.o(.text)
    DMA1_Stream2_IRQHandler                  0x080002bf   Thumb Code     0  startup_stm32f401xe.o(.text)
    DMA1_Stream3_IRQHandler                  0x080002bf   Thumb Code     0  startup_stm32f401xe.o(.text)
    DMA1_Stream4_IRQHandler                  0x080002bf   Thumb Code     0  startup_stm32f401xe.o(.text)
    DMA1_Stream5_IRQHandler                  0x080002bf   Thumb Code     0  startup_stm32f401xe.o(.text)
    DMA1_Stream6_IRQHandler                  0x080002bf   Thumb Code     0  startup_stm32f401xe.o(.text)
    DMA1_Stream7_IRQHandler                  0x080002bf   Thumb Code     0  startup_stm32f401xe.o(.text)
    DMA2_Stream0_IRQHandler                  0x080002bf   Thumb Code     0  startup_stm32f401xe.o(.text)
    DMA2_Stream1_IRQHandler                  0x080002bf   Thumb Code     0  startup_stm32f401xe.o(.text)
    DMA2_Stream2_IRQHandler                  0x080002bf   Thumb Code     0  startup_stm32f401xe.o(.text)
    DMA2_Stream3_IRQHandler                  0x080002bf   Thumb Code     0  startup_stm32f401xe.o(.text)
    DMA2_Stream4_IRQHandler                  0x080002bf   Thumb Code     0  startup_stm32f401xe.o(.text)
    DMA2_Stream5_IRQHandler                  0x080002bf   Thumb Code     0  startup_stm32f401xe.o(.text)
    DMA2_Stream6_IRQHandler                  0x080002bf   Thumb Code     0  startup_stm32f401xe.o(.text)
    DMA2_Stream7_IRQHandler                  0x080002bf   Thumb Code     0  startup_stm32f401xe.o(.text)
    EXTI0_IRQHandler                         0x080002bf   Thumb Code     0  startup_stm32f401xe.o(.text)
    EXTI15_10_IRQHandler                     0x080002bf   Thumb Code     0  startup_stm32f401xe.o(.text)
    EXTI1_IRQHandler                         0x080002bf   Thumb Code     0  startup_stm32f401xe.o(.text)
    EXTI2_IRQHandler                         0x080002bf   Thumb Code     0  startup_stm32f401xe.o(.text)
    EXTI3_IRQHandler                         0x080002bf   Thumb Code     0  startup_stm32f401xe.o(.text)
    EXTI4_IRQHandler                         0x080002bf   Thumb Code     0  startup_stm32f401xe.o(.text)
    EXTI9_5_IRQHandler                       0x080002bf   Thumb Code     0  startup_stm32f401xe.o(.text)
    FLASH_IRQHandler                         0x080002bf   Thumb Code     0  startup_stm32f401xe.o(.text)
    FPU_IRQHandler                           0x080002bf   Thumb Code     0  startup_stm32f401xe.o(.text)
    I2C1_ER_IRQHandler                       0x080002bf   Thumb Code     0  startup_stm32f401xe.o(.text)
    I2C1_EV_IRQHandler                       0x080002bf   Thumb Code     0  startup_stm32f401xe.o(.text)
    I2C2_ER_IRQHandler                       0x080002bf   Thumb Code     0  startup_stm32f401xe.o(.text)
    I2C2_EV_IRQHandler                       0x080002bf   Thumb Code     0  startup_stm32f401xe.o(.text)
    I2C3_ER_IRQHandler                       0x080002bf   Thumb Code     0  startup_stm32f401xe.o(.text)
    I2C3_EV_IRQHandler                       0x080002bf   Thumb Code     0  startup_stm32f401xe.o(.text)
    OTG_FS_IRQHandler                        0x080002bf   Thumb Code     0  startup_stm32f401xe.o(.text)
    OTG_FS_WKUP_IRQHandler                   0x080002bf   Thumb Code     0  startup_stm32f401xe.o(.text)
    PVD_IRQHandler                           0x080002bf   Thumb Code     0  startup_stm32f401xe.o(.text)
    RCC_IRQHandler                           0x080002bf   Thumb Code     0  startup_stm32f401xe.o(.text)
    RTC_Alarm_IRQHandler                     0x080002bf   Thumb Code     0  startup_stm32f401xe.o(.text)
    RTC_WKUP_IRQHandler                      0x080002bf   Thumb Code     0  startup_stm32f401xe.o(.text)
    SDIO_IRQHandler                          0x080002bf   Thumb Code     0  startup_stm32f401xe.o(.text)
    SPI1_IRQHandler                          0x080002bf   Thumb Code     0  startup_stm32f401xe.o(.text)
    SPI2_IRQHandler                          0x080002bf   Thumb Code     0  startup_stm32f401xe.o(.text)
    SPI3_IRQHandler                          0x080002bf   Thumb Code     0  startup_stm32f401xe.o(.text)
    SPI4_IRQHandler                          0x080002bf   Thumb Code     0  startup_stm32f401xe.o(.text)
    TAMP_STAMP_IRQHandler                    0x080002bf   Thumb Code     0  startup_stm32f401xe.o(.text)
    TIM1_BRK_TIM9_IRQHandler                 0x080002bf   Thumb Code     0  startup_stm32f401xe.o(.text)
    TIM1_CC_IRQHandler                       0x080002bf   Thumb Code     0  startup_stm32f401xe.o(.text)
    TIM1_TRG_COM_TIM11_IRQHandler            0x080002bf   Thumb Code     0  startup_stm32f401xe.o(.text)
    TIM1_UP_TIM10_IRQHandler                 0x080002bf   Thumb Code     0  startup_stm32f401xe.o(.text)
    TIM2_IRQHandler                          0x080002bf   Thumb Code     0  startup_stm32f401xe.o(.text)
    TIM3_IRQHandler                          0x080002bf   Thumb Code     0  startup_stm32f401xe.o(.text)
    TIM4_IRQHandler                          0x080002bf   Thumb Code     0  startup_stm32f401xe.o(.text)
    TIM5_IRQHandler                          0x080002bf   Thumb Code     0  startup_stm32f401xe.o(.text)
    USART1_IRQHandler                        0x080002bf   Thumb Code     0  startup_stm32f401xe.o(.text)
    USART2_IRQHandler                        0x080002bf   Thumb Code     0  startup_stm32f401xe.o(.text)
    USART6_IRQHandler                        0x080002bf   Thumb Code     0  startup_stm32f401xe.o(.text)
    WWDG_IRQHandler                          0x080002bf   Thumb Code     0  startup_stm32f401xe.o(.text)
    _initio                                  0x080002c9   Thumb Code    20  initio_oe.o(.text)
    fputc                                    0x080002e9   Thumb Code    40  fputc_fp.o(.text)
    ___aeabi_memcpy8$move                    0x08000311   Thumb Code     0  memmovea.o(.text)
    __aeabi_memcpy                           0x08000311   Thumb Code    64  memmovea.o(.text)
    __aeabi_memcpy4                          0x08000311   Thumb Code     0  memmovea.o(.text)
    __aeabi_memmove                          0x08000311   Thumb Code     0  memmovea.o(.text)
    __aeabi_memmove4                         0x08000311   Thumb Code     0  memmovea.o(.text)
    __aeabi_memmove8                         0x08000311   Thumb Code     0  memmovea.o(.text)
    __aeabi_memset                           0x08000351   Thumb Code    14  memseta.o(.text)
    __aeabi_memset4                          0x08000351   Thumb Code     0  memseta.o(.text)
    __aeabi_memset8                          0x08000351   Thumb Code     0  memseta.o(.text)
    __aeabi_memclr                           0x0800035f   Thumb Code     4  memseta.o(.text)
    __aeabi_memclr4                          0x0800035f   Thumb Code     0  memseta.o(.text)
    __aeabi_memclr8                          0x0800035f   Thumb Code     0  memseta.o(.text)
    _memset$wrapper                          0x08000363   Thumb Code    18  memseta.o(.text)
    strlen                                   0x08000375   Thumb Code    14  strlen.o(.text)
    strcmp                                   0x08000383   Thumb Code    28  strcmp.o(.text)
    strncmp                                  0x0800039f   Thumb Code    30  strncmp.o(.text)
    __0sscanf                                0x080003bd   Thumb Code    48  __0sscanf.o(.text)
    _scanf_int                               0x080003f5   Thumb Code   332  _scanf_int.o(.text)
    __cpp_initialize__aeabi_                 0x08000541   Thumb Code    22  cpp_init.o(.text)
    __aeabi_atexit                           0x08000561   Thumb Code    46  aeabi_atexit.o(.text)
    __aeabi_f2d                              0x0800058f   Thumb Code    38  f2d.o(.text)
    __aeabi_uidiv                            0x080005b5   Thumb Code     0  uidiv.o(.text)
    __aeabi_uidivmod                         0x080005b5   Thumb Code    44  uidiv.o(.text)
    __aeabi_uldivmod                         0x080005e1   Thumb Code    98  uldiv.o(.text)
    _chval                                   0x08000643   Thumb Code    28  _chval.o(.text)
    __vfscanf_char                           0x0800066d   Thumb Code    20  scanf_char.o(.text)
    _sgetc                                   0x08000689   Thumb Code    30  _sgetc.o(.text)
    _sbackspace                              0x080006a7   Thumb Code    34  _sgetc.o(.text)
    __I$use$fp                               0x080006c9   Thumb Code     0  iusefp.o(.text)
    __rt_ddtor_pointer_addr                  0x080006c9   Thumb Code     4  cpp_dtor.o(.text)
    __rt_SIGPVFN                             0x080006d1   Thumb Code     2  cpp_signal.o(.text)
    __cxa_finalize                           0x080006d3   Thumb Code    66  cxa_finalize.o(.text)
    __aeabi_dadd                             0x08000715   Thumb Code   322  dadd.o(.text)
    __aeabi_dsub                             0x08000857   Thumb Code     6  dadd.o(.text)
    __aeabi_drsub                            0x0800085d   Thumb Code     6  dadd.o(.text)
    __aeabi_dmul                             0x08000863   Thumb Code   228  dmul.o(.text)
    __aeabi_ddiv                             0x08000947   Thumb Code   222  ddiv.o(.text)
    __aeabi_d2ulz                            0x08000a25   Thumb Code    48  dfixul.o(.text)
    __aeabi_cdrcmple                         0x08000a55   Thumb Code    48  cdrcmple.o(.text)
    __scatterload                            0x08000a85   Thumb Code    28  init.o(.text)
    __scatterload_rt2                        0x08000a85   Thumb Code     0  init.o(.text)
    __aeabi_llsl                             0x08000aa9   Thumb Code    30  llshl.o(.text)
    _ll_shift_l                              0x08000aa9   Thumb Code     0  llshl.o(.text)
    __aeabi_llsr                             0x08000ac7   Thumb Code    32  llushr.o(.text)
    _ll_ushift_r                             0x08000ac7   Thumb Code     0  llushr.o(.text)
    __aeabi_lasr                             0x08000ae7   Thumb Code    36  llsshr.o(.text)
    _ll_sshift_r                             0x08000ae7   Thumb Code     0  llsshr.o(.text)
    isspace                                  0x08000b0b   Thumb Code    10  isspace_c.o(.text)
    __vfscanf                                0x08000b15   Thumb Code   810  _scanf.o(.text)
    __rt_lib_shutdown_cpp_2                  0x08000e45   Thumb Code     2  cpp_final.o(.text)
    _double_round                            0x08000e47   Thumb Code    30  depilogue.o(.text)
    _double_epilogue                         0x08000e65   Thumb Code   156  depilogue.o(.text)
    __ctype_lookup                           0x08000f01   Thumb Code    34  ctype_c.o(.text)
    main                                     0x08000f29   Thumb Code    18  retarget.o(i.$Sub$$main)
    HAL_GPIO_Init                            0x08000f41   Thumb Code   560  stm32f4xx_hal_gpio.o(i.HAL_GPIO_Init)
    HAL_GetTick                              0x08001189   Thumb Code     6  stm32f4xx_hal.o(i.HAL_GetTick)
    HAL_I2C_Init                             0x08001195   Thumb Code   244  stm32f4xx_hal_i2c.o(i.HAL_I2C_Init)
    HAL_I2C_MspInit                          0x08001291   Thumb Code     2  stm32f4xx_hal_i2c.o(i.HAL_I2C_MspInit)
    HAL_IncTick                              0x08001295   Thumb Code    10  stm32f4xx_hal.o(i.HAL_IncTick)
    HAL_Init                                 0x080012a5   Thumb Code    48  stm32f4xx_hal.o(i.HAL_Init)
    HAL_InitTick                             0x080012d9   Thumb Code   130  hal_tick.o(i.HAL_InitTick)
    HAL_MspInit                              0x08001381   Thumb Code     2  stm32f4xx_hal.o(i.HAL_MspInit)
    HAL_NVIC_SetPriorityGrouping             0x08001385   Thumb Code    30  stm32f4xx_hal_cortex.o(i.HAL_NVIC_SetPriorityGrouping)
    HAL_RCC_ClockConfig                      0x080013a9   Thumb Code   498  stm32f4xx_hal_rcc.o(i.HAL_RCC_ClockConfig)
    HAL_RCC_GetHCLKFreq                      0x080015a9   Thumb Code   172  stm32f4xx_hal_rcc.o(i.HAL_RCC_GetHCLKFreq)
    HAL_RCC_GetPCLK1Freq                     0x08001669   Thumb Code    36  stm32f4xx_hal_rcc.o(i.HAL_RCC_GetPCLK1Freq)
    HAL_RCC_GetPCLK2Freq                     0x08001695   Thumb Code    36  stm32f4xx_hal_rcc.o(i.HAL_RCC_GetPCLK2Freq)
    HAL_RCC_OscConfig                        0x080016c1   Thumb Code   916  stm32f4xx_hal_rcc.o(i.HAL_RCC_OscConfig)
    HAL_TIM_OC_Init                          0x08001a75   Thumb Code    50  stm32f4xx_hal_tim.o(i.HAL_TIM_OC_Init)
    HAL_TIM_OC_MspInit                       0x08001aa7   Thumb Code     2  stm32f4xx_hal_tim.o(i.HAL_TIM_OC_MspInit)
    HAL_TIM_OC_Start                         0x08001aa9   Thumb Code    54  stm32f4xx_hal_tim.o(i.HAL_TIM_OC_Start)
    HAL_UART_Init                            0x08001adf   Thumb Code    94  stm32f4xx_hal_uart.o(i.HAL_UART_Init)
    HAL_UART_MspInit                         0x08001b3d   Thumb Code     2  stm32f4xx_hal_uart.o(i.HAL_UART_MspInit)
    NVIC_SetVector                           0x08001b41   Thumb Code   102  cmsis_nvic.o(i.NVIC_SetVector)
    SetSysClock_PLL_HSE                      0x08001bad   Thumb Code   116  system_stm32f4xx.o(i.SetSysClock_PLL_HSE)
    Set_GPIO_Clock                           0x08001c29   Thumb Code    86  pinmap.o(i.Set_GPIO_Clock)
    SystemCoreClockUpdate                    0x08001c9d   Thumb Code   112  system_stm32f4xx.o(i.SystemCoreClockUpdate)
    SystemInit                               0x08001d21   Thumb Code   210  system_stm32f4xx.o(i.SystemInit)
    TIM_Base_SetConfig                       0x08001e21   Thumb Code   132  stm32f4xx_hal_tim.o(i.TIM_Base_SetConfig)
    mbed::FileHandle::~FileHandle()          0x080020cd   Thumb Code     0  retarget.o(i._ZN4mbed10FileHandleD2Ev)
    mbed::FileHandle::~FileHandle__sub_object() 0x080020cd   Thumb Code    38  retarget.o(i._ZN4mbed10FileHandleD2Ev)
    mbed::SerialBase::_base_putc(int)        0x080020fd   Thumb Code    14  SerialBase.o(i._ZN4mbed10SerialBase10_base_putcEi)
    mbed::SerialBase::_irq_handler(unsigned, SerialIrq) 0x0800210b   Thumb Code    14  SerialBase.o(i._ZN4mbed10SerialBase12_irq_handlerEj9SerialIrq)
    mbed::SerialBase::baud(int)              0x08002119   Thumb Code    16  SerialBase.o(i._ZN4mbed10SerialBase4baudEi)
    mbed::SerialBase::SerialBase(PinName, PinName) 0x08002129   Thumb Code    72  SerialBase.o(i._ZN4mbed10SerialBaseC1E7PinNameS1_)
    mbed::SerialBase::SerialBase__sub_object(PinName, PinName) 0x08002129   Thumb Code     0  SerialBase.o(i._ZN4mbed10SerialBaseC1E7PinNameS1_)
    mbed::FunctionPointer::call()            0x0800217d   Thumb Code    24  FunctionPointer.o(i._ZN4mbed15FunctionPointer4callEv)
    mbed::FunctionPointer::FunctionPointer(void(*)()) 0x08002195   Thumb Code    10  FunctionPointer.o(i._ZN4mbed15FunctionPointerC1EPFvvE)
    mbed::FunctionPointer::FunctionPointer__sub_object(void(*)()) 0x08002195   Thumb Code     0  FunctionPointer.o(i._ZN4mbed15FunctionPointerC1EPFvvE)
    mbed::I2C::read(int, char*, int, bool)   0x080021a1   Thumb Code    68  I2C.o(i._ZN4mbed3I2C4readEiPcib)
    mbed::I2C::write(int, const char*, int, bool) 0x080021e9   Thumb Code    68  I2C.o(i._ZN4mbed3I2C5writeEiPKcib)
    mbed::I2C::I2C(PinName, PinName)         0x08002231   Thumb Code    28  I2C.o(i._ZN4mbed3I2CC1E7PinNameS1_)
    mbed::I2C::I2C__sub_object(PinName, PinName) 0x08002231   Thumb Code     0  I2C.o(i._ZN4mbed3I2CC1E7PinNameS1_)
    mbed::Serial::Serial(PinName, PinName, const char*) 0x08002255   Thumb Code    32  Serial.o(i._ZN4mbed6SerialC1E7PinNameS1_PKc)
    mbed::Serial::Serial__sub_object(PinName, PinName, const char*) 0x08002255   Thumb Code     0  Serial.o(i._ZN4mbed6SerialC1E7PinNameS1_PKc)
    mbed::Serial::~Serial()                  0x08002279   Thumb Code    12  Serial.o(i._ZN4mbed6SerialD1Ev)
    mbed::Serial::~Serial__sub_object()      0x08002279   Thumb Code     0  Serial.o(i._ZN4mbed6SerialD1Ev)
    mbed::Stream::close()                    0x08002285   Thumb Code     4  Stream.o(i._ZN4mbed6Stream5closeEv)
    mbed::Stream::lseek(long, int)           0x08002289   Thumb Code     4  Stream.o(i._ZN4mbed6Stream5lseekEli)
    mbed::Stream::write(const void*, unsigned) 0x0800228d   Thumb Code    42  Stream.o(i._ZN4mbed6Stream5writeEPKvj)
    mbed::Stream::printf(const char*, ...)   0x080022b7   Thumb Code    30  Stream.o(i._ZN4mbed6Stream6printfEPKcz)
    mbed::Stream::Stream__sub_object(const char*) 0x080022d5   Thumb Code    54  Stream.o(i._ZN4mbed6StreamC2EPKc)
    mbed::Stream::~Stream()                  0x08002319   Thumb Code     0  Stream.o(i._ZN4mbed6StreamD2Ev)
    mbed::Stream::~Stream__sub_object()      0x08002319   Thumb Code    28  Stream.o(i._ZN4mbed6StreamD2Ev)
    mbed::FileBase::getPathType()            0x08002339   Thumb Code     4  FileBase.o(i._ZN4mbed8FileBase11getPathTypeEv)
    mbed::FileBase::lookup(const char*, unsigned) 0x0800233d   Thumb Code    50  FileBase.o(i._ZN4mbed8FileBase6lookupEPKcj)
    mbed::FileBase::FileBase(const char*, mbed::PathType) 0x08002375   Thumb Code    28  FileBase.o(i._ZN4mbed8FileBaseC1EPKcNS_8PathTypeE)
    mbed::FileBase::FileBase__sub_object(const char*, mbed::PathType) 0x08002375   Thumb Code     0  FileBase.o(i._ZN4mbed8FileBaseC1EPKcNS_8PathTypeE)
    mbed::FileBase::~FileBase()              0x08002399   Thumb Code    46  FileBase.o(i._ZN4mbed8FileBaseD1Ev)
    mbed::FileBase::~FileBase__sub_object()  0x08002399   Thumb Code     0  FileBase.o(i._ZN4mbed8FileBaseD1Ev)
    mbed::FileLike::FileLike__sub_object(const char*) 0x080023d1   Thumb Code    26  FileLike.o(i._ZN4mbed8FileLikeC2EPKc)
    mbed::FileLike::~FileLike()              0x080023f5   Thumb Code     0  FileLike.o(i._ZN4mbed8FileLikeD2Ev)
    mbed::FileLike::~FileLike__sub_object()  0x080023f5   Thumb Code    18  FileLike.o(i._ZN4mbed8FileLikeD2Ev)
    mbed::FilePath::fileSystem()             0x08002407   Thumb Code    24  FilePath.o(i._ZN4mbed8FilePath10fileSystemEv)
    mbed::FilePath::file()                   0x0800241f   Thumb Code    28  FilePath.o(i._ZN4mbed8FilePath4fileEv)
    mbed::FilePath::exists()                 0x0800243b   Thumb Code    10  FilePath.o(i._ZN4mbed8FilePath6existsEv)
    mbed::FilePath::isFile()                 0x08002445   Thumb Code    24  FilePath.o(i._ZN4mbed8FilePath6isFileEv)
    mbed::FilePath::fileName()               0x0800245d   Thumb Code     4  FilePath.o(i._ZN4mbed8FilePath8fileNameEv)
    mbed::FilePath::FilePath(const char*)    0x08002461   Thumb Code    64  FilePath.o(i._ZN4mbed8FilePathC1EPKc)
    mbed::FilePath::FilePath__sub_object(const char*) 0x08002461   Thumb Code     0  FilePath.o(i._ZN4mbed8FilePathC1EPKc)
    thunk{-92} to mbed::Serial::_putc(int)   0x080024a1   Thumb Code     6  Serial.o(i._ZThn92_N4mbed6Serial5_putcEi)
    __0fprintf                               0x080024a9   Thumb Code    22  printfa.o(i.__0fprintf)
    __1fprintf                               0x080024a9   Thumb Code     0  printfa.o(i.__0fprintf)
    __2fprintf                               0x080024a9   Thumb Code     0  printfa.o(i.__0fprintf)
    __c89fprintf                             0x080024a9   Thumb Code     0  printfa.o(i.__0fprintf)
    fprintf                                  0x080024a9   Thumb Code     0  printfa.o(i.__0fprintf)
    __0sprintf                               0x080024c5   Thumb Code    34  printfa.o(i.__0sprintf)
    __1sprintf                               0x080024c5   Thumb Code     0  printfa.o(i.__0sprintf)
    __2sprintf                               0x080024c5   Thumb Code     0  printfa.o(i.__0sprintf)
    __c89sprintf                             0x080024c5   Thumb Code     0  printfa.o(i.__0sprintf)
    sprintf                                  0x080024c5   Thumb Code     0  printfa.o(i.__0sprintf)
    __0vfprintf                              0x080024ed   Thumb Code    20  printfa.o(i.__0vfprintf)
    __1vfprintf                              0x080024ed   Thumb Code     0  printfa.o(i.__0vfprintf)
    __2vfprintf                              0x080024ed   Thumb Code     0  printfa.o(i.__0vfprintf)
    __c89vfprintf                            0x080024ed   Thumb Code     0  printfa.o(i.__0vfprintf)
    vfprintf                                 0x080024ed   Thumb Code     0  printfa.o(i.__0vfprintf)
    __aeabi_vec_ctor_nocookie_nodtor         0x08002505   Thumb Code    36  aeabi_vec_ctor_nocookie_nodtor.o(i.__aeabi_vec_ctor_nocookie_nodtor)
    __cxa_pure_virtual                       0x08002529   Thumb Code     6  pure_virt.o(i.__cxa_pure_virtual)
    __scatterload_copy                       0x0800252f   Thumb Code    14  handlers.o(i.__scatterload_copy)
    __scatterload_null                       0x0800253d   Thumb Code     2  handlers.o(i.__scatterload_null)
    __scatterload_zeroinit                   0x0800253f   Thumb Code    14  handlers.o(i.__scatterload_zeroinit)
    fclose                                   0x0800254d   Thumb Code    30  fclose_f.o(i._fclose$full)
    fflush                                   0x0800256b   Thumb Code    24  fflush_f.o(i._fflush$full)
    fopen                                    0x08002583   Thumb Code    52  fopen_f.o(i._fopen$full)
    freopen                                  0x0800273d   Thumb Code    94  fopen_f.o(i._freopen$full)
    _sys_close                               0x08002ead   Thumb Code    40  retarget.o(i._sys_close)
    _sys_open                                0x08002ed9   Thumb Code   212  retarget.o(i._sys_open)
    _sys_seek                                0x08002fbd   Thumb Code    36  retarget.o(i._sys_seek)
    _sys_write                               0x08002fe5   Thumb Code    82  retarget.o(i._sys_write)
    error                                    0x08003045   Thumb Code    20  error.o(i.error)
    exit                                     0x0800305d   Thumb Code    24  exit.o(i.exit)
    free                                     0x0800307d   Thumb Code    76  malloc.o(i.free)
    i2c_frequency                            0x080030cd   Thumb Code    80  i2c_api.o(i.i2c_frequency)
    i2c_init                                 0x08003129   Thumb Code   258  i2c_api.o(i.i2c_init)
    i2c_read                                 0x0800326d   Thumb Code   296  i2c_api.o(i.i2c_read)
    i2c_write                                0x08003399   Thumb Code   268  i2c_api.o(i.i2c_write)
    malloc                                   0x080034a9   Thumb Code    92  malloc.o(i.malloc)
    mbed_assert_internal                     0x08003515   Thumb Code    24  assert.o(i.mbed_assert_internal)
    mbed_die                                 0x08003565   Thumb Code    16  board.o(i.mbed_die)
    mbed_main                                0x08003575   Thumb Code     2  retarget.o(i.mbed_main)
    mbed_sdk_init                            0x08003577   Thumb Code    14  mbed_overrides.o(i.mbed_sdk_init)
    pin_function                             0x08003585   Thumb Code    78  pinmap.o(i.pin_function)
    pin_mode                                 0x080035f1   Thumb Code    62  pinmap.o(i.pin_mode)
    pinmap_merge                             0x08003649   Thumb Code    34  pinmap_common.o(i.pinmap_merge)
    pinmap_peripheral                        0x08003681   Thumb Code    58  pinmap_common.o(i.pinmap_peripheral)
    pinmap_pinout                            0x080036dd   Thumb Code    66  pinmap_common.o(i.pinmap_pinout)
    serial_baud                              0x08003735   Thumb Code    62  serial_api.o(i.serial_baud)
    serial_init                              0x08003779   Thumb Code   288  serial_api.o(i.serial_init)
    serial_irq_handler                       0x080038d9   Thumb Code    14  serial_api.o(i.serial_irq_handler)
    serial_putc                              0x080038f1   Thumb Code    30  serial_api.o(i.serial_putc)
    timer_irq_handler                        0x08003915   Thumb Code    80  hal_tick.o(i.timer_irq_handler)
    us_ticker_clear_interrupt                0x0800396d   Thumb Code    14  us_ticker.o(i.us_ticker_clear_interrupt)
    us_ticker_disable_interrupt              0x08003981   Thumb Code    14  us_ticker.o(i.us_ticker_disable_interrupt)
    us_ticker_irq_handler                    0x08003995   Thumb Code    60  us_ticker_api.o(i.us_ticker_irq_handler)
    us_ticker_read                           0x080039d5   Thumb Code    30  us_ticker.o(i.us_ticker_read)
    us_ticker_set_interrupt                  0x08003a05   Thumb Code    16  us_ticker.o(i.us_ticker_set_interrupt)
    wait_ms                                  0x08003a19   Thumb Code    28  wait_api.o(i.wait_ms)
    APBAHBPrescTable                         0x08003a34   Data          16  stm32f4xx_hal_rcc.o(.constdata)
    AHBPrescTable                            0x08003a44   Data          16  system_stm32f4xx.o(.constdata)
    __ctype_categories                       0x08003ce8   Data          64  ctype_c.o(.constdata)
    vtable for mbed::FileHandle              0x08003d28   Data          44  retarget.o(.constdata__ZTVN4mbed10FileHandleE)
    vtable for mbed::SerialBase              0x08003d54   Data          16  SerialBase.o(.constdata__ZTVN4mbed10SerialBaseE)
    vtable for mbed::Serial                  0x08003d64   Data          92  Serial.o(.constdata__ZTVN4mbed6SerialE)
    vtable for mbed::Stream                  0x08003dc0   Data          68  Stream.o(.constdata__ZTVN4mbed6StreamE)
    vtable for mbed::FileBase                0x08003e04   Data          16  FileBase.o(.constdata__ZTVN4mbed8FileBaseE)
    vtable for mbed::FileLike                0x08003e14   Data          60  FileLike.o(.constdata__ZTVN4mbed8FileLikeE)
    Region$$Table$$Base                      0x08003e50   Number         0  anon$$obj.o(Region$$Table)
    Region$$Table$$Limit                     0x08003e70   Number         0  anon$$obj.o(Region$$Table)
    SHT$$INIT_ARRAY$$Base                    0x08003e70   Number         0  main.o(.init_array)
    SHT$$INIT_ARRAY$$Limit                   0x08003e74   Number         0  cpp_init.o(.init_array)
    cmd                                      0x20000194   Data           2  main.o(.data)
    read_temp                                0x20000196   Data           2  main.o(.data)
    PreviousVal                              0x20000198   Data           4  hal_tick.o(.data)
    SystemCoreClock                          0x200001a0   Data           4  system_stm32f4xx.o(.data)
    stdio_uart_inited                        0x200001a8   Data           4  serial_api.o(.data)
    mbed::I2C::_owner                        0x200001b8   Data           4  I2C.o(.data)
    mbed::FileBase::_head                    0x200001c0   Data           4  FileBase.o(.data)
    __microlib_freelist                      0x200001c8   Data           4  mvars.o(.data)
    __microlib_freelist_initialised          0x200001cc   Data           4  mvars.o(.data)
    temp_sensor                              0x200001d0   Data          12  main.o(.bss)
    pc                                       0x200001dc   Data         116  main.o(.bss)
    TimMasterHandle                          0x20000250   Data          60  hal_tick.o(.bss)
    UartHandle                               0x200002d8   Data          60  serial_api.o(.bss)
    stdio_uart                               0x20000314   Data          28  serial_api.o(.bss)
    I2cHandle                                0x20000330   Data          56  i2c_api.o(.bss)
    __stdout                                 0x200003a4   Data          20  stdout_f.o(.bss)
    __stderr                                 0x200003b8   Data          20  stderr_f.o(.bss)
    __heap_base                              0x200003d0   Data           0  startup_stm32f401xe.o(HEAP)
    Image$$RW_IRAM1$$ZI$$Limit               0x200007d0   Number         0  anon$$obj.o ABSOLUTE
    __heap_limit                             0x200007d0   Data           0  startup_stm32f401xe.o(HEAP)
    __initial_sp                             0x20018000   Number         0  startup_stm32f401xe.o ABSOLUTE



==============================================================================

Memory Map of the image

  Image Entry point : 0x08000195

  Load Region LR_IROM1 (Base: 0x08000000, Size: 0x00003eb0, Max: 0x00080000, ABSOLUTE)

    Execution Region ER_IROM1 (Exec base: 0x08000000, Load base: 0x08000000, Size: 0x00003e74, Max: 0x00080000, ABSOLUTE)

    Exec Addr    Load Addr    Size         Type   Attr      Idx    E Section Name        Object

    0x08000000   0x08000000   0x00000194   Data   RO         1992    RESET               startup_stm32f401xe.o
    0x08000194   0x08000194   0x00000000   Code   RO         2841  * .ARM.Collect$$$$00000000  mc_w.l(entry.o)
    0x08000194   0x08000194   0x00000004   Code   RO         3231    .ARM.Collect$$$$00000001  mc_w.l(entry2.o)
    0x08000198   0x08000198   0x00000004   Code   RO         3234    .ARM.Collect$$$$00000004  mc_w.l(entry5.o)
    0x0800019c   0x0800019c   0x00000004   Code   RO         2843    .ARM.Collect$$$$00000006  mc_w.l(entry6b.o)
    0x080001a0   0x080001a0   0x00000000   Code   RO         3236    .ARM.Collect$$$$00000008  mc_w.l(entry7b.o)
    0x080001a0   0x080001a0   0x00000004   Code   RO         3237    .ARM.Collect$$$$00000009  mc_w.l(entry8a.o)
    0x080001a4   0x080001a4   0x00000000   Code   RO         3238    .ARM.Collect$$$$0000000A  mc_w.l(entry8b.o)
    0x080001a4   0x080001a4   0x00000008   Code   RO         3239    .ARM.Collect$$$$0000000B  mc_w.l(entry9a.o)
    0x080001ac   0x080001ac   0x00000004   Code   RO         3246    .ARM.Collect$$$$0000000E  mc_w.l(entry12b.o)
    0x080001b0   0x080001b0   0x00000000   Code   RO         3241    .ARM.Collect$$$$0000000F  mc_w.l(entry10a.o)
    0x080001b0   0x080001b0   0x00000004   Code   RO         3242    .ARM.Collect$$$$00000010  mc_w.l(entry10b.o)
    0x080001b4   0x080001b4   0x00000000   Code   RO         3243    .ARM.Collect$$$$00000011  mc_w.l(entry11a.o)
    0x080001b4   0x080001b4   0x00000004   Code   RO         3232    .ARM.Collect$$$$00002712  mc_w.l(entry2.o)
    0x080001b8   0x080001b8   0x000000ec   Code   RO            3    .text               main.o
    0x080002a4   0x080002a4   0x00000024   Code   RO         1993    .text               startup_stm32f401xe.o
    0x080002c8   0x080002c8   0x00000020   Code   RO         2887    .text               mc_w.l(initio_oe.o)
    0x080002e8   0x080002e8   0x00000028   Code   RO         2893    .text               mc_w.l(fputc_fp.o)
    0x08000310   0x08000310   0x00000040   Code   RO         2909    .text               mc_w.l(memmovea.o)
    0x08000350   0x08000350   0x00000024   Code   RO         2911    .text               mc_w.l(memseta.o)
    0x08000374   0x08000374   0x0000000e   Code   RO         2915    .text               mc_w.l(strlen.o)
    0x08000382   0x08000382   0x0000001c   Code   RO         2917    .text               mc_w.l(strcmp.o)
    0x0800039e   0x0800039e   0x0000001e   Code   RO         2919    .text               mc_w.l(strncmp.o)
    0x080003bc   0x080003bc   0x00000038   Code   RO         3186    .text               mc_w.l(__0sscanf.o)
    0x080003f4   0x080003f4   0x0000014c   Code   RO         3188    .text               mc_w.l(_scanf_int.o)
    0x08000540   0x08000540   0x00000020   Code   RO         3193    .text               mc_w.l(cpp_init.o)
    0x08000560   0x08000560   0x0000002e   Code   RO         3195    .text               mc_w.l(aeabi_atexit.o)
    0x0800058e   0x0800058e   0x00000026   Code   RO         3197    .text               mf_w.l(f2d.o)
    0x080005b4   0x080005b4   0x0000002c   Code   RO         3252    .text               mc_w.l(uidiv.o)
    0x080005e0   0x080005e0   0x00000062   Code   RO         3254    .text               mc_w.l(uldiv.o)
    0x08000642   0x08000642   0x0000001c   Code   RO         3284    .text               mc_w.l(_chval.o)
    0x0800065e   0x0800065e   0x00000002   PAD
    0x08000660   0x08000660   0x00000028   Code   RO         3294    .text               mc_w.l(scanf_char.o)
    0x08000688   0x08000688   0x00000040   Code   RO         3296    .text               mc_w.l(_sgetc.o)
    0x080006c8   0x080006c8   0x00000000   Code   RO         3300    .text               mc_w.l(iusefp.o)
    0x080006c8   0x080006c8   0x00000008   Code   RO         3303    .text               mc_w.l(cpp_dtor.o)
    0x080006d0   0x080006d0   0x00000002   Code   RO         3309    .text               mc_w.l(cpp_signal.o)
    0x080006d2   0x080006d2   0x00000042   Code   RO         3311    .text               mc_w.l(cxa_finalize.o)
    0x08000714   0x08000714   0x0000014e   Code   RO         3313    .text               mf_w.l(dadd.o)
    0x08000862   0x08000862   0x000000e4   Code   RO         3315    .text               mf_w.l(dmul.o)
    0x08000946   0x08000946   0x000000de   Code   RO         3317    .text               mf_w.l(ddiv.o)
    0x08000a24   0x08000a24   0x00000030   Code   RO         3319    .text               mf_w.l(dfixul.o)
    0x08000a54   0x08000a54   0x00000030   Code   RO         3321    .text               mf_w.l(cdrcmple.o)
    0x08000a84   0x08000a84   0x00000024   Code   RO         3352    .text               mc_w.l(init.o)
    0x08000aa8   0x08000aa8   0x0000001e   Code   RO         3354    .text               mc_w.l(llshl.o)
    0x08000ac6   0x08000ac6   0x00000020   Code   RO         3356    .text               mc_w.l(llushr.o)
    0x08000ae6   0x08000ae6   0x00000024   Code   RO         3358    .text               mc_w.l(llsshr.o)
    0x08000b0a   0x08000b0a   0x0000000a   Code   RO         3360    .text               mc_w.l(isspace_c.o)
    0x08000b14   0x08000b14   0x00000330   Code   RO         3368    .text               mc_w.l(_scanf.o)
    0x08000e44   0x08000e44   0x00000002   Code   RO         3371    .text               mc_w.l(cpp_final.o)
    0x08000e46   0x08000e46   0x000000ba   Code   RO         3373    .text               mf_w.l(depilogue.o)
    0x08000f00   0x08000f00   0x00000028   Code   RO         3392    .text               mc_w.l(ctype_c.o)
    0x08000f28   0x08000f28   0x00000012   Code   RO         2011    i.$Sub$$main        retarget.o
    0x08000f3a   0x08000f3a   0x00000006   Code   RO         2462    i.<Func1>           mbed.ar(SerialBase.o)
    0x08000f40   0x08000f40   0x00000248   Code   RO         1685    i.HAL_GPIO_Init     stm32f4xx_hal_gpio.o
    0x08001188   0x08001188   0x0000000c   Code   RO         1644    i.HAL_GetTick       stm32f4xx_hal.o
    0x08001194   0x08001194   0x000000fc   Code   RO          708    i.HAL_I2C_Init      stm32f4xx_hal_i2c.o
    0x08001290   0x08001290   0x00000002   Code   RO          727    i.HAL_I2C_MspInit   stm32f4xx_hal_i2c.o
    0x08001292   0x08001292   0x00000002   PAD
    0x08001294   0x08001294   0x00000010   Code   RO         1645    i.HAL_IncTick       stm32f4xx_hal.o
    0x080012a4   0x080012a4   0x00000034   Code   RO         1646    i.HAL_Init          stm32f4xx_hal.o
    0x080012d8   0x080012d8   0x000000a8   Code   RO          457    i.HAL_InitTick      hal_tick.o
    0x08001380   0x08001380   0x00000002   Code   RO         1649    i.HAL_MspInit       stm32f4xx_hal.o
    0x08001382   0x08001382   0x00000002   PAD
    0x08001384   0x08001384   0x00000024   Code   RO          851    i.HAL_NVIC_SetPriorityGrouping  stm32f4xx_hal_cortex.o
    0x080013a8   0x080013a8   0x00000200   Code   RO          906    i.HAL_RCC_ClockConfig  stm32f4xx_hal_rcc.o
    0x080015a8   0x080015a8   0x000000c0   Code   RO          911    i.HAL_RCC_GetHCLKFreq  stm32f4xx_hal_rcc.o
    0x08001668   0x08001668   0x0000002c   Code   RO          913    i.HAL_RCC_GetPCLK1Freq  stm32f4xx_hal_rcc.o
    0x08001694   0x08001694   0x0000002c   Code   RO          914    i.HAL_RCC_GetPCLK2Freq  stm32f4xx_hal_rcc.o
    0x080016c0   0x080016c0   0x000003b4   Code   RO          918    i.HAL_RCC_OscConfig  stm32f4xx_hal_rcc.o
    0x08001a74   0x08001a74   0x00000032   Code   RO          990    i.HAL_TIM_OC_Init   stm32f4xx_hal_tim.o
    0x08001aa6   0x08001aa6   0x00000002   Code   RO          992    i.HAL_TIM_OC_MspInit  stm32f4xx_hal_tim.o
    0x08001aa8   0x08001aa8   0x00000036   Code   RO          993    i.HAL_TIM_OC_Start  stm32f4xx_hal_tim.o
    0x08001ade   0x08001ade   0x0000005e   Code   RO         1860    i.HAL_UART_Init     stm32f4xx_hal_uart.o
    0x08001b3c   0x08001b3c   0x00000002   Code   RO         1862    i.HAL_UART_MspInit  stm32f4xx_hal_uart.o
    0x08001b3e   0x08001b3e   0x00000002   PAD
    0x08001b40   0x08001b40   0x0000006c   Code   RO          801    i.NVIC_SetVector    cmsis_nvic.o
    0x08001bac   0x08001bac   0x0000007c   Code   RO         1767    i.SetSysClock_PLL_HSE  system_stm32f4xx.o
    0x08001c28   0x08001c28   0x00000074   Code   RO         2605    i.Set_GPIO_Clock    mbed.ar(pinmap.o)
    0x08001c9c   0x08001c9c   0x00000084   Code   RO         1769    i.SystemCoreClockUpdate  system_stm32f4xx.o
    0x08001d20   0x08001d20   0x00000100   Code   RO         1770    i.SystemInit        system_stm32f4xx.o
    0x08001e20   0x08001e20   0x00000094   Code   RO         1026    i.TIM_Base_SetConfig  stm32f4xx_hal_tim.o
    0x08001eb4   0x08001eb4   0x00000218   Code   RO         1878    i.UART_SetConfig    stm32f4xx_hal_uart.o
    0x080020cc   0x080020cc   0x00000030   Code   RO         2013    i._ZN4mbed10FileHandleD2Ev  retarget.o
    0x080020fc   0x080020fc   0x0000000e   Code   RO         2464    i._ZN4mbed10SerialBase10_base_putcEi  mbed.ar(SerialBase.o)
    0x0800210a   0x0800210a   0x0000000e   Code   RO         2466    i._ZN4mbed10SerialBase12_irq_handlerEj9SerialIrq  mbed.ar(SerialBase.o)
    0x08002118   0x08002118   0x00000010   Code   RO         2467    i._ZN4mbed10SerialBase4baudEi  mbed.ar(SerialBase.o)
    0x08002128   0x08002128   0x00000054   Code   RO         2472    i._ZN4mbed10SerialBaseC1E7PinNameS1_  mbed.ar(SerialBase.o)
    0x0800217c   0x0800217c   0x00000018   Code   RO         2701    i._ZN4mbed15FunctionPointer4callEv  mbed.ar(FunctionPointer.o)
    0x08002194   0x08002194   0x0000000a   Code   RO         2703    i._ZN4mbed15FunctionPointerC1EPFvvE  mbed.ar(FunctionPointer.o)
    0x0800219e   0x0800219e   0x00000002   PAD
    0x080021a0   0x080021a0   0x00000048   Code   RO         2387    i._ZN4mbed3I2C4readEiPcib  mbed.ar(I2C.o)
    0x080021e8   0x080021e8   0x00000048   Code   RO         2391    i._ZN4mbed3I2C5writeEiPKcib  mbed.ar(I2C.o)
    0x08002230   0x08002230   0x00000024   Code   RO         2394    i._ZN4mbed3I2CC1E7PinNameS1_  mbed.ar(I2C.o)
    0x08002254   0x08002254   0x00000024   Code   RO         2420    i._ZN4mbed6SerialC1E7PinNameS1_PKc  mbed.ar(Serial.o)
    0x08002278   0x08002278   0x0000000c   Code   RO         2438    i._ZN4mbed6SerialD1Ev  mbed.ar(Serial.o)
    0x08002284   0x08002284   0x00000004   Code   RO         2513    i._ZN4mbed6Stream5closeEv  mbed.ar(Stream.o)
    0x08002288   0x08002288   0x00000004   Code   RO         2515    i._ZN4mbed6Stream5lseekEli  mbed.ar(Stream.o)
    0x0800228c   0x0800228c   0x0000002a   Code   RO         2517    i._ZN4mbed6Stream5writeEPKvj  mbed.ar(Stream.o)
    0x080022b6   0x080022b6   0x0000001e   Code   RO         2519    i._ZN4mbed6Stream6printfEPKcz  mbed.ar(Stream.o)
    0x080022d4   0x080022d4   0x00000044   Code   RO         2520    i._ZN4mbed6StreamC2EPKc  mbed.ar(Stream.o)
    0x08002318   0x08002318   0x00000020   Code   RO         2522    i._ZN4mbed6StreamD2Ev  mbed.ar(Stream.o)
    0x08002338   0x08002338   0x00000004   Code   RO         2650    i._ZN4mbed8FileBase11getPathTypeEv  mbed.ar(FileBase.o)
    0x0800233c   0x0800233c   0x00000038   Code   RO         2652    i._ZN4mbed8FileBase6lookupEPKcj  mbed.ar(FileBase.o)
    0x08002374   0x08002374   0x00000024   Code   RO         2654    i._ZN4mbed8FileBaseC1EPKcNS_8PathTypeE  mbed.ar(FileBase.o)
    0x08002398   0x08002398   0x00000038   Code   RO         2656    i._ZN4mbed8FileBaseD1Ev  mbed.ar(FileBase.o)
    0x080023d0   0x080023d0   0x00000024   Code   RO         2680    i._ZN4mbed8FileLikeC2EPKc  mbed.ar(FileLike.o)
    0x080023f4   0x080023f4   0x00000012   Code   RO         2682    i._ZN4mbed8FileLikeD2Ev  mbed.ar(FileLike.o)
    0x08002406   0x08002406   0x00000018   Code   RO         2301    i._ZN4mbed8FilePath10fileSystemEv  mbed.ar(FilePath.o)
    0x0800241e   0x0800241e   0x0000001c   Code   RO         2303    i._ZN4mbed8FilePath4fileEv  mbed.ar(FilePath.o)
    0x0800243a   0x0800243a   0x0000000a   Code   RO         2304    i._ZN4mbed8FilePath6existsEv  mbed.ar(FilePath.o)
    0x08002444   0x08002444   0x00000018   Code   RO         2305    i._ZN4mbed8FilePath6isFileEv  mbed.ar(FilePath.o)
    0x0800245c   0x0800245c   0x00000004   Code   RO         2306    i._ZN4mbed8FilePath8fileNameEv  mbed.ar(FilePath.o)
    0x08002460   0x08002460   0x00000040   Code   RO         2307    i._ZN4mbed8FilePathC1EPKc  mbed.ar(FilePath.o)
    0x080024a0   0x080024a0   0x00000006   Code   RO         2422    i._ZThn92_N4mbed6Serial5_putcEi  mbed.ar(Serial.o)
    0x080024a6   0x080024a6   0x00000002   PAD
    0x080024a8   0x080024a8   0x0000001c   Code   RO         3155    i.__0fprintf        mc_w.l(printfa.o)
    0x080024c4   0x080024c4   0x00000028   Code   RO         3158    i.__0sprintf        mc_w.l(printfa.o)
    0x080024ec   0x080024ec   0x00000018   Code   RO         3159    i.__0vfprintf       mc_w.l(printfa.o)
    0x08002504   0x08002504   0x00000024   Code   RO         2838    i.__aeabi_vec_ctor_nocookie_nodtor  cpprt_w.l(aeabi_vec_ctor_nocookie_nodtor.o)
    0x08002528   0x08002528   0x00000006   Code   RO         2729    i.__cxa_pure_virtual  cpprt_w.l(pure_virt.o)
    0x0800252e   0x0800252e   0x0000000e   Code   RO         3402    i.__scatterload_copy  mc_w.l(handlers.o)
    0x0800253c   0x0800253c   0x00000002   Code   RO         3403    i.__scatterload_null  mc_w.l(handlers.o)
    0x0800253e   0x0800253e   0x0000000e   Code   RO         3404    i.__scatterload_zeroinit  mc_w.l(handlers.o)
    0x0800254c   0x0800254c   0x0000001e   Code   RO         2883    i._fclose$full      mc_w.l(fclose_f.o)
    0x0800256a   0x0800256a   0x00000018   Code   RO         2885    i._fflush$full      mc_w.l(fflush_f.o)
    0x08002582   0x08002582   0x00000034   Code   RO         2879    i._fopen$full       mc_w.l(fopen_f.o)
    0x080025b6   0x080025b6   0x00000002   PAD
    0x080025b8   0x080025b8   0x00000184   Code   RO         3163    i._fp_digits        mc_w.l(printfa.o)
    0x0800273c   0x0800273c   0x0000005e   Code   RO         2880    i._freopen$full     mc_w.l(fopen_f.o)
    0x0800279a   0x0800279a   0x00000002   PAD
    0x0800279c   0x0800279c   0x000006b4   Code   RO         3164    i._printf_core      mc_w.l(printfa.o)
    0x08002e50   0x08002e50   0x00000024   Code   RO         3165    i._printf_post_padding  mc_w.l(printfa.o)
    0x08002e74   0x08002e74   0x0000002e   Code   RO         3166    i._printf_pre_padding  mc_w.l(printfa.o)
    0x08002ea2   0x08002ea2   0x0000000a   Code   RO         3168    i._sputc            mc_w.l(printfa.o)
    0x08002eac   0x08002eac   0x0000002c   Code   RO         2014    i._sys_close        retarget.o
    0x08002ed8   0x08002ed8   0x000000e4   Code   RO         2019    i._sys_open         retarget.o
    0x08002fbc   0x08002fbc   0x00000028   Code   RO         2021    i._sys_seek         retarget.o
    0x08002fe4   0x08002fe4   0x00000060   Code   RO         2022    i._sys_write        retarget.o
    0x08003044   0x08003044   0x00000018   Code   RO         2712    i.error             mbed.ar(error.o)
    0x0800305c   0x0800305c   0x00000020   Code   RO         2718    i.exit              mbed.ar(exit.o)
    0x0800307c   0x0800307c   0x00000050   Code   RO         3256    i.free              mc_w.l(malloc.o)
    0x080030cc   0x080030cc   0x0000005c   Code   RO         2573    i.i2c_frequency     mbed.ar(i2c_api.o)
    0x08003128   0x08003128   0x00000144   Code   RO         2574    i.i2c_init          mbed.ar(i2c_api.o)
    0x0800326c   0x0800326c   0x0000012c   Code   RO         2575    i.i2c_read          mbed.ar(i2c_api.o)
    0x08003398   0x08003398   0x00000110   Code   RO         2584    i.i2c_write         mbed.ar(i2c_api.o)
    0x080034a8   0x080034a8   0x0000006c   Code   RO         3257    i.malloc            mc_w.l(malloc.o)
    0x08003514   0x08003514   0x00000050   Code   RO         2632    i.mbed_assert_internal  mbed.ar(assert.o)
    0x08003564   0x08003564   0x00000010   Code   RO         1997    i.mbed_die          board.o
    0x08003574   0x08003574   0x00000002   Code   RO         2024    i.mbed_main         retarget.o
    0x08003576   0x08003576   0x0000000e   Code   RO         1736    i.mbed_sdk_init     mbed_overrides.o
    0x08003584   0x08003584   0x0000006c   Code   RO         2606    i.pin_function      mbed.ar(pinmap.o)
    0x080035f0   0x080035f0   0x00000058   Code   RO         2607    i.pin_mode          mbed.ar(pinmap.o)
    0x08003648   0x08003648   0x00000038   Code   RO         2639    i.pinmap_merge      mbed.ar(pinmap_common.o)
    0x08003680   0x08003680   0x0000005c   Code   RO         2640    i.pinmap_peripheral  mbed.ar(pinmap_common.o)
    0x080036dc   0x080036dc   0x00000058   Code   RO         2641    i.pinmap_pinout     mbed.ar(pinmap_common.o)
    0x08003734   0x08003734   0x00000044   Code   RO         2241    i.serial_baud       mbed.ar(serial_api.o)
    0x08003778   0x08003778   0x00000160   Code   RO         2248    i.serial_init       mbed.ar(serial_api.o)
    0x080038d8   0x080038d8   0x00000018   Code   RO         2249    i.serial_irq_handler  mbed.ar(serial_api.o)
    0x080038f0   0x080038f0   0x00000024   Code   RO         2252    i.serial_putc       mbed.ar(serial_api.o)
    0x08003914   0x08003914   0x00000058   Code   RO          458    i.timer_irq_handler  hal_tick.o
    0x0800396c   0x0800396c   0x00000014   Code   RO         2616    i.us_ticker_clear_interrupt  mbed.ar(us_ticker.o)
    0x08003980   0x08003980   0x00000014   Code   RO         2617    i.us_ticker_disable_interrupt  mbed.ar(us_ticker.o)
    0x08003994   0x08003994   0x00000040   Code   RO         2283    i.us_ticker_irq_handler  mbed.ar(us_ticker_api.o)
    0x080039d4   0x080039d4   0x00000030   Code   RO         2619    i.us_ticker_read    mbed.ar(us_ticker.o)
    0x08003a04   0x08003a04   0x00000014   Code   RO         2620    i.us_ticker_set_interrupt  mbed.ar(us_ticker.o)
    0x08003a18   0x08003a18   0x0000001c   Code   RO         2294    i.wait_ms           mbed.ar(wait_api.o)
    0x08003a34   0x08003a34   0x00000010   Data   RO          919    .constdata          stm32f4xx_hal_rcc.o
    0x08003a44   0x08003a44   0x00000010   Data   RO         1771    .constdata          system_stm32f4xx.o
    0x08003a54   0x08003a54   0x000000ec   Data   RO         2259    .constdata          mbed.ar(serial_api.o)
    0x08003b40   0x08003b40   0x000000fc   Data   RO         2586    .constdata          mbed.ar(i2c_api.o)
    0x08003c3c   0x08003c3c   0x000000ac   Data   RO         2608    .constdata          mbed.ar(pinmap.o)
    0x08003ce8   0x08003ce8   0x00000040   Data   RO         3393    .constdata          mc_w.l(ctype_c.o)
    0x08003d28   0x08003d28   0x0000002c   Data   RO         2110    .constdata__ZTVN4mbed10FileHandleE  retarget.o
    0x08003d54   0x08003d54   0x00000010   Data   RO         2498    .constdata__ZTVN4mbed10SerialBaseE  mbed.ar(SerialBase.o)
    0x08003d64   0x08003d64   0x0000005c   Data   RO         2436    .constdata__ZTVN4mbed6SerialE  mbed.ar(Serial.o)
    0x08003dc0   0x08003dc0   0x00000044   Data   RO         2566    .constdata__ZTVN4mbed6StreamE  mbed.ar(Stream.o)
    0x08003e04   0x08003e04   0x00000010   Data   RO         2675    .constdata__ZTVN4mbed8FileBaseE  mbed.ar(FileBase.o)
    0x08003e14   0x08003e14   0x0000003c   Data   RO         2698    .constdata__ZTVN4mbed8FileLikeE  mbed.ar(FileLike.o)
    0x08003e50   0x08003e50   0x00000020   Data   RO         3401    Region$$Table       anon$$obj.o
    0x08003e70   0x08003e70   0x00000004   Data   RO            7    .init_array         main.o
    0x08003e74   0x08003e70   0x00000000   Data   RO         3191    .init_array         mc_w.l(cpp_init.o)


    Execution Region RW_IRAM1 (Exec base: 0x20000194, Load base: 0x08003e74, Size: 0x0000063c, Max: 0x00017e6c, ABSOLUTE)

    Exec Addr    Load Addr    Size         Type   Attr      Idx    E Section Name        Object

    0x20000194   0x08003e74   0x00000004   Data   RW            6    .data               main.o
    0x20000198   0x08003e78   0x00000004   Data   RW          460    .data               hal_tick.o
    0x2000019c   0x08003e7c   0x00000004   Data   RW         1652    .data               stm32f4xx_hal.o
    0x200001a0   0x08003e80   0x00000004   Data   RW         1772    .data               system_stm32f4xx.o
    0x200001a4   0x08003e84   0x00000004   Data   RW         2065    .data               retarget.o
    0x200001a8   0x08003e88   0x00000008   Data   RW         2260    .data               mbed.ar(serial_api.o)
    0x200001b0   0x08003e90   0x00000008   Data   RW         2286    .data               mbed.ar(us_ticker_api.o)
    0x200001b8   0x08003e98   0x00000004   Data   RW         2404    .data               mbed.ar(I2C.o)
    0x200001bc   0x08003e9c   0x00000004   Data   RW         2622    .data               mbed.ar(us_ticker.o)
    0x200001c0   0x08003ea0   0x00000004   Data   RW         2664    .data               mbed.ar(FileBase.o)
    0x200001c4   0x08003ea4   0x00000004   Data   RW         3304    .data               mc_w.l(cpp_dtor.o)
    0x200001c8   0x08003ea8   0x00000004   Data   RW         3366    .data               mc_w.l(mvars.o)
    0x200001cc   0x08003eac   0x00000004   Data   RW         3367    .data               mc_w.l(mvars.o)
    0x200001d0        -       0x00000080   Zero   RW            5    .bss                main.o
    0x20000250        -       0x0000003c   Zero   RW          459    .bss                hal_tick.o
    0x2000028c        -       0x00000040   Zero   RW         2061    .bss                retarget.o
    0x200002cc        -       0x00000064   Zero   RW         2258    .bss                mbed.ar(serial_api.o)
    0x20000330        -       0x00000038   Zero   RW         2585    .bss                mbed.ar(i2c_api.o)
    0x20000368        -       0x0000003c   Zero   RW         2621    .bss                mbed.ar(us_ticker.o)
    0x200003a4        -       0x00000014   Zero   RW         2907    .bss                mc_w.l(stdout_f.o)
    0x200003b8        -       0x00000014   Zero   RW         2908    .bss                mc_w.l(stderr_f.o)
    0x200003cc   0x08003eb0   0x00000004   PAD
    0x200003d0        -       0x00000400   Zero   RW         1991    HEAP                startup_stm32f401xe.o


==============================================================================

Image component sizes


      Code (inc. data)   RO Data    RW Data    ZI Data      Debug   Object Name

        16          0          0          0          0        120   board.o
       108          6          0          0          0        132   cmsis_nvic.o
       256         46          0          4         60        252   hal_tick.o
       236         58          4          4        128     325657   main.o
        14          0          0          0          0        128   mbed_overrides.o
       476         48         44          4         64        884   retarget.o
        36          8        404          0       1024        276   startup_stm32f401xe.o
        82         16          0          4          0        472   stm32f4xx_hal.o
        36          6          0          0          0        116   stm32f4xx_hal_cortex.o
       584         24          0          0          0        140   stm32f4xx_hal_gpio.o
       254          8          0          0          0        240   stm32f4xx_hal_i2c.o
      1740         82         16          0          0        656   stm32f4xx_hal_rcc.o
       254         16          0          0          0        488   stm32f4xx_hal_tim.o
       632         14          0          0          0        372   stm32f4xx_hal_uart.o
       512         74         16          4          0        400   system_stm32f4xx.o

    ----------------------------------------------------------------------
      5242        406        516         20       1276     330333   Object Totals
         0          0         32          0          0          0   (incl. Generated)
         6          0          0          0          0          0   (incl. Padding)

    ----------------------------------------------------------------------

      Code (inc. data)   RO Data    RW Data    ZI Data      Debug   Library Member Name

        36          0          0          0          0         84   aeabi_vec_ctor_nocookie_nodtor.o
         6          0          0          0          0         68   pure_virt.o
       152         24         16          4          0        476   FileBase.o
        54         10         60          0          0        252   FileLike.o
       154          0          0          0          0        728   FilePath.o
        34          0          0          0          0        232   FunctionPointer.o
       180         16          0          4          0        396   I2C.o
        54          4         92          0          0        364   Serial.o
       134         12         16          0          0        612   SerialBase.o
       180         18         68          0          0        760   Stream.o
        80         56          0          0          0        128   assert.o
        24          4          0          0          0        128   error.o
        32          8          0          0          0        120   exit.o
       988         86        252          0         56        596   i2c_api.o
       312         94        172          0          0        388   pinmap.o
       236         78          0          0          0        384   pinmap_common.o
       480         86        236          8        100        484   serial_api.o
       108         34          0          4         60        472   us_ticker.o
        64          4          0          8          0        136   us_ticker_api.o
        28          0          0          0          0        128   wait_api.o
        56          8          0          0          0         84   __0sscanf.o
        28          0          0          0          0         68   _chval.o
       816          6          0          0          0        112   _scanf.o
       332          0          0          0          0         96   _scanf_int.o
        64          0          0          0          0         84   _sgetc.o
        46          0          0          0          0         84   aeabi_atexit.o
         8          4          0          4          0         68   cpp_dtor.o
         2          0          0          0          0         68   cpp_final.o
        32         10          0          0          0         80   cpp_init.o
         2          0          0          0          0         68   cpp_signal.o
        40          6         64          0          0         68   ctype_c.o
        66          0          0          0          0         84   cxa_finalize.o
         0          0          0          0          0          0   entry.o
         0          0          0          0          0          0   entry10a.o
         4          0          0          0          0          0   entry10b.o
         0          0          0          0          0          0   entry11a.o
         4          0          0          0          0          0   entry12b.o
         8          4          0          0          0          0   entry2.o
         4          0          0          0          0          0   entry5.o
         4          0          0          0          0          0   entry6b.o
         0          0          0          0          0          0   entry7b.o
         4          0          0          0          0          0   entry8a.o
         0          0          0          0          0          0   entry8b.o
         8          4          0          0          0          0   entry9a.o
        30          0          0          0          0         76   fclose_f.o
        24          0          0          0          0         76   fflush_f.o
       146          0          0          0          0        160   fopen_f.o
        40          0          0          0          0         80   fputc_fp.o
        30          0          0          0          0          0   handlers.o
        36          8          0          0          0         68   init.o
        32         12          0          0          0         72   initio_oe.o
        10          0          0          0          0         68   isspace_c.o
         0          0          0          0          0          0   iusefp.o
        30          0          0          0          0         68   llshl.o
        36          0          0          0          0         68   llsshr.o
        32          0          0          0          0         68   llushr.o
       188         20          0          0          0        160   malloc.o
        64          0          0          0          0         76   memmovea.o
        36          0          0          0          0        108   memseta.o
         0          0          0          8          0          0   mvars.o
      2288         96          0          0          0        696   printfa.o
        40          8          0          0          0         84   scanf_char.o
         0          0          0          0         20          0   stderr_f.o
         0          0          0          0         20          0   stdout_f.o
        28          0          0          0          0         76   strcmp.o
        14          0          0          0          0         68   strlen.o
        30          0          0          0          0         80   strncmp.o
        44          0          0          0          0         80   uidiv.o
        98          0          0          0          0         92   uldiv.o
        48          0          0          0          0         68   cdrcmple.o
       334          0          0          0          0        148   dadd.o
       222          0          0          0          0        100   ddiv.o
       186          0          0          0          0        176   depilogue.o
        48          0          0          0          0         68   dfixul.o
       228          0          0          0          0         96   dmul.o
        38          0          0          0          0         68   f2d.o

    ----------------------------------------------------------------------
      9254        720        976         40        260      10948   Library Totals
        10          0          0          0          4          0   (incl. Padding)

    ----------------------------------------------------------------------

      Code (inc. data)   RO Data    RW Data    ZI Data      Debug   Library Name

        42          0          0          0          0        152   cpprt_w.l
      3294        534        912         28        216       6784   mbed.ar
      4804        186         64         12         40       3288   mc_w.l
      1104          0          0          0          0        724   mf_w.l

    ----------------------------------------------------------------------
      9254        720        976         40        260      10948   Library Totals

    ----------------------------------------------------------------------

==============================================================================


      Code (inc. data)   RO Data    RW Data    ZI Data      Debug   

     14496       1126       1492         60       1536     330745   Grand Totals
     14496       1126       1492         60       1536     330745   ELF Image Totals
     14496       1126       1492         60          0          0   ROM Totals

==============================================================================

    Total RO  Size (Code + RO Data)                15988 (  15.61kB)
    Total RW  Size (RW Data + ZI Data)              1596 (   1.56kB)
    Total ROM Size (Code + RO Data + RW Data)      16048 (  15.67kB)

==============================================================================

