Component: ARM Compiler 5.06 update 7 (build 960) Tool: armlink [4d3601]

==============================================================================

Section Cross References

    main.o(i.main) refers to main.o(.emb_text) for my_sqrt_int
    main.o(i.main) refers to assert.o(.text) for __aeabi_assert
    adc.o(i._ADC_ConfigChannel) refers to system_stm32f4xx.o(.data) for SystemCoreClock
    adc.o(i._ADC_Init) refers to adc.o(i.local_ADC_Init) for local_ADC_Init
    adc.o(i._ADC_Start) refers to system_stm32f4xx.o(.data) for SystemCoreClock
    adc.o(i._adc_read) refers to adc.o(i._ADC_ConfigChannel) for _ADC_ConfigChannel
    adc.o(i._adc_read) refers to adc.o(i._ADC_Start) for _ADC_Start
    adc.o(i._adc_read) refers to adc.o(i._ADC_PollForConversion) for _ADC_PollForConversion
    adc.o(i._adc_read) refers to adc.o(i._ADC_GetValue) for _ADC_GetValue
    adc.o(i._adc_read) refers to adc.o(.bss) for .bss
    adc.o(i.adc_init) refers to h1_alloc.o(.text) for malloc
    adc.o(i.adc_init) refers to adc.o(i.analogin_init) for analogin_init
    adc.o(i.adc_init) refers to adc.o(.data) for .data
    adc.o(i.adc_read) refers to adc.o(i._adc_read) for _adc_read
    adc.o(i.adc_read) refers to adc.o(.data) for .data
    adc.o(i.analogin_init) refers to adc.o(i.pinmap_peripheral) for pinmap_peripheral
    adc.o(i.analogin_init) refers to adc.o(i.pinmap_function) for pinmap_function
    adc.o(i.analogin_init) refers to adc.o(i.pinmap_pinout) for pinmap_pinout
    adc.o(i.analogin_init) refers to adc.o(i._ADC_Init) for _ADC_Init
    adc.o(i.analogin_init) refers to adc.o(.data) for .data
    adc.o(i.analogin_init) refers to adc.o(.bss) for .bss
    adc.o(i.pin_function) refers to adc.o(i._GPIO_Init) for _GPIO_Init
    adc.o(i.pin_function) refers to adc.o(.constdata) for .constdata
    adc.o(i.pinmap_find_function) refers to adc.o(.constdata) for .constdata
    adc.o(i.pinmap_find_peripheral) refers to adc.o(.constdata) for .constdata
    adc.o(i.pinmap_function) refers to adc.o(i.pinmap_find_function) for pinmap_find_function
    adc.o(i.pinmap_peripheral) refers to adc.o(i.pinmap_find_peripheral) for pinmap_find_peripheral
    adc.o(i.pinmap_pinout) refers to adc.o(i.pin_function) for pin_function
    adc.o(i.pinmap_pinout) refers to adc.o(.constdata) for .constdata
    comparator.o(i.comparator_init) refers to adc.o(i.adc_init) for adc_init
    comparator.o(i.comparator_read) refers to adc.o(i.adc_read) for adc_read
    gpio.o(i.EXTI0_IRQHandler) refers to gpio.o(i.__NVIC_ClearPendingIRQ) for __NVIC_ClearPendingIRQ
    gpio.o(i.EXTI0_IRQHandler) refers to gpio.o(.data) for .data
    gpio.o(i.EXTI15_10_IRQHandler) refers to gpio.o(i.__NVIC_ClearPendingIRQ) for __NVIC_ClearPendingIRQ
    gpio.o(i.EXTI15_10_IRQHandler) refers to gpio.o(.data) for .data
    gpio.o(i.EXTI1_IRQHandler) refers to gpio.o(i.__NVIC_ClearPendingIRQ) for __NVIC_ClearPendingIRQ
    gpio.o(i.EXTI1_IRQHandler) refers to gpio.o(.data) for .data
    gpio.o(i.EXTI2_IRQHandler) refers to gpio.o(i.__NVIC_ClearPendingIRQ) for __NVIC_ClearPendingIRQ
    gpio.o(i.EXTI2_IRQHandler) refers to gpio.o(.data) for .data
    gpio.o(i.EXTI3_IRQHandler) refers to gpio.o(i.__NVIC_ClearPendingIRQ) for __NVIC_ClearPendingIRQ
    gpio.o(i.EXTI3_IRQHandler) refers to gpio.o(.data) for .data
    gpio.o(i.EXTI4_IRQHandler) refers to gpio.o(i.__NVIC_ClearPendingIRQ) for __NVIC_ClearPendingIRQ
    gpio.o(i.EXTI4_IRQHandler) refers to gpio.o(.data) for .data
    gpio.o(i.EXTI9_5_IRQHandler) refers to gpio.o(i.__NVIC_ClearPendingIRQ) for __NVIC_ClearPendingIRQ
    gpio.o(i.EXTI9_5_IRQHandler) refers to gpio.o(.data) for .data
    gpio.o(i.gpio_set_callback) refers to gpio.o(i.__NVIC_GetPriorityGrouping) for __NVIC_GetPriorityGrouping
    gpio.o(i.gpio_set_callback) refers to gpio.o(i.NVIC_EncodePriority) for NVIC_EncodePriority
    gpio.o(i.gpio_set_callback) refers to gpio.o(i.__NVIC_SetPriority) for __NVIC_SetPriority
    gpio.o(i.gpio_set_callback) refers to gpio.o(i.__NVIC_EnableIRQ) for __NVIC_EnableIRQ
    gpio.o(i.gpio_set_callback) refers to gpio.o(.data) for .data
    gpio.o(i.gpio_toggle) refers to gpio.o(i.gpio_get) for gpio_get
    gpio.o(i.gpio_toggle) refers to gpio.o(i.gpio_set) for gpio_set
    i2c.o(i.i2c_init) refers to stm32f4xx_rcc.o(i.RCC_APB1PeriphClockCmd) for RCC_APB1PeriphClockCmd
    i2c.o(i.i2c_init) refers to stm32f4xx_rcc.o(i.RCC_AHB1PeriphClockCmd) for RCC_AHB1PeriphClockCmd
    i2c.o(i.i2c_init) refers to stm32f4xx_gpio.o(i.GPIO_Init) for GPIO_Init
    i2c.o(i.i2c_init) refers to stm32f4xx_gpio.o(i.GPIO_PinAFConfig) for GPIO_PinAFConfig
    i2c.o(i.i2c_init) refers to stm32f4xx_i2c.o(i.I2C_Init) for I2C_Init
    i2c.o(i.i2c_init) refers to stm32f4xx_i2c.o(i.I2C_Cmd) for I2C_Cmd
    i2c.o(i.i2c_read) refers to stm32f4xx_i2c.o(i.I2C_GenerateSTART) for I2C_GenerateSTART
    i2c.o(i.i2c_read) refers to stm32f4xx_i2c.o(i.I2C_CheckEvent) for I2C_CheckEvent
[...]
    heap2.o(i.___Heap_Stats$realtime) refers to heap2.o(i._Heap2_StatsIterate) for _Heap2_StatsIterate
    heap2.o(i.___Heap_Valid$realtime) refers to heap2.o(i._FDIterate) for _FDIterate
    heap2.o(i.___Heap_Valid$realtime) refers to heap2.o(.conststring) for .conststring
    heap2.o(i._free$realtime) refers to rt_heap_descriptor_intlibspace.o(.text) for __rt_heap_descriptor
    heap2.o(i._free$realtime) refers to fdtree.o(i._FDTree_Delete) for _FDTree_Delete
    heap2.o(i._free$realtime) refers to fdtree.o(i._FDTree_Insert) for _FDTree_Insert
    heap2.o(i._malloc$realtime) refers to rt_heap_descriptor_intlibspace.o(.text) for __rt_heap_descriptor
    heap2.o(i._malloc$realtime) refers to fdtree.o(i._FDTree_FindFirst) for _FDTree_FindFirst
    heap2.o(i._malloc$realtime) refers to init_alloc.o(.text) for __Heap_Full
    heap2.o(i._malloc$realtime) refers to fdtree.o(i._FDTree_RemoveNode) for _FDTree_RemoveNode
    heap2.o(i._malloc$realtime) refers to fdtree.o(i._FDTree_Insert) for _FDTree_Insert
    heap2.o(i._posix_memalign$realtime) refers to rt_heap_descriptor_intlibspace.o(.text) for __rt_heap_descriptor
    heap2.o(i._posix_memalign$realtime) refers to fdtree.o(i._FDTree_FindFirst) for _FDTree_FindFirst
    heap2.o(i._posix_memalign$realtime) refers to init_alloc.o(.text) for __Heap_Full
    heap2.o(i._posix_memalign$realtime) refers to fdtree.o(i._FDTree_RemoveNode) for _FDTree_RemoveNode
    heap2.o(i._posix_memalign$realtime) refers to fdtree.o(i._FDTree_Insert) for _FDTree_Insert
    heap2.o(i._realloc$realtime) refers to rt_heap_descriptor_intlibspace.o(.text) for __rt_heap_descriptor
    heap2.o(i._realloc$realtime) refers to fdtree.o(i._FDTree_Insert) for _FDTree_Insert
    heap2.o(i._realloc$realtime) refers to h1_free.o(.text) for free
    heap2.o(i._realloc$realtime) refers to h1_alloc.o(.text) for malloc
    heap2.o(i._realloc$realtime) refers to fdtree.o(i._FDTree_Delete) for _FDTree_Delete
    heap2.o(i._realloc$realtime) refers to rt_memcpy_w.o(.text) for __aeabi_memcpy4
    heap2mt.o(i._FDIterate) refers to heap2mt.o(.conststring) for .conststring
    heap2mt.o(i.___Heap_Initialize$realtime$concurrent) refers to mutex_dummy.o(.text) for _mutex_initialize
    heap2mt.o(i.___Heap_ProvideMemory$realtime$concurrent) refers to fdtree.o(i._FDTree_Delete) for _FDTree_Delete
    heap2mt.o(i.___Heap_ProvideMemory$realtime$concurrent) refers to fdtree.o(i._FDTree_Insert) for _FDTree_Insert
    heap2mt.o(i.___Heap_Stats$realtime$concurrent) refers to heap2mt.o(i._Heap2_StatsIterate) for _Heap2_StatsIterate
    heap2mt.o(i.___Heap_Valid$realtime$concurrent) refers to heap2mt.o(i._FDIterate) for _FDIterate
    heap2mt.o(i.___Heap_Valid$realtime$concurrent) refers to heap2mt.o(.conststring) for .conststring
    heap2mt.o(i._free$realtime$concurrent) refers to rt_heap_descriptor_intlibspace.o(.text) for __rt_heap_descriptor
    heap2mt.o(i._free$realtime$concurrent) refers to fdtree.o(i._FDTree_Delete) for _FDTree_Delete
    heap2mt.o(i._free$realtime$concurrent) refers to fdtree.o(i._FDTree_Insert) for _FDTree_Insert
    heap2mt.o(i._malloc$realtime$concurrent) refers to rt_heap_descriptor_intlibspace.o(.text) for __rt_heap_descriptor
    heap2mt.o(i._malloc$realtime$concurrent) refers to fdtree.o(i._FDTree_FindFirst) for _FDTree_FindFirst
    heap2mt.o(i._malloc$realtime$concurrent) refers to init_alloc.o(.text) for __Heap_Full
    heap2mt.o(i._malloc$realtime$concurrent) refers to fdtree.o(i._FDTree_RemoveNode) for _FDTree_RemoveNode
    heap2mt.o(i._malloc$realtime$concurrent) refers to fdtree.o(i._FDTree_Insert) for _FDTree_Insert
    heap2mt.o(i._posix_memalign$realtime$concurrent) refers to rt_heap_descriptor_intlibspace.o(.text) for __rt_heap_descriptor
    heap2mt.o(i._posix_memalign$realtime$concurrent) refers to fdtree.o(i._FDTree_FindFirst) for _FDTree_FindFirst
    heap2mt.o(i._posix_memalign$realtime$concurrent) refers to init_alloc.o(.text) for __Heap_Full
    heap2mt.o(i._posix_memalign$realtime$concurrent) refers to fdtree.o(i._FDTree_RemoveNode) for _FDTree_RemoveNode
    heap2mt.o(i._posix_memalign$realtime$concurrent) refers to fdtree.o(i._FDTree_Insert) for _FDTree_Insert
    heap2mt.o(i._realloc$realtime$concurrent) refers to rt_heap_descriptor_intlibspace.o(.text) for __rt_heap_descriptor
    heap2mt.o(i._realloc$realtime$concurrent) refers to fdtree.o(i._FDTree_Insert) for _FDTree_Insert
    heap2mt.o(i._realloc$realtime$concurrent) refers to h1_free.o(.text) for free
    heap2mt.o(i._realloc$realtime$concurrent) refers to h1_alloc.o(.text) for malloc
    heap2mt.o(i._realloc$realtime$concurrent) refers to fdtree.o(i._FDTree_Delete) for _FDTree_Delete
    heap2mt.o(i._realloc$realtime$concurrent) refers to rt_memcpy_w.o(.text) for __aeabi_memcpy4
    assert.o(.text) refers to assert_puts.o(.text) for __assert_puts
    assert.o(.text) refers to abort.o(.text) for abort
    __main.o(!!!main) refers to __rtentry.o(.ARM.Collect$$rtentry$$00000000) for __rt_entry
    ddiv.o(x$fpl$drdiv) refers (Special) to usenofp.o(x$fpl$usenofp) for __I$use$fp
    ddiv.o(x$fpl$drdiv) refers to ddiv.o(x$fpl$ddiv) for ddiv_entry
    ddiv.o(x$fpl$ddiv) refers (Special) to usenofp.o(x$fpl$usenofp) for __I$use$fp
    ddiv.o(x$fpl$ddiv) refers to dretinf.o(x$fpl$dretinf) for __fpl_dretinf
    ddiv.o(x$fpl$ddiv) refers to dnaninf.o(x$fpl$dnaninf) for __fpl_dnaninf
    dfixu.o(x$fpl$dfixu) refers (Special) to usenofp.o(x$fpl$usenofp) for __I$use$fp
    dfixu.o(x$fpl$dfixu) refers to dnaninf.o(x$fpl$dnaninf) for __fpl_dnaninf
    dfixu.o(x$fpl$dfixur) refers (Special) to usenofp.o(x$fpl$usenofp) for __I$use$fp
    dfixu.o(x$fpl$dfixur) refers to dnaninf.o(x$fpl$dnaninf) for __fpl_dnaninf
    dflt_clz.o(x$fpl$dfltu) refers (Special) to usenofp.o(x$fpl$usenofp) for __I$use$fp
    dflt_clz.o(x$fpl$dflt) refers (Special) to usenofp.o(x$fpl$usenofp) for __I$use$fp
    dflt_clz.o(x$fpl$dfltn) refers (Special) to usenofp.o(x$fpl$usenofp) for __I$use$fp
    __rtentry.o(.ARM.Collect$$rtentry$$00000000) refers (Special) to __rtentry2.o(.ARM.Collect$$rtentry$$0000000A) for __rt_entry_li
    __rtentry.o(.ARM.Collect$$rtentry$$00000000) refers (Special) to __rtentry2.o(.ARM.Collect$$rtentry$$0000000D) for __rt_entry_main
    __rtentry.o(.ARM.Collect$$rtentry$$00000000) refers (Special) to __rtentry2.o(.ARM.Collect$$rtentry$$0000000C) for __rt_entry_postli_1
    __rtentry.o(.ARM.Collect$$rtentry$$00000000) refers (Special) to __rtentry2.o(.ARM.Collect$$rtentry$$00000009) for __rt_entry_postsh_1
    __rtentry.o(.ARM.Collect$$rtentry$$00000000) refers (Special) to __rtentry2.o(.ARM.Collect$$rtentry$$00000002) for __rt_entry_presh_1
    __rtentry.o(.ARM.Collect$$rtentry$$00000000) refers (Special) to __rtentry4.o(.ARM.Collect$$rtentry$$00000004) for __rt_entry_sh
    rt_heap_descriptor.o(.text) refers to rt_heap_descriptor.o(.bss) for __rt_heap_descriptor_data
    rt_heap_descriptor_intlibspace.o(.text) refers to libspace.o(.bss) for __libspace_start
    init_alloc.o(.text) refers (Special) to hguard.o(.text) for __heap$guard
    init_alloc.o(.text) refers (Special) to libinit2.o(.ARM.Collect$$libinit$$00000005) for __rt_lib_init_heap_2
    init_alloc.o(.text) refers (Special) to maybetermalloc1.o(.emb_text) for _maybe_terminate_alloc
    init_alloc.o(.text) refers to h1_extend.o(.text) for __Heap_ProvideMemory
    init_alloc.o(.text) refers to defsig_rtmem_outer.o(.text) for __rt_SIGRTMEM
    init_alloc.o(.text) refers to rt_heap_descriptor_intlibspace.o(.text) for __rt_heap_descriptor
    init_alloc.o(.text) refers to h1_init.o(.text) for __Heap_Initialize
    free.o(.text) refers (Special) to hguard.o(.text) for __heap$guard
    free.o(.text) refers to rt_heap_descriptor_intlibspace.o(.text) for __rt_heap_descriptor
    free.o(.text) refers to heapstubs.o(.text) for __Heap_Free
    h1_free.o(.text) refers to rt_heap_descriptor_intlibspace.o(.text) for __rt_heap_descriptor
    h1_init_mt.o(.text) refers to mutex_dummy.o(.text) for _mutex_initialize
    h1_free_mt.o(.text) refers to rt_heap_descriptor_intlibspace.o(.text) for __rt_heap_descriptor
    abort.o(.text) refers to defsig_abrt_outer.o(.text) for __rt_SIGABRT
    abort.o(.text) refers (Weak) to libshutdown.o(.ARM.Collect$$libshutdown$$00000000) for __rt_lib_shutdown
    abort.o(.text) refers to sys_exit.o(.text) for _sys_exit
    assert_puts.o(.text) refers to sys_wrch.o(.text) for _ttywrch
    _get_argv.o(.text) refers (Special) to hrguard.o(.text) for __heap_region$guard
    _get_argv.o(.text) refers to h1_alloc.o(.text) for malloc
    _get_argv.o(.text) refers to defsig_rtmem_outer.o(.text) for __rt_SIGRTMEM
    _get_argv.o(.text) refers to sys_command.o(.text) for _sys_command_string
    libinit2.o(.ARM.Collect$$libinit$$00000001) refers to fpinit.o(x$fpl$fpinit) for _fp_init
    libinit2.o(.ARM.Collect$$libinit$$00000005) refers (Weak) to init_alloc.o(.text) for _init_alloc
    libinit2.o(.ARM.Collect$$libinit$$00000010) refers to libinit2.o(.ARM.Collect$$libinit$$0000000F) for .ARM.Collect$$libinit$$0000000F
    libinit2.o(.ARM.Collect$$libinit$$00000012) refers to libinit2.o(.ARM.Collect$$libinit$$0000000F) for .ARM.Collect$$libinit$$0000000F
    libinit2.o(.ARM.Collect$$libinit$$00000014) refers to libinit2.o(.ARM.Collect$$libinit$$0000000F) for .ARM.Collect$$libinit$$0000000F
    libinit2.o(.ARM.Collect$$libinit$$00000016) refers to libinit2.o(.ARM.Collect$$libinit$$0000000F) for .ARM.Collect$$libinit$$0000000F
    libinit2.o(.ARM.Collect$$libinit$$00000018) refers to libinit2.o(.ARM.Collect$$libinit$$0000000F) for .ARM.Collect$$libinit$$0000000F
    libinit2.o(.ARM.Collect$$libinit$$00000026) refers to argv_veneer.o(.emb_text) for __ARM_argv_veneer
    libinit2.o(.ARM.Collect$$libinit$$00000027) refers to argv_veneer.o(.emb_text) for __ARM_argv_veneer
    dnaninf.o(x$fpl$dnaninf) refers (Special) to usenofp.o(x$fpl$usenofp) for __I$use$fp
    dretinf.o(x$fpl$dretinf) refers (Special) to usenofp.o(x$fpl$usenofp) for __I$use$fp
    sys_wrch.o(.text) refers (Special) to use_no_semi.o(.text) for __I$use$semihosting
    sys_wrch.o(.text) refers (Special) to indicate_semi.o(.text) for __semihosting_library_function
    sys_command.o(.text) refers (Special) to use_no_semi.o(.text) for __I$use$semihosting
    sys_command.o(.text) refers (Special) to indicate_semi.o(.text) for __semihosting_library_function
    sys_exit.o(.text) refers (Special) to use_no_semi.o(.text) for __I$use$semihosting
    sys_exit.o(.text) refers (Special) to indicate_semi.o(.text) for __semihosting_library_function
    libspace.o(.text) refers to libspace.o(.bss) for __libspace_start
    __rtentry2.o(.ARM.Collect$$rtentry$$00000008) refers to boardinit2.o(.text) for _platform_post_stackheap_init
    __rtentry2.o(.ARM.Collect$$rtentry$$0000000A) refers to libinit.o(.ARM.Collect$$libinit$$00000000) for __rt_lib_init
    __rtentry2.o(.ARM.Collect$$rtentry$$0000000B) refers to boardinit3.o(.text) for _platform_post_lib_init
    __rtentry2.o(.ARM.Collect$$rtentry$$0000000D) refers to main.o(i.main) for main
    __rtentry2.o(.ARM.Collect$$rtentry$$0000000D) refers to exit.o(.text) for exit
    __rtentry2.o(.ARM.exidx) refers to __rtentry2.o(.ARM.Collect$$rtentry$$00000001) for .ARM.Collect$$rtentry$$00000001
    __rtentry2.o(.ARM.exidx) refers to __rtentry2.o(.ARM.Collect$$rtentry$$00000008) for .ARM.Collect$$rtentry$$00000008
    __rtentry2.o(.ARM.exidx) refers to __rtentry2.o(.ARM.Collect$$rtentry$$0000000A) for .ARM.Collect$$rtentry$$0000000A
    __rtentry2.o(.ARM.exidx) refers to __rtentry2.o(.ARM.Collect$$rtentry$$0000000B) for .ARM.Collect$$rtentry$$0000000B
    __rtentry2.o(.ARM.exidx) refers to __rtentry2.o(.ARM.Collect$$rtentry$$0000000D) for .ARM.Collect$$rtentry$$0000000D
    __rtentry4.o(.ARM.Collect$$rtentry$$00000004) refers to sys_stackheap_outer.o(.text) for __user_setup_stackheap
    __rtentry4.o(.ARM.exidx) refers to __rtentry4.o(.ARM.Collect$$rtentry$$00000004) for .ARM.Collect$$rtentry$$00000004
    maybetermalloc2.o(.emb_text) refers (Special) to term_alloc.o(.text) for _terminate_alloc
    h1_extend.o(.text) refers to h1_free.o(.text) for free
    h1_extend_mt.o(.text) refers to h1_free_mt.o(.text) for _free_internal
    defsig_abrt_outer.o(.text) refers to defsig_abrt_inner.o(.text) for __rt_SIGABRT_inner
    defsig_abrt_outer.o(.text) refers to defsig_exit.o(.text) for __sig_exit
    defsig_abrt_formal.o(.text) refers to rt_raise.o(.text) for __rt_raise
    defsig_rtmem_outer.o(.text) refers to defsig_rtmem_inner.o(.text) for __rt_SIGRTMEM_inner
    defsig_rtmem_outer.o(.text) refers to defsig_exit.o(.text) for __sig_exit
    defsig_rtmem_formal.o(.text) refers to rt_raise.o(.text) for __rt_raise
    heapauxa.o(.text) refers to heapauxa.o(.data) for .data
    argv_veneer.o(.emb_text) refers to no_argv.o(.text) for __ARM_get_argv
    sys_stackheap_outer.o(.text) refers to libspace.o(.text) for __user_perproc_libspace
    sys_stackheap_outer.o(.text) refers to startup_stm32f401xe.o(.text) for __user_initial_stackheap
    rt_raise.o(.text) refers to __raise.o(.text) for __raise
    rt_raise.o(.text) refers to sys_exit.o(.text) for _sys_exit
    term_alloc.o(.text) refers (Special) to libshutdown2.o(.ARM.Collect$$libshutdown$$00000010) for __rt_lib_shutdown_heap_2
    term_alloc.o(.text) refers to rt_heap_descriptor_intlibspace.o(.text) for __rt_heap_descriptor
    term_alloc.o(.text) refers to h1_final.o(.text) for __Heap_Finalize
    exit.o(.text) refers to rtexit.o(.ARM.Collect$$rtexit$$00000000) for __rt_exit
    defsig_exit.o(.text) refers to sys_exit.o(.text) for _sys_exit
    defsig_abrt_inner.o(.text) refers to defsig_general.o(.text) for __default_signal_display
    defsig_rtmem_inner.o(.text) refers to defsig_general.o(.text) for __default_signal_display
    _get_argv_nomalloc.o(.text) refers (Special) to hrguard.o(.text) for __heap_region$guard
    _get_argv_nomalloc.o(.text) refers to defsig_rtmem_outer.o(.text) for __rt_SIGRTMEM
    _get_argv_nomalloc.o(.text) refers to sys_command.o(.text) for _sys_command_string
    libinit.o(.ARM.Collect$$libinit$$00000000) refers (Special) to libinit2.o(.ARM.Collect$$libinit$$0000002E) for __rt_lib_init_alloca_1
    libinit.o(.ARM.Collect$$libinit$$00000000) refers (Special) to libinit2.o(.ARM.Collect$$libinit$$0000002C) for __rt_lib_init_argv_1
    libinit.o(.ARM.Collect$$libinit$$00000000) refers (Special) to libinit2.o(.ARM.Collect$$libinit$$0000001B) for __rt_lib_init_atexit_1
    libinit.o(.ARM.Collect$$libinit$$00000000) refers (Special) to libinit2.o(.ARM.Collect$$libinit$$00000021) for __rt_lib_init_clock_1
    libinit.o(.ARM.Collect$$libinit$$00000000) refers (Special) to libinit2.o(.ARM.Collect$$libinit$$00000032) for __rt_lib_init_cpp_1
    libinit.o(.ARM.Collect$$libinit$$00000000) refers (Special) to libinit2.o(.ARM.Collect$$libinit$$00000030) for __rt_lib_init_exceptions_1
    libinit.o(.ARM.Collect$$libinit$$00000000) refers (Special) to libinit2.o(.ARM.Collect$$libinit$$00000001) for __rt_lib_init_fp_1
    libinit.o(.ARM.Collect$$libinit$$00000000) refers (Special) to libinit2.o(.ARM.Collect$$libinit$$0000001F) for __rt_lib_init_fp_trap_1
    libinit.o(.ARM.Collect$$libinit$$00000000) refers (Special) to libinit2.o(.ARM.Collect$$libinit$$00000023) for __rt_lib_init_getenv_1
    libinit.o(.ARM.Collect$$libinit$$00000000) refers (Special) to libinit2.o(.ARM.Collect$$libinit$$0000000A) for __rt_lib_init_heap_1
    libinit.o(.ARM.Collect$$libinit$$00000000) refers (Special) to libinit2.o(.ARM.Collect$$libinit$$00000011) for __rt_lib_init_lc_collate_1
    libinit.o(.ARM.Collect$$libinit$$00000000) refers (Special) to libinit2.o(.ARM.Collect$$libinit$$00000013) for __rt_lib_init_lc_ctype_1
    libinit.o(.ARM.Collect$$libinit$$00000000) refers (Special) to libinit2.o(.ARM.Collect$$libinit$$00000015) for __rt_lib_init_lc_monetary_1
    libinit.o(.ARM.Collect$$libinit$$00000000) refers (Special) to libinit2.o(.ARM.Collect$$libinit$$00000017) for __rt_lib_init_lc_numeric_1
    libinit.o(.ARM.Collect$$libinit$$00000000) refers (Special) to libinit2.o(.ARM.Collect$$libinit$$00000019) for __rt_lib_init_lc_time_1
    libinit.o(.ARM.Collect$$libinit$$00000000) refers (Special) to libinit2.o(.ARM.Collect$$libinit$$00000004) for __rt_lib_init_preinit_1
    libinit.o(.ARM.Collect$$libinit$$00000000) refers (Special) to libinit2.o(.ARM.Collect$$libinit$$0000000E) for __rt_lib_init_rand_1
    libinit.o(.ARM.Collect$$libinit$$00000000) refers (Special) to libinit2.o(.ARM.Collect$$libinit$$00000033) for __rt_lib_init_return
    libinit.o(.ARM.Collect$$libinit$$00000000) refers (Special) to libinit2.o(.ARM.Collect$$libinit$$0000001D) for __rt_lib_init_signal_1
    libinit.o(.ARM.Collect$$libinit$$00000000) refers (Special) to libinit2.o(.ARM.Collect$$libinit$$00000025) for __rt_lib_init_stdio_1
    libinit.o(.ARM.Collect$$libinit$$00000000) refers (Special) to libinit2.o(.ARM.Collect$$libinit$$0000000C) for __rt_lib_init_user_alloc_1
    rtexit.o(.ARM.Collect$$rtexit$$00000000) refers (Special) to rtexit2.o(.ARM.Collect$$rtexit$$00000004) for __rt_exit_exit
    rtexit.o(.ARM.Collect$$rtexit$$00000000) refers (Special) to rtexit2.o(.ARM.Collect$$rtexit$$00000003) for __rt_exit_ls
    rtexit.o(.ARM.Collect$$rtexit$$00000000) refers (Special) to rtexit2.o(.ARM.Collect$$rtexit$$00000002) for __rt_exit_prels_1
    rtexit.o(.ARM.exidx) refers (Special) to rtexit2.o(.ARM.Collect$$rtexit$$00000004) for __rt_exit_exit
    rtexit.o(.ARM.exidx) refers (Special) to rtexit2.o(.ARM.Collect$$rtexit$$00000003) for __rt_exit_ls
    rtexit.o(.ARM.exidx) refers (Special) to rtexit2.o(.ARM.Collect$$rtexit$$00000002) for __rt_exit_prels_1
    rtexit.o(.ARM.exidx) refers to rtexit.o(.ARM.Collect$$rtexit$$00000000) for .ARM.Collect$$rtexit$$00000000
    __raise.o(.text) refers to defsig.o(CL$$defsig) for __default_signal_handler
    defsig_general.o(.text) refers to sys_wrch.o(.text) for _ttywrch
    libshutdown2.o(.ARM.Collect$$libshutdown$$0000000F) refers (Weak) to term_alloc.o(.text) for _terminate_alloc
    rtexit2.o(.ARM.Collect$$rtexit$$00000003) refers to libshutdown.o(.ARM.Collect$$libshutdown$$00000000) for __rt_lib_shutdown
    rtexit2.o(.ARM.Collect$$rtexit$$00000004) refers to sys_exit.o(.text) for _sys_exit
    rtexit2.o(.ARM.exidx) refers to rtexit2.o(.ARM.Collect$$rtexit$$00000001) for .ARM.Collect$$rtexit$$00000001
    rtexit2.o(.ARM.exidx) refers to rtexit2.o(.ARM.Collect$$rtexit$$00000003) for .ARM.Collect$$rtexit$$00000003
    rtexit2.o(.ARM.exidx) refers to rtexit2.o(.ARM.Collect$$rtexit$$00000004) for .ARM.Collect$$rtexit$$00000004
    defsig.o(CL$$defsig) refers to defsig_abrt_inner.o(.text) for __rt_SIGABRT_inner
    defsig.o(CL$$defsig) refers to defsig_rtmem_inner.o(.text) for __rt_SIGRTMEM_inner
    defsig_fpe_inner.o(.text) refers to defsig_general.o(.text) for __default_signal_display
    defsig_rtred_inner.o(.text) refers to defsig_general.o(.text) for __default_signal_display
    defsig_stak_inner.o(.text) refers to defsig_general.o(.text) for __default_signal_display
    defsig_pvfn_inner.o(.text) refers to defsig_general.o(.text) for __default_signal_display
    defsig_cppl_inner.o(.text) refers to defsig_general.o(.text) for __default_signal_display
    defsig_segv_inner.o(.text) refers to defsig_general.o(.text) for __default_signal_display
    defsig_other.o(.text) refers to defsig_general.o(.text) for __default_signal_display
    libshutdown.o(.ARM.Collect$$libshutdown$$00000000) refers (Special) to libshutdown2.o(.ARM.Collect$$libshutdown$$00000004) for __rt_lib_shutdown_cpp_1
    libshutdown.o(.ARM.Collect$$libshutdown$$00000000) refers (Special) to libshutdown2.o(.ARM.Collect$$libshutdown$$00000002) for __rt_lib_shutdown_fini_1
    libshutdown.o(.ARM.Collect$$libshutdown$$00000000) refers (Special) to libshutdown2.o(.ARM.Collect$$libshutdown$$00000009) for __rt_lib_shutdown_fp_trap_1
    libshutdown.o(.ARM.Collect$$libshutdown$$00000000) refers (Special) to libshutdown2.o(.ARM.Collect$$libshutdown$$00000011) for __rt_lib_shutdown_heap_1
    libshutdown.o(.ARM.Collect$$libshutdown$$00000000) refers (Special) to libshutdown2.o(.ARM.Collect$$libshutdown$$00000012) for __rt_lib_shutdown_return
    libshutdown.o(.ARM.Collect$$libshutdown$$00000000) refers (Special) to libshutdown2.o(.ARM.Collect$$libshutdown$$0000000C) for __rt_lib_shutdown_signal_1
    libshutdown.o(.ARM.Collect$$libshutdown$$00000000) refers (Special) to libshutdown2.o(.ARM.Collect$$libshutdown$$00000006) for __rt_lib_shutdown_stdio_1
    libshutdown.o(.ARM.Collect$$libshutdown$$00000000) refers (Special) to libshutdown2.o(.ARM.Collect$$libshutdown$$0000000E) for __rt_lib_shutdown_user_alloc_1


==============================================================================

Removing Unused input sections from the image.

    Removing adc.o(.rev16_text), (4 bytes).
    Removing adc.o(.revsh_text), (4 bytes).
    Removing adc.o(.rrx_text), (6 bytes).
    Removing adc.o(i._ADC_ConfigChannel), (328 bytes).
    Removing adc.o(i._ADC_GetValue), (6 bytes).
    Removing adc.o(i._ADC_Init), (40 bytes).
    Removing adc.o(i._ADC_PollForConversion), (88 bytes).
    Removing adc.o(i._ADC_Start), (148 bytes).
    Removing adc.o(i._GPIO_Init), (62 bytes).
    Removing adc.o(i._adc_read), (184 bytes).
    Removing adc.o(i.adc_init), (384 bytes).
    Removing adc.o(i.adc_read), (176 bytes).
    Removing adc.o(i.analogin_init), (120 bytes).
    Removing adc.o(i.local_ADC_Init), (312 bytes).
    Removing adc.o(i.pin_function), (152 bytes).
    Removing adc.o(i.pinmap_find_function), (28 bytes).
    Removing adc.o(i.pinmap_find_peripheral), (28 bytes).
    Removing adc.o(i.pinmap_function), (4 bytes).
    Removing adc.o(i.pinmap_peripheral), (16 bytes).
    Removing adc.o(i.pinmap_pinout), (32 bytes).
    Removing adc.o(.bss), (64 bytes).
    Removing adc.o(.constdata), (256 bytes).
    Removing adc.o(.data), (68 bytes).
    Removing comparator.o(.rev16_text), (4 bytes).
    Removing comparator.o(.revsh_text), (4 bytes).
    Removing comparator.o(.rrx_text), (6 bytes).
    Removing comparator.o(i.comparator_init), (18 bytes).
    Removing comparator.o(i.comparator_read), (46 bytes).
    Removing gpio.o(.rev16_text), (4 bytes).
    Removing gpio.o(.revsh_text), (4 bytes).
    Removing gpio.o(.rrx_text), (6 bytes).
    Removing gpio.o(i.NVIC_EncodePriority), (50 bytes).
    Removing gpio.o(i.__NVIC_EnableIRQ), (26 bytes).
    Removing gpio.o(i.__NVIC_GetPriorityGrouping), (16 bytes).
    Removing gpio.o(i.__NVIC_SetPriority), (32 bytes).
    Removing gpio.o(i.gpio_get), (24 bytes).
    Removing gpio.o(i.gpio_get_range), (32 bytes).
    Removing gpio.o(i.gpio_set), (32 bytes).
    Removing gpio.o(i.gpio_set_callback), (436 bytes).
    Removing gpio.o(i.gpio_set_mode), (164 bytes).
    Removing gpio.o(i.gpio_set_range), (36 bytes).
    Removing gpio.o(i.gpio_set_trigger), (76 bytes).
    Removing gpio.o(i.gpio_toggle), (28 bytes).
    Removing i2c.o(.rev16_text), (4 bytes).
    Removing i2c.o(.revsh_text), (4 bytes).
    Removing i2c.o(.rrx_text), (6 bytes).
    Removing i2c.o(i.i2c_init), (144 bytes).
    Removing i2c.o(i.i2c_read), (124 bytes).
    Removing i2c.o(i.i2c_write), (144 bytes).
    Removing stm32f4xx_adc.o(.rev16_text), (4 bytes).
    Removing stm32f4xx_adc.o(.revsh_text), (4 bytes).
    Removing stm32f4xx_adc.o(.rrx_text), (6 bytes).
    Removing stm32f4xx_adc.o(i.ADC_AnalogWatchdogCmd), (16 bytes).
    Removing stm32f4xx_adc.o(i.ADC_AnalogWatchdogSingleChannelConfig), (12 bytes).
    Removing stm32f4xx_adc.o(i.ADC_AnalogWatchdogThresholdsConfig), (6 bytes).
    Removing stm32f4xx_adc.o(i.ADC_AutoInjectedConvCmd), (24 bytes).
    Removing stm32f4xx_adc.o(i.ADC_ClearFlag), (6 bytes).
    Removing stm32f4xx_adc.o(i.ADC_ClearITPendingBit), (8 bytes).
    Removing stm32f4xx_adc.o(i.ADC_Cmd), (24 bytes).
    Removing stm32f4xx_adc.o(i.ADC_CommonInit), (40 bytes).
    Removing stm32f4xx_adc.o(i.ADC_CommonStructInit), (12 bytes).
    Removing stm32f4xx_adc.o(i.ADC_ContinuousModeCmd), (24 bytes).
    Removing stm32f4xx_adc.o(i.ADC_DMACmd), (24 bytes).
    Removing stm32f4xx_adc.o(i.ADC_DMARequestAfterLastTransferCmd), (24 bytes).
    Removing stm32f4xx_adc.o(i.ADC_DeInit), (24 bytes).
    Removing stm32f4xx_adc.o(i.ADC_DiscModeChannelCountConfig), (16 bytes).
    Removing stm32f4xx_adc.o(i.ADC_DiscModeCmd), (24 bytes).
    Removing stm32f4xx_adc.o(i.ADC_EOCOnEachRegularChannelCmd), (24 bytes).
    Removing stm32f4xx_adc.o(i.ADC_ExternalTrigInjectedConvConfig), (12 bytes).
    Removing stm32f4xx_adc.o(i.ADC_ExternalTrigInjectedConvEdgeConfig), (12 bytes).
    Removing stm32f4xx_adc.o(i.ADC_GetConversionValue), (6 bytes).
    Removing stm32f4xx_adc.o(i.ADC_GetFlagStatus), (14 bytes).
    Removing stm32f4xx_adc.o(i.ADC_GetITStatus), (30 bytes).
    Removing stm32f4xx_adc.o(i.ADC_GetInjectedConversionValue), (20 bytes).
    Removing stm32f4xx_adc.o(i.ADC_GetMultiModeConversionValue), (12 bytes).
    Removing stm32f4xx_adc.o(i.ADC_GetSoftwareStartConvStatus), (14 bytes).
    Removing stm32f4xx_adc.o(i.ADC_GetSoftwareStartInjectedConvCmdStatus), (14 bytes).
    Removing stm32f4xx_adc.o(i.ADC_ITConfig), (24 bytes).
    Removing stm32f4xx_adc.o(i.ADC_Init), (76 bytes).
    Removing stm32f4xx_adc.o(i.ADC_InjectedChannelConfig), (74 bytes).
    Removing stm32f4xx_adc.o(i.ADC_InjectedDiscModeCmd), (24 bytes).
    Removing stm32f4xx_adc.o(i.ADC_InjectedSequencerLengthConfig), (16 bytes).
    Removing stm32f4xx_adc.o(i.ADC_MultiModeDMARequestAfterLastTransferCmd), (40 bytes).
    Removing stm32f4xx_adc.o(i.ADC_RegularChannelConfig), (116 bytes).
    Removing stm32f4xx_adc.o(i.ADC_SetInjectedOffset), (16 bytes).
    Removing stm32f4xx_adc.o(i.ADC_SoftwareStartConv), (10 bytes).
    Removing stm32f4xx_adc.o(i.ADC_SoftwareStartInjectedConv), (10 bytes).
    Removing stm32f4xx_adc.o(i.ADC_StructInit), (20 bytes).
    Removing stm32f4xx_adc.o(i.ADC_TempSensorVrefintCmd), (40 bytes).
    Removing stm32f4xx_adc.o(i.ADC_VBATCmd), (40 bytes).
    Removing stm32f4xx_gpio.o(.rev16_text), (4 bytes).
    Removing stm32f4xx_gpio.o(.revsh_text), (4 bytes).
    Removing stm32f4xx_gpio.o(.rrx_text), (6 bytes).
    Removing stm32f4xx_gpio.o(i.GPIO_DeInit), (184 bytes).
    Removing stm32f4xx_gpio.o(i.GPIO_Init), (124 bytes).
    Removing stm32f4xx_gpio.o(i.GPIO_PinAFConfig), (32 bytes).
    Removing stm32f4xx_gpio.o(i.GPIO_PinLockConfig), (26 bytes).
    Removing stm32f4xx_gpio.o(i.GPIO_ReadInputData), (6 bytes).
    Removing stm32f4xx_gpio.o(i.GPIO_ReadInputDataBit), (14 bytes).
    Removing stm32f4xx_gpio.o(i.GPIO_ReadOutputData), (6 bytes).
    Removing stm32f4xx_gpio.o(i.GPIO_ReadOutputDataBit), (14 bytes).
    Removing stm32f4xx_gpio.o(i.GPIO_ResetBits), (4 bytes).
    Removing stm32f4xx_gpio.o(i.GPIO_SetBits), (4 bytes).
    Removing stm32f4xx_gpio.o(i.GPIO_StructInit), (18 bytes).
    Removing stm32f4xx_gpio.o(i.GPIO_ToggleBits), (8 bytes).
    Removing stm32f4xx_gpio.o(i.GPIO_Write), (4 bytes).
    Removing stm32f4xx_gpio.o(i.GPIO_WriteBit), (12 bytes).
    Removing stm32f4xx_i2c.o(.rev16_text), (4 bytes).
    Removing stm32f4xx_i2c.o(.revsh_text), (4 bytes).
    Removing stm32f4xx_i2c.o(.rrx_text), (6 bytes).
    Removing stm32f4xx_i2c.o(i.I2C_ARPCmd), (26 bytes).
    Removing stm32f4xx_i2c.o(i.I2C_AcknowledgeConfig), (26 bytes).
    Removing stm32f4xx_i2c.o(i.I2C_CalculatePEC), (26 bytes).
    Removing stm32f4xx_i2c.o(i.I2C_CheckEvent), (24 bytes).
    Removing stm32f4xx_i2c.o(i.I2C_ClearFlag), (8 bytes).
    Removing stm32f4xx_i2c.o(i.I2C_ClearITPendingBit), (8 bytes).
    Removing stm32f4xx_i2c.o(i.I2C_Cmd), (26 bytes).
    Removing stm32f4xx_i2c.o(i.I2C_DMACmd), (26 bytes).
    Removing stm32f4xx_i2c.o(i.I2C_DMALastTransferCmd), (26 bytes).
    Removing stm32f4xx_i2c.o(i.I2C_DeInit), (100 bytes).
    Removing stm32f4xx_i2c.o(i.I2C_DualAddressCmd), (26 bytes).
    Removing stm32f4xx_i2c.o(i.I2C_FastModeDutyCycleConfig), (28 bytes).
    Removing stm32f4xx_i2c.o(i.I2C_GeneralCallCmd), (26 bytes).
    Removing stm32f4xx_i2c.o(i.I2C_GenerateSTART), (26 bytes).
    Removing stm32f4xx_i2c.o(i.I2C_GenerateSTOP), (26 bytes).
    Removing stm32f4xx_i2c.o(i.I2C_GetFlagStatus), (50 bytes).
    Removing stm32f4xx_i2c.o(i.I2C_GetITStatus), (34 bytes).
    Removing stm32f4xx_i2c.o(i.I2C_GetLastEvent), (14 bytes).
    Removing stm32f4xx_i2c.o(i.I2C_GetPEC), (8 bytes).
    Removing stm32f4xx_i2c.o(i.I2C_ITConfig), (24 bytes).
    Removing stm32f4xx_i2c.o(i.I2C_Init), (196 bytes).
    Removing stm32f4xx_i2c.o(i.I2C_NACKPositionConfig), (28 bytes).
    Removing stm32f4xx_i2c.o(i.I2C_OwnAddress2Config), (18 bytes).
    Removing stm32f4xx_i2c.o(i.I2C_PECPositionConfig), (28 bytes).
    Removing stm32f4xx_i2c.o(i.I2C_ReadRegister), (16 bytes).
    Removing stm32f4xx_i2c.o(i.I2C_ReceiveData), (6 bytes).
    Removing stm32f4xx_i2c.o(i.I2C_SMBusAlertConfig), (28 bytes).
    Removing stm32f4xx_i2c.o(i.I2C_Send7bitAddress), (18 bytes).
    Removing stm32f4xx_i2c.o(i.I2C_SendData), (4 bytes).
    Removing stm32f4xx_i2c.o(i.I2C_SoftwareResetCmd), (24 bytes).
    Removing stm32f4xx_i2c.o(i.I2C_StretchClockCmd), (26 bytes).
    Removing stm32f4xx_i2c.o(i.I2C_StructInit), (28 bytes).
    Removing stm32f4xx_i2c.o(i.I2C_TransmitPEC), (26 bytes).
    Removing stm32f4xx_rcc.o(.rev16_text), (4 bytes).
    Removing stm32f4xx_rcc.o(.revsh_text), (4 bytes).
    Removing stm32f4xx_rcc.o(.rrx_text), (6 bytes).
    Removing stm32f4xx_rcc.o(i.RCC_AHB1PeriphClockCmd), (28 bytes).
    Removing stm32f4xx_rcc.o(i.RCC_AHB1PeriphClockLPModeCmd), (28 bytes).
    Removing stm32f4xx_rcc.o(i.RCC_AHB1PeriphResetCmd), (28 bytes).
    Removing stm32f4xx_rcc.o(i.RCC_AHB2PeriphClockCmd), (28 bytes).
    Removing stm32f4xx_rcc.o(i.RCC_AHB2PeriphClockLPModeCmd), (28 bytes).
    Removing stm32f4xx_rcc.o(i.RCC_AHB2PeriphResetCmd), (28 bytes).
    Removing stm32f4xx_rcc.o(i.RCC_AHB3PeriphClockCmd), (28 bytes).
    Removing stm32f4xx_rcc.o(i.RCC_AHB3PeriphClockLPModeCmd), (28 bytes).
    Removing stm32f4xx_rcc.o(i.RCC_AHB3PeriphResetCmd), (28 bytes).
    Removing stm32f4xx_rcc.o(i.RCC_APB1PeriphClockCmd), (28 bytes).
    Removing stm32f4xx_rcc.o(i.RCC_APB1PeriphClockLPModeCmd), (28 bytes).
    Removing stm32f4xx_rcc.o(i.RCC_APB1PeriphResetCmd), (28 bytes).
    Removing stm32f4xx_rcc.o(i.RCC_APB2PeriphClockCmd), (28 bytes).
    Removing stm32f4xx_rcc.o(i.RCC_APB2PeriphClockLPModeCmd), (28 bytes).
    Removing stm32f4xx_rcc.o(i.RCC_APB2PeriphResetCmd), (28 bytes).
    Removing stm32f4xx_rcc.o(i.RCC_AdjustHSICalibrationValue), (20 bytes).
    Removing stm32f4xx_rcc.o(i.RCC_BackupResetCmd), (12 bytes).
    Removing stm32f4xx_rcc.o(i.RCC_ClearFlag), (16 bytes).
    Removing stm32f4xx_rcc.o(i.RCC_ClearITPendingBit), (12 bytes).
    Removing stm32f4xx_rcc.o(i.RCC_ClockSecuritySystemCmd), (12 bytes).
    Removing stm32f4xx_rcc.o(i.RCC_DeInit), (60 bytes).
    Removing stm32f4xx_rcc.o(i.RCC_GetClocksFreq), (164 bytes).
    Removing stm32f4xx_rcc.o(i.RCC_GetFlagStatus), (56 bytes).
    Removing stm32f4xx_rcc.o(i.RCC_GetITStatus), (20 bytes).
    Removing stm32f4xx_rcc.o(i.RCC_GetSYSCLKSource), (16 bytes).
    Removing stm32f4xx_rcc.o(i.RCC_HCLKConfig), (20 bytes).
    Removing stm32f4xx_rcc.o(i.RCC_HSEConfig), (16 bytes).
    Removing stm32f4xx_rcc.o(i.RCC_HSICmd), (12 bytes).
    Removing stm32f4xx_rcc.o(i.RCC_I2SCLKConfig), (12 bytes).
    Removing stm32f4xx_rcc.o(i.RCC_ITConfig), (28 bytes).
    Removing stm32f4xx_rcc.o(i.RCC_LSEConfig), (32 bytes).
    Removing stm32f4xx_rcc.o(i.RCC_LSICmd), (12 bytes).
    Removing stm32f4xx_rcc.o(i.RCC_MCO1Config), (20 bytes).
    Removing stm32f4xx_rcc.o(i.RCC_MCO2Config), (20 bytes).
    Removing stm32f4xx_rcc.o(i.RCC_PCLK1Config), (20 bytes).
    Removing stm32f4xx_rcc.o(i.RCC_PCLK2Config), (20 bytes).
    Removing stm32f4xx_rcc.o(i.RCC_PLLCmd), (12 bytes).
    Removing stm32f4xx_rcc.o(i.RCC_PLLConfig), (36 bytes).
    Removing stm32f4xx_rcc.o(i.RCC_PLLI2SCmd), (12 bytes).
    Removing stm32f4xx_rcc.o(i.RCC_PLLI2SConfig), (16 bytes).
    Removing stm32f4xx_rcc.o(i.RCC_RTCCLKCmd), (12 bytes).
    Removing stm32f4xx_rcc.o(i.RCC_RTCCLKConfig), (48 bytes).
    Removing stm32f4xx_rcc.o(i.RCC_SYSCLKConfig), (20 bytes).
    Removing stm32f4xx_rcc.o(i.RCC_WaitForHSEStartUp), (48 bytes).
    Removing stm32f4xx_rcc.o(.data), (16 bytes).
    Removing stm32f4xx_usart.o(.rev16_text), (4 bytes).
    Removing stm32f4xx_usart.o(.revsh_text), (4 bytes).
    Removing stm32f4xx_usart.o(.rrx_text), (6 bytes).
    Removing stm32f4xx_usart.o(i.USART_ClearFlag), (8 bytes).
    Removing stm32f4xx_usart.o(i.USART_ClearITPendingBit), (14 bytes).
    Removing stm32f4xx_usart.o(i.USART_ClockInit), (30 bytes).
    Removing stm32f4xx_usart.o(i.USART_ClockStructInit), (12 bytes).
    Removing stm32f4xx_usart.o(i.USART_Cmd), (26 bytes).
    Removing stm32f4xx_usart.o(i.USART_DMACmd), (24 bytes).
    Removing stm32f4xx_usart.o(i.USART_DeInit), (96 bytes).
    Removing stm32f4xx_usart.o(i.USART_GetITStatus), (60 bytes).
    Removing stm32f4xx_usart.o(i.USART_HalfDuplexCmd), (26 bytes).
    Removing stm32f4xx_usart.o(i.USART_ITConfig), (50 bytes).
    Removing stm32f4xx_usart.o(i.USART_Init), (196 bytes).
    Removing stm32f4xx_usart.o(i.USART_IrDACmd), (26 bytes).
    Removing stm32f4xx_usart.o(i.USART_IrDAConfig), (18 bytes).
    Removing stm32f4xx_usart.o(i.USART_LINBreakDetectLengthConfig), (18 bytes).
    Removing stm32f4xx_usart.o(i.USART_LINCmd), (26 bytes).
    Removing stm32f4xx_usart.o(i.USART_OneBitMethodCmd), (26 bytes).
    Removing stm32f4xx_usart.o(i.USART_OverSampling8Cmd), (24 bytes).
    Removing stm32f4xx_usart.o(i.USART_ReceiverWakeUpCmd), (26 bytes).
    Removing stm32f4xx_usart.o(i.USART_SendBreak), (10 bytes).
    Removing stm32f4xx_usart.o(i.USART_SendData), (8 bytes).
    Removing stm32f4xx_usart.o(i.USART_SetAddress), (18 bytes).
    Removing stm32f4xx_usart.o(i.USART_SetGuardTime), (16 bytes).
    Removing stm32f4xx_usart.o(i.USART_SetPrescaler), (2 bytes).
    Removing stm32f4xx_usart.o(i.USART_SmartCardCmd), (26 bytes).
    Removing stm32f4xx_usart.o(i.USART_SmartCardNACKCmd), (26 bytes).
    Removing stm32f4xx_usart.o(i.USART_StructInit), (22 bytes).
    Removing stm32f4xx_usart.o(i.USART_WakeUpConfig), (18 bytes).
    Removing timer.o(.rev16_text), (4 bytes).
    Removing timer.o(.revsh_text), (4 bytes).
    Removing timer.o(.rrx_text), (6 bytes).
    Removing timer.o(i.__NVIC_SetPriority), (32 bytes).
    Removing timer.o(i.timer_disable), (14 bytes).
    Removing timer.o(i.timer_enable), (10 bytes).
    Removing timer.o(i.timer_init), (112 bytes).
    Removing timer.o(i.timer_set_callback), (12 bytes).
    Removing timer.o(.data), (4 bytes).
    Removing uart.o(.rev16_text), (4 bytes).
    Removing uart.o(.revsh_text), (4 bytes).
    Removing uart.o(.rrx_text), (6 bytes).
    Removing uart.o(i.uart_enable), (12 bytes).
    Removing uart.o(i.uart_init), (120 bytes).
    Removing uart.o(i.uart_print), (20 bytes).
    Removing uart.o(i.uart_set_rx_callback), (56 bytes).
    Removing uart.o(i.uart_tx), (36 bytes).
    Removing system_stm32f4xx.o(.rev16_text), (4 bytes).
    Removing system_stm32f4xx.o(.revsh_text), (4 bytes).
    Removing system_stm32f4xx.o(.rrx_text), (6 bytes).
    Removing system_stm32f4xx.o(i.SystemCoreClockUpdate), (140 bytes).
    Removing system_stm32f4xx.o(.constdata), (16 bytes).
    Removing system_stm32f4xx.o(.constdata), (8 bytes).
    Removing system_stm32f4xx.o(.data), (4 bytes).

245 unused section(s) (total 9188 bytes) removed from the image.

==============================================================================

Image Symbol Table

    Local Symbols

    Symbol Name                              Value     Ov Type        Size  Object(Section)

    ../clib/angel/boardlib.s                 0x00000000   Number         0  boardinit3.o ABSOLUTE
    ../clib/angel/boardlib.s                 0x00000000   Number         0  boardinit2.o ABSOLUTE
    ../clib/angel/boardlib.s                 0x00000000   Number         0  boardinit1.o ABSOLUTE
    ../clib/angel/boardlib.s                 0x00000000   Number         0  boardshut.o ABSOLUTE
    ../clib/angel/handlers.s                 0x00000000   Number         0  __scatter_zi.o ABSOLUTE
    ../clib/angel/handlers.s                 0x00000000   Number         0  __scatter_copy.o ABSOLUTE
    ../clib/angel/kernel.s                   0x00000000   Number         0  rtexit.o ABSOLUTE
    ../clib/angel/kernel.s                   0x00000000   Number         0  rtexit2.o ABSOLUTE
    ../clib/angel/kernel.s                   0x00000000   Number         0  __rtentry.o ABSOLUTE
    ../clib/angel/kernel.s                   0x00000000   Number         0  __rtentry2.o ABSOLUTE
    ../clib/angel/kernel.s                   0x00000000   Number         0  __rtentry4.o ABSOLUTE
    ../clib/angel/rt.s                       0x00000000   Number         0  rt_heap_descriptor.o ABSOLUTE
    ../clib/angel/rt.s                       0x00000000   Number         0  rt_raise.o ABSOLUTE
    ../clib/angel/rt.s                       0x00000000   Number         0  rt_heap_descriptor_intlibspace.o ABSOLUTE
    ../clib/angel/scatter.s                  0x00000000   Number         0  __scatter.o ABSOLUTE
    ../clib/angel/startup.s                  0x00000000   Number         0  __main.o ABSOLUTE
    ../clib/angel/sys.s                      0x00000000   Number         0  sys_stackheap_outer.o ABSOLUTE
    ../clib/angel/sys.s                      0x00000000   Number         0  indicate_semi.o ABSOLUTE
    ../clib/angel/sys.s                      0x00000000   Number         0  use_no_semi.o ABSOLUTE
    ../clib/angel/sys.s                      0x00000000   Number         0  mutex_dummy.o ABSOLUTE
    ../clib/angel/sys.s                      0x00000000   Number         0  libspace.o ABSOLUTE
    ../clib/angel/sysapp.c                   0x00000000   Number         0  sys_wrch.o ABSOLUTE
    ../clib/angel/sysapp.c                   0x00000000   Number         0  sys_command.o ABSOLUTE
    ../clib/angel/sysapp.c                   0x00000000   Number         0  sys_exit.o ABSOLUTE
    ../clib/armsys.c                         0x00000000   Number         0  argv_veneer.o ABSOLUTE
    ../clib/armsys.c                         0x00000000   Number         0  argv_veneer.o ABSOLUTE
    ../clib/armsys.c                         0x00000000   Number         0  _get_argv_nomalloc.o ABSOLUTE
    ../clib/armsys.c                         0x00000000   Number         0  no_argv.o ABSOLUTE
    ../clib/armsys.c                         0x00000000   Number         0  _get_argv.o ABSOLUTE
    ../clib/assert.c                         0x00000000   Number         0  assert.o ABSOLUTE
    ../clib/assert.c                         0x00000000   Number         0  assert_puts.o ABSOLUTE
    ../clib/heap1.c                          0x00000000   Number         0  h1_extend_mt.o ABSOLUTE
    ../clib/heap1.c                          0x00000000   Number         0  h1_free_mt.o ABSOLUTE
    ../clib/heap1.c                          0x00000000   Number         0  h1_extend.o ABSOLUTE
    ../clib/heap1.c                          0x00000000   Number         0  h1_init_mt.o ABSOLUTE
    ../clib/heap1.c                          0x00000000   Number         0  h1_alloc_mt.o ABSOLUTE
    ../clib/heap1.c                          0x00000000   Number         0  h1_alloc.o ABSOLUTE
    ../clib/heap1.c                          0x00000000   Number         0  h1_free.o ABSOLUTE
    ../clib/heap1.c                          0x00000000   Number         0  h1_init.o ABSOLUTE
    ../clib/heap1.c                          0x00000000   Number         0  h1_final_mt.o ABSOLUTE
    ../clib/heap1.c                          0x00000000   Number         0  h1_final.o ABSOLUTE
    ../clib/heap2.c                          0x00000000   Number         0  heap2mt.o ABSOLUTE
    ../clib/heap2.c                          0x00000000   Number         0  fdtree.o ABSOLUTE
    ../clib/heap2.c                          0x00000000   Number         0  heap2.o ABSOLUTE
    ../clib/heapalloc.c                      0x00000000   Number         0  hguard.o ABSOLUTE
    ../clib/heapalloc.c                      0x00000000   Number         0  hrguard.o ABSOLUTE
    ../clib/heapalloc.c                      0x00000000   Number         0  malloc.o ABSOLUTE
    ../clib/heapalloc.c                      0x00000000   Number         0  maybetermalloc2.o ABSOLUTE
    ../clib/heapalloc.c                      0x00000000   Number         0  maybetermalloc1.o ABSOLUTE
    ../clib/heapalloc.c                      0x00000000   Number         0  maybetermalloc2.o ABSOLUTE
    ../clib/heapalloc.c                      0x00000000   Number         0  maybetermalloc1.o ABSOLUTE
    ../clib/heapalloc.c                      0x00000000   Number         0  init_alloc.o ABSOLUTE
    ../clib/heapalloc.c                      0x00000000   Number         0  term_alloc.o ABSOLUTE
    ../clib/heapalloc.c                      0x00000000   Number         0  heapstubs.o ABSOLUTE
    ../clib/heapalloc.c                      0x00000000   Number         0  free.o ABSOLUTE
    ../clib/heapaux.c                        0x00000000   Number         0  heapauxa.o ABSOLUTE
    ../clib/heapaux.c                        0x00000000   Number         0  heapauxi.o ABSOLUTE
    ../clib/libinit.s                        0x00000000   Number         0  libshutdown2.o ABSOLUTE
    ../clib/libinit.s                        0x00000000   Number         0  libshutdown.o ABSOLUTE
    ../clib/libinit.s                        0x00000000   Number         0  libinit2.o ABSOLUTE
    ../clib/libinit.s                        0x00000000   Number         0  libinit.o ABSOLUTE
    ../clib/memcpset.s                       0x00000000   Number         0  rt_memcpy_w.o ABSOLUTE
    ../clib/signal.c                         0x00000000   Number         0  defsig_abrt_outer.o ABSOLUTE
    ../clib/signal.c                         0x00000000   Number         0  defsig_abrt_formal.o ABSOLUTE
    ../clib/signal.c                         0x00000000   Number         0  defsig_rtmem_outer.o ABSOLUTE
    ../clib/signal.c                         0x00000000   Number         0  defsig_rtmem_formal.o ABSOLUTE
    ../clib/signal.c                         0x00000000   Number         0  defsig_fpe_inner.o ABSOLUTE
    ../clib/signal.c                         0x00000000   Number         0  defsig_exit.o ABSOLUTE
    ../clib/signal.c                         0x00000000   Number         0  defsig_abrt_inner.o ABSOLUTE
    ../clib/signal.c                         0x00000000   Number         0  defsig_rtmem_inner.o ABSOLUTE
    ../clib/signal.c                         0x00000000   Number         0  defsig_general.o ABSOLUTE
    ../clib/signal.c                         0x00000000   Number         0  __raise.o ABSOLUTE
    ../clib/signal.c                         0x00000000   Number         0  defsig_cppl_inner.o ABSOLUTE
    ../clib/signal.c                         0x00000000   Number         0  defsig_rtred_inner.o ABSOLUTE
    ../clib/signal.c                         0x00000000   Number         0  defsig_stak_inner.o ABSOLUTE
    ../clib/signal.c                         0x00000000   Number         0  defsig_pvfn_inner.o ABSOLUTE
    ../clib/signal.c                         0x00000000   Number         0  defsig_segv_inner.o ABSOLUTE
    ../clib/signal.c                         0x00000000   Number         0  defsig_other.o ABSOLUTE
    ../clib/signal.s                         0x00000000   Number         0  defsig.o ABSOLUTE
    ../clib/stdlib.c                         0x00000000   Number         0  abort.o ABSOLUTE
    ../clib/stdlib.c                         0x00000000   Number         0  exit.o ABSOLUTE
    ../fplib/ddiv.s                          0x00000000   Number         0  ddiv.o ABSOLUTE
    ../fplib/dfixu.s                         0x00000000   Number         0  dfixu.o ABSOLUTE
    ../fplib/dflt.s                          0x00000000   Number         0  dflt_clz.o ABSOLUTE
    ../fplib/dnaninf.s                       0x00000000   Number         0  dnaninf.o ABSOLUTE
    ../fplib/dretinf.s                       0x00000000   Number         0  dretinf.o ABSOLUTE
    ../fplib/fpinit.s                        0x00000000   Number         0  fpinit.o ABSOLUTE
    ../fplib/usenofp.s                       0x00000000   Number         0  usenofp.o ABSOLUTE
    RTE/Device/STM32F401RETx/startup_stm32f401xe.s 0x00000000   Number         0  startup_stm32f401xe.o ABSOLUTE
    RTE/Device/STM32F401RETx/system_stm32f4xx.c 0x00000000   Number         0  system_stm32f4xx.o ABSOLUTE
    RTE\Device\STM32F401RETx\system_stm32f4xx.c 0x00000000   Number         0  system_stm32f4xx.o ABSOLUTE
    dc.s                                     0x00000000   Number         0  dc.o ABSOLUTE
    drivers\\adc.c                           0x00000000   Number         0  adc.o ABSOLUTE
    drivers\\comparator.c                    0x00000000   Number         0  comparator.o ABSOLUTE
    drivers\\gpio.c                          0x00000000   Number         0  gpio.o ABSOLUTE
    drivers\\i2c.c                           0x00000000   Number         0  i2c.o ABSOLUTE
    drivers\\stm32f4xx_adc.c                 0x00000000   Number         0  stm32f4xx_adc.o ABSOLUTE
    drivers\\stm32f4xx_gpio.c                0x00000000   Number         0  stm32f4xx_gpio.o ABSOLUTE
    drivers\\stm32f4xx_i2c.c                 0x00000000   Number         0  stm32f4xx_i2c.o ABSOLUTE
    drivers\\stm32f4xx_rcc.c                 0x00000000   Number         0  stm32f4xx_rcc.o ABSOLUTE
    drivers\\stm32f4xx_usart.c               0x00000000   Number         0  stm32f4xx_usart.o ABSOLUTE
    drivers\\timer.c                         0x00000000   Number         0  timer.o ABSOLUTE
    drivers\\uart.c                          0x00000000   Number         0  uart.o ABSOLUTE
    drivers\adc.c                            0x00000000   Number         0  adc.o ABSOLUTE
    drivers\comparator.c                     0x00000000   Number         0  comparator.o ABSOLUTE
    drivers\gpio.c                           0x00000000   Number         0  gpio.o ABSOLUTE
    drivers\i2c.c                            0x00000000   Number         0  i2c.o ABSOLUTE
    drivers\stm32f4xx_adc.c                  0x00000000   Number         0  stm32f4xx_adc.o ABSOLUTE
    drivers\stm32f4xx_gpio.c                 0x00000000   Number         0  stm32f4xx_gpio.o ABSOLUTE
    drivers\stm32f4xx_i2c.c                  0x00000000   Number         0  stm32f4xx_i2c.o ABSOLUTE
    drivers\stm32f4xx_rcc.c                  0x00000000   Number         0  stm32f4xx_rcc.o ABSOLUTE
    drivers\stm32f4xx_usart.c                0x00000000   Number         0  stm32f4xx_usart.o ABSOLUTE
    drivers\timer.c                          0x00000000   Number         0  timer.o ABSOLUTE
    drivers\uart.c                           0x00000000   Number         0  uart.o ABSOLUTE
    src\\main.c                              0x00000000   Number         0  main.o ABSOLUTE
    src\main.c                               0x00000000   Number         0  main.o ABSOLUTE
    RESET                                    0x08000000   Section      404  startup_stm32f401xe.o(RESET)
    !!!main                                  0x08000194   Section        8  __main.o(!!!main)
    !!!scatter                               0x0800019c   Section       52  __scatter.o(!!!scatter)
    !!handler_copy                           0x080001d0   Section       26  __scatter_copy.o(!!handler_copy)
    !!handler_zi                             0x080001ec   Section       28  __scatter_zi.o(!!handler_zi)
    .ARM.Collect$$libinit$$00000000          0x08000208   Section        2  libinit.o(.ARM.Collect$$libinit$$00000000)
    .ARM.Collect$$libinit$$00000001          0x0800020a   Section        4  libinit2.o(.ARM.Collect$$libinit$$00000001)
    .ARM.Collect$$libinit$$00000004          0x0800020e   Section        0  libinit2.o(.ARM.Collect$$libinit$$00000004)
    .ARM.Collect$$libinit$$0000000A          0x0800020e   Section        0  libinit2.o(.ARM.Collect$$libinit$$0000000A)
    .ARM.Collect$$libinit$$0000000C          0x0800020e   Section        0  libinit2.o(.ARM.Collect$$libinit$$0000000C)
    .ARM.Collect$$libinit$$0000000E          0x0800020e   Section        0  libinit2.o(.ARM.Collect$$libinit$$0000000E)
    .ARM.Collect$$libinit$$00000011          0x0800020e   Section        0  libinit2.o(.ARM.Collect$$libinit$$00000011)
    .ARM.Collect$$libinit$$00000013          0x0800020e   Section        0  libinit2.o(.ARM.Collect$$libinit$$00000013)
    .ARM.Collect$$libinit$$00000015          0x0800020e   Section        0  libinit2.o(.ARM.Collect$$libinit$$00000015)
    .ARM.Collect$$libinit$$00000017          0x0800020e   Section        0  libinit2.o(.ARM.Collect$$libinit$$00000017)
    .ARM.Collect$$libinit$$00000019          0x0800020e   Section        0  libinit2.o(.ARM.Collect$$libinit$$00000019)
    .ARM.Collect$$libinit$$0000001B          0x0800020e   Section        0  libinit2.o(.ARM.Collect$$libinit$$0000001B)
    .ARM.Collect$$libinit$$0000001D          0x0800020e   Section        0  libinit2.o(.ARM.Collect$$libinit$$0000001D)
    .ARM.Collect$$libinit$$0000001F          0x0800020e   Section        0  libinit2.o(.ARM.Collect$$libinit$$0000001F)
    .ARM.Collect$$libinit$$00000021          0x0800020e   Section        0  libinit2.o(.ARM.Collect$$libinit$$00000021)
    .ARM.Collect$$libinit$$00000023          0x0800020e   Section        0  libinit2.o(.ARM.Collect$$libinit$$00000023)
    .ARM.Collect$$libinit$$00000025          0x0800020e   Section        0  libinit2.o(.ARM.Collect$$libinit$$00000025)
    .ARM.Collect$$libinit$$0000002C          0x0800020e   Section        0  libinit2.o(.ARM.Collect$$libinit$$0000002C)
    .ARM.Collect$$libinit$$0000002E          0x0800020e   Section        0  libinit2.o(.ARM.Collect$$libinit$$0000002E)
    .ARM.Collect$$libinit$$00000030          0x0800020e   Section        0  libinit2.o(.ARM.Collect$$libinit$$00000030)
    .ARM.Collect$$libinit$$00000032          0x0800020e   Section        0  libinit2.o(.ARM.Collect$$libinit$$00000032)
    .ARM.Collect$$libinit$$00000033          0x0800020e   Section        2  libinit2.o(.ARM.Collect$$libinit$$00000033)
    .ARM.Collect$$libshutdown$$00000000      0x08000210   Section        2  libshutdown.o(.ARM.Collect$$libshutdown$$00000000)
    .ARM.Collect$$libshutdown$$00000002      0x08000212   Section        0  libshutdown2.o(.ARM.Collect$$libshutdown$$00000002)
    .ARM.Collect$$libshutdown$$00000004      0x08000212   Section        0  libshutdown2.o(.ARM.Collect$$libshutdown$$00000004)
    .ARM.Collect$$libshutdown$$00000006      0x08000212   Section        0  libshutdown2.o(.ARM.Collect$$libshutdown$$00000006)
    .ARM.Collect$$libshutdown$$00000009      0x08000212   Section        0  libshutdown2.o(.ARM.Collect$$libshutdown$$00000009)
    .ARM.Collect$$libshutdown$$0000000C      0x08000212   Section        0  libshutdown2.o(.ARM.Collect$$libshutdown$$0000000C)
    .ARM.Collect$$libshutdown$$0000000E      0x08000212   Section        0  libshutdown2.o(.ARM.Collect$$libshutdown$$0000000E)
    .ARM.Collect$$libshutdown$$00000011      0x08000212   Section        0  libshutdown2.o(.ARM.Collect$$libshutdown$$00000011)
    .ARM.Collect$$libshutdown$$00000012      0x08000212   Section        2  libshutdown2.o(.ARM.Collect$$libshutdown$$00000012)
    .ARM.Collect$$rtentry$$00000000          0x08000214   Section        0  __rtentry.o(.ARM.Collect$$rtentry$$00000000)
    .ARM.Collect$$rtentry$$00000002          0x08000214   Section        0  __rtentry2.o(.ARM.Collect$$rtentry$$00000002)
    .ARM.Collect$$rtentry$$00000004          0x08000214   Section        6  __rtentry4.o(.ARM.Collect$$rtentry$$00000004)
    .ARM.Collect$$rtentry$$00000009          0x0800021a   Section        0  __rtentry2.o(.ARM.Collect$$rtentry$$00000009)
    .ARM.Collect$$rtentry$$0000000A          0x0800021a   Section        4  __rtentry2.o(.ARM.Collect$$rtentry$$0000000A)
    .ARM.Collect$$rtentry$$0000000C          0x0800021e   Section        0  __rtentry2.o(.ARM.Collect$$rtentry$$0000000C)
    .ARM.Collect$$rtentry$$0000000D          0x0800021e   Section        8  __rtentry2.o(.ARM.Collect$$rtentry$$0000000D)
    .ARM.Collect$$rtexit$$00000000           0x08000226   Section        2  rtexit.o(.ARM.Collect$$rtexit$$00000000)
    .ARM.Collect$$rtexit$$00000002           0x08000228   Section        0  rtexit2.o(.ARM.Collect$$rtexit$$00000002)
    .ARM.Collect$$rtexit$$00000003           0x08000228   Section        4  rtexit2.o(.ARM.Collect$$rtexit$$00000003)
    .ARM.Collect$$rtexit$$00000004           0x0800022c   Section        6  rtexit2.o(.ARM.Collect$$rtexit$$00000004)
    .emb_text                                0x08000234   Section      126  main.o(.emb_text)
    $v0                                      0x08000234   Number         0  main.o(.emb_text)
    .text                                    0x080002b4   Section       64  startup_stm32f401xe.o(.text)
    $v0                                      0x080002b4   Number         0  startup_stm32f401xe.o(.text)
    .text                                    0x080002f4   Section        0  assert.o(.text)
    .text                                    0x08000374   Section        0  heapauxi.o(.text)
    .text                                    0x0800037a   Section        0  abort.o(.text)
    .text                                    0x08000390   Section        0  assert_puts.o(.text)
    .text                                    0x080003a4   Section        0  sys_wrch.o(.text)
    .text                                    0x080003b4   Section        0  sys_exit.o(.text)
    .text                                    0x080003c0   Section        8  libspace.o(.text)
    .text                                    0x080003c8   Section        0  defsig_abrt_outer.o(.text)
    .text                                    0x080003d6   Section        2  use_no_semi.o(.text)
    .text                                    0x080003d8   Section       74  sys_stackheap_outer.o(.text)
    .text                                    0x080003d8   Section        0  indicate_semi.o(.text)
    .text                                    0x08000422   Section        0  exit.o(.text)
    .text                                    0x08000434   Section        0  defsig_exit.o(.text)
    .text                                    0x08000440   Section        0  defsig_abrt_inner.o(.text)
    .text                                    0x08000470   Section        0  defsig_general.o(.text)
    i.EXTI0_IRQHandler                       0x080004a4   Section        0  gpio.o(i.EXTI0_IRQHandler)
    i.EXTI15_10_IRQHandler                   0x080004ec   Section        0  gpio.o(i.EXTI15_10_IRQHandler)
    i.EXTI1_IRQHandler                       0x08000534   Section        0  gpio.o(i.EXTI1_IRQHandler)
    i.EXTI2_IRQHandler                       0x0800057c   Section        0  gpio.o(i.EXTI2_IRQHandler)
    i.EXTI3_IRQHandler                       0x080005c4   Section        0  gpio.o(i.EXTI3_IRQHandler)
    i.EXTI4_IRQHandler                       0x0800060c   Section        0  gpio.o(i.EXTI4_IRQHandler)
    i.EXTI9_5_IRQHandler                     0x08000654   Section        0  gpio.o(i.EXTI9_5_IRQHandler)
    i.SysTick_Handler                        0x0800069c   Section        0  timer.o(i.SysTick_Handler)
    i.SystemInit                             0x080006a8   Section        0  system_stm32f4xx.o(i.SystemInit)
    i.USART2_IRQHandler                      0x080006b8   Section        0  uart.o(i.USART2_IRQHandler)
    i.USART_GetFlagStatus                    0x080006e0   Section        0  stm32f4xx_usart.o(i.USART_GetFlagStatus)
    i.USART_ReceiveData                      0x080006ee   Section        0  stm32f4xx_usart.o(i.USART_ReceiveData)
    i.__NVIC_ClearPendingIRQ                 0x080006f6   Section        0  gpio.o(i.__NVIC_ClearPendingIRQ)
    __NVIC_ClearPendingIRQ                   0x080006f7   Thumb Code    26  gpio.o(i.__NVIC_ClearPendingIRQ)
    i.__NVIC_ClearPendingIRQ                 0x08000710   Section        0  uart.o(i.__NVIC_ClearPendingIRQ)
    __NVIC_ClearPendingIRQ                   0x08000711   Thumb Code    26  uart.o(i.__NVIC_ClearPendingIRQ)
    i.main                                   0x0800072c   Section        0  main.o(i.main)
    i.uart_rx                                0x08000904   Section        0  uart.o(i.uart_rx)
    x$fpl$fpinit                             0x08000924   Section       10  fpinit.o(x$fpl$fpinit)
    $v0                                      0x08000924   Number         0  fpinit.o(x$fpl$fpinit)
    .data                                    0x20000000   Section       28  gpio.o(.data)
    GPIO_callback                            0x20000018   Data           4  gpio.o(.data)
    .data                                    0x2000001c   Section        4  timer.o(.data)
    timer_callback                           0x2000001c   Data           4  timer.o(.data)
    .data                                    0x20000020   Section        4  uart.o(.data)
    UART_callback                            0x20000020   Data           4  uart.o(.data)
    .bss                                     0x20000024   Section       96  libspace.o(.bss)
    HEAP                                     0x20000088   Section      512  startup_stm32f401xe.o(HEAP)
    Heap_Mem                                 0x20000088   Data         512  startup_stm32f401xe.o(HEAP)
    STACK                                    0x20000288   Section     1024  startup_stm32f401xe.o(STACK)
    Stack_Mem                                0x20000288   Data        1024  startup_stm32f401xe.o(STACK)
    __initial_sp                             0x20000688   Data           0  startup_stm32f401xe.o(STACK)

    Global Symbols

    Symbol Name                              Value     Ov Type        Size  Object(Section)

    BuildAttributes$$THM_ISAv4$E$P$D$K$B$S$7EM$VFPi3$EXTD16$VFPS$VFMA$PE$A:L22UL41UL21$X:L11$S22US41US21$IEEE1$IW$USESV6$~STKCKD$USESV7$~SHL$OTIME$ROPI$EBA8$UX$STANDARDLIB$REQ8$EABIv2 0x00000000   Number         0  anon$$obj.o ABSOLUTE
    __ARM_use_no_argv                        0x00000000   Number         0  main.o ABSOLUTE
    __ARM_exceptions_init                     - Undefined Weak Reference
    __alloca_initialize                       - Undefined Weak Reference
    __arm_fini_                               - Undefined Weak Reference
    __arm_preinit_                            - Undefined Weak Reference
    __cpp_initialize__aeabi_                  - Undefined Weak Reference
    __cxa_finalize                            - Undefined Weak Reference
    __rt_locale                               - Undefined Weak Reference
    __sigvec_lookup                           - Undefined Weak Reference
    __user_heap_extent                        - Undefined Weak Reference
    _atexit_init                              - Undefined Weak Reference
    _call_atexit_fns                          - Undefined Weak Reference
    _clock_init                               - Undefined Weak Reference
    _fp_trap_init                             - Undefined Weak Reference
    _fp_trap_shutdown                         - Undefined Weak Reference
    _get_lc_collate                           - Undefined Weak Reference
    _get_lc_ctype                             - Undefined Weak Reference
    _get_lc_monetary                          - Undefined Weak Reference
    _get_lc_numeric                           - Undefined Weak Reference
    _get_lc_time                              - Undefined Weak Reference
    _getenv_init                              - Undefined Weak Reference
    _handle_redirection                       - Undefined Weak Reference
    _initio                                   - Undefined Weak Reference
    _mutex_acquire                            - Undefined Weak Reference
    _mutex_free                               - Undefined Weak Reference
    _mutex_release                            - Undefined Weak Reference
    _rand_init                                - Undefined Weak Reference
    _signal_finish                            - Undefined Weak Reference
    _signal_init                              - Undefined Weak Reference
    _terminateio                              - Undefined Weak Reference
    __Vectors_Size                           0x00000194   Number         0  startup_stm32f401xe.o ABSOLUTE
    __Vectors                                0x08000000   Data           4  startup_stm32f401xe.o(RESET)
    __Vectors_End                            0x08000194   Data           0  startup_stm32f401xe.o(RESET)
    __main                                   0x08000195   Thumb Code     8  __main.o(!!!main)
    __scatterload                            0x0800019d   Thumb Code     0  __scatter.o(!!!scatter)
    __scatterload_rt2                        0x0800019d   Thumb Code    44  __scatter.o(!!!scatter)
    __scatterload_rt2_thumb_only             0x0800019d   Thumb Code     0  __scatter.o(!!!scatter)
    __scatterload_null                       0x080001ab   Thumb Code     0  __scatter.o(!!!scatter)
    __scatterload_copy                       0x080001d1   Thumb Code    26  __scatter_copy.o(!!handler_copy)
    __scatterload_zeroinit                   0x080001ed   Thumb Code    28  __scatter_zi.o(!!handler_zi)
    __rt_lib_init                            0x08000209   Thumb Code     0  libinit.o(.ARM.Collect$$libinit$$00000000)
    __rt_lib_init_fp_1                       0x0800020b   Thumb Code     0  libinit2.o(.ARM.Collect$$libinit$$00000001)
    __rt_lib_init_alloca_1                   0x0800020f   Thumb Code     0  libinit2.o(.ARM.Collect$$libinit$$0000002E)
    __rt_lib_init_argv_1                     0x0800020f   Thumb Code     0  libinit2.o(.ARM.Collect$$libinit$$0000002C)
    __rt_lib_init_atexit_1                   0x0800020f   Thumb Code     0  libinit2.o(.ARM.Collect$$libinit$$0000001B)
    __rt_lib_init_clock_1                    0x0800020f   Thumb Code     0  libinit2.o(.ARM.Collect$$libinit$$00000021)
    __rt_lib_init_cpp_1                      0x0800020f   Thumb Code     0  libinit2.o(.ARM.Collect$$libinit$$00000032)
    __rt_lib_init_exceptions_1               0x0800020f   Thumb Code     0  libinit2.o(.ARM.Collect$$libinit$$00000030)
    __rt_lib_init_fp_trap_1                  0x0800020f   Thumb Code     0  libinit2.o(.ARM.Collect$$libinit$$0000001F)
    __rt_lib_init_getenv_1                   0x0800020f   Thumb Code     0  libinit2.o(.ARM.Collect$$libinit$$00000023)
    __rt_lib_init_heap_1                     0x0800020f   Thumb Code     0  libinit2.o(.ARM.Collect$$libinit$$0000000A)
    __rt_lib_init_lc_collate_1               0x0800020f   Thumb Code     0  libinit2.o(.ARM.Collect$$libinit$$00000011)
    __rt_lib_init_lc_ctype_1                 0x0800020f   Thumb Code     0  libinit2.o(.ARM.Collect$$libinit$$00000013)
    __rt_lib_init_lc_monetary_1              0x0800020f   Thumb Code     0  libinit2.o(.ARM.Collect$$libinit$$00000015)
    __rt_lib_init_lc_numeric_1               0x0800020f   Thumb Code     0  libinit2.o(.ARM.Collect$$libinit$$00000017)
    __rt_lib_init_lc_time_1                  0x0800020f   Thumb Code     0  libinit2.o(.ARM.Collect$$libinit$$00000019)
    __rt_lib_init_preinit_1                  0x0800020f   Thumb Code     0  libinit2.o(.ARM.Collect$$libinit$$00000004)
    __rt_lib_init_rand_1                     0x0800020f   Thumb Code     0  libinit2.o(.ARM.Collect$$libinit$$0000000E)
    __rt_lib_init_return                     0x0800020f   Thumb Code     0  libinit2.o(.ARM.Collect$$libinit$$00000033)
    __rt_lib_init_signal_1                   0x0800020f   Thumb Code     0  libinit2.o(.ARM.Collect$$libinit$$0000001D)
    __rt_lib_init_stdio_1                    0x0800020f   Thumb Code     0  libinit2.o(.ARM.Collect$$libinit$$00000025)
    __rt_lib_init_user_alloc_1               0x0800020f   Thumb Code     0  libinit2.o(.ARM.Collect$$libinit$$0000000C)
    __rt_lib_shutdown                        0x08000211   Thumb Code     0  libshutdown.o(.ARM.Collect$$libshutdown$$00000000)
    __rt_lib_shutdown_cpp_1                  0x08000213   Thumb Code     0  libshutdown2.o(.ARM.Collect$$libshutdown$$00000004)
    __rt_lib_shutdown_fini_1                 0x08000213   Thumb Code     0  libshutdown2.o(.ARM.Collect$$libshutdown$$00000002)
    __rt_lib_shutdown_fp_trap_1              0x08000213   Thumb Code     0  libshutdown2.o(.ARM.Collect$$libshutdown$$00000009)
    __rt_lib_shutdown_heap_1                 0x08000213   Thumb Code     0  libshutdown2.o(.ARM.Collect$$libshutdown$$00000011)
    __rt_lib_shutdown_return                 0x08000213   Thumb Code     0  libshutdown2.o(.ARM.Collect$$libshutdown$$00000012)
    __rt_lib_shutdown_signal_1               0x08000213   Thumb Code     0  libshutdown2.o(.ARM.Collect$$libshutdown$$0000000C)
    __rt_lib_shutdown_stdio_1                0x08000213   Thumb Code     0  libshutdown2.o(.ARM.Collect$$libshutdown$$00000006)
    __rt_lib_shutdown_user_alloc_1           0x08000213   Thumb Code     0  libshutdown2.o(.ARM.Collect$$libshutdown$$0000000E)
    __rt_entry                               0x08000215   Thumb Code     0  __rtentry.o(.ARM.Collect$$rtentry$$00000000)
    __rt_entry_presh_1                       0x08000215   Thumb Code     0  __rtentry2.o(.ARM.Collect$$rtentry$$00000002)
    __rt_entry_sh                            0x08000215   Thumb Code     0  __rtentry4.o(.ARM.Collect$$rtentry$$00000004)
    __rt_entry_li                            0x0800021b   Thumb Code     0  __rtentry2.o(.ARM.Collect$$rtentry$$0000000A)
    __rt_entry_postsh_1                      0x0800021b   Thumb Code     0  __rtentry2.o(.ARM.Collect$$rtentry$$00000009)
    __rt_entry_main                          0x0800021f   Thumb Code     0  __rtentry2.o(.ARM.Collect$$rtentry$$0000000D)
    __rt_entry_postli_1                      0x0800021f   Thumb Code     0  __rtentry2.o(.ARM.Collect$$rtentry$$0000000C)
    __rt_exit                                0x08000227   Thumb Code     0  rtexit.o(.ARM.Collect$$rtexit$$00000000)
    __rt_exit_ls                             0x08000229   Thumb Code     0  rtexit2.o(.ARM.Collect$$rtexit$$00000003)
    __rt_exit_prels_1                        0x08000229   Thumb Code     0  rtexit2.o(.ARM.Collect$$rtexit$$00000002)
    __rt_exit_exit                           0x0800022d   Thumb Code     0  rtexit2.o(.ARM.Collect$$rtexit$$00000004)
    my_sqrt_int                              0x08000235   Thumb Code    70  main.o(.emb_text)
    my_sqrt_fixed_point                      0x0800027b   Thumb Code    56  main.o(.emb_text)
    Reset_Handler                            0x080002b5   Thumb Code     8  startup_stm32f401xe.o(.text)
    NMI_Handler                              0x080002bd   Thumb Code     2  startup_stm32f401xe.o(.text)
    HardFault_Handler                        0x080002bf   Thumb Code     2  startup_stm32f401xe.o(.text)
    MemManage_Handler                        0x080002c1   Thumb Code     2  startup_stm32f401xe.o(.text)
    BusFault_Handler                         0x080002c3   Thumb Code     2  startup_stm32f401xe.o(.text)
    UsageFault_Handler                       0x080002c5   Thumb Code     2  startup_stm32f401xe.o(.text)
    SVC_Handler                              0x080002c7   Thumb Code     2  startup_stm32f401xe.o(.text)
    DebugMon_Handler                         0x080002c9   Thumb Code     2  startup_stm32f401xe.o(.text)
    PendSV_Handler                           0x080002cb   Thumb Code     2  startup_stm32f401xe.o(.text)
    ADC_IRQHandler                           0x080002cf   Thumb Code     0  startup_stm32f401xe.o(.text)
    DMA1_Stream0_IRQHandler                  0x080002cf   Thumb Code     0  startup_stm32f401xe.o(.text)
    DMA1_Stream1_IRQHandler                  0x080002cf   Thumb Code     0  startup_stm32f401xe.o(.text)
    DMA1_Stream2_IRQHandler                  0x080002cf   Thumb Code     0  startup_stm32f401xe.o(.text)
    DMA1_Stream3_IRQHandler                  0x080002cf   Thumb Code     0  startup_stm32f401xe.o(.text)
    DMA1_Stream4_IRQHandler                  0x080002cf   Thumb Code     0  startup_stm32f401xe.o(.text)
    DMA1_Stream5_IRQHandler                  0x080002cf   Thumb Code     0  startup_stm32f401xe.o(.text)
    DMA1_Stream6_IRQHandler                  0x080002cf   Thumb Code     0  startup_stm32f401xe.o(.text)
    DMA1_Stream7_IRQHandler                  0x080002cf   Thumb Code     0  startup_stm32f401xe.o(.text)
    DMA2_Stream0_IRQHandler                  0x080002cf   Thumb Code     0  startup_stm32f401xe.o(.text)
    DMA2_Stream1_IRQHandler                  0x080002cf   Thumb Code     0  startup_stm32f401xe.o(.text)
    DMA2_Stream2_IRQHandler                  0x080002cf   Thumb Code     0  startup_stm32f401xe.o(.text)
    DMA2_Stream3_IRQHandler                  0x080002cf   Thumb Code     0  startup_stm32f401xe.o(.text)
    DMA2_Stream4_IRQHandler                  0x080002cf   Thumb Code     0  startup_stm32f401xe.o(.text)
    DMA2_Stream5_IRQHandler                  0x080002cf   Thumb Code     0  startup_stm32f401xe.o(.text)
    DMA2_Stream6_IRQHandler                  0x080002cf   Thumb Code     0  startup_stm32f401xe.o(.text)
    DMA2_Stream7_IRQHandler                  0x080002cf   Thumb Code     0  startup_stm32f401xe.o(.text)
    FLASH_IRQHandler                         0x080002cf   Thumb Code     0  startup_stm32f401xe.o(.text)
    FPU_IRQHandler                           0x080002cf   Thumb Code     0  startup_stm32f401xe.o(.text)
    I2C1_ER_IRQHandler                       0x080002cf   Thumb Code     0  startup_stm32f401xe.o(.text)
    I2C1_EV_IRQHandler                       0x080002cf   Thumb Code     0  startup_stm32f401xe.o(.text)
    I2C2_ER_IRQHandler                       0x080002cf   Thumb Code     0  startup_stm32f401xe.o(.text)
    I2C2_EV_IRQHandler                       0x080002cf   Thumb Code     0  startup_stm32f401xe.o(.text)
    I2C3_ER_IRQHandler                       0x080002cf   Thumb Code     0  startup_stm32f401xe.o(.text)
    I2C3_EV_IRQHandler                       0x080002cf   Thumb Code     0  startup_stm32f401xe.o(.text)
    OTG_FS_IRQHandler                        0x080002cf   Thumb Code     0  startup_stm32f401xe.o(.text)
    OTG_FS_WKUP_IRQHandler                   0x080002cf   Thumb Code     0  startup_stm32f401xe.o(.text)
    PVD_IRQHandler                           0x080002cf   Thumb Code     0  startup_stm32f401xe.o(.text)
    RCC_IRQHandler                           0x080002cf   Thumb Code     0  startup_stm32f401xe.o(.text)
    RTC_Alarm_IRQHandler                     0x080002cf   Thumb Code     0  startup_stm32f401xe.o(.text)
    RTC_WKUP_IRQHandler                      0x080002cf   Thumb Code     0  startup_stm32f401xe.o(.text)
    SDIO_IRQHandler                          0x080002cf   Thumb Code     0  startup_stm32f401xe.o(.text)
    SPI1_IRQHandler                          0x080002cf   Thumb Code     0  startup_stm32f401xe.o(.text)
    SPI2_IRQHandler                          0x080002cf   Thumb Code     0  startup_stm32f401xe.o(.text)
    SPI3_IRQHandler                          0x080002cf   Thumb Code     0  startup_stm32f401xe.o(.text)
    SPI4_IRQHandler                          0x080002cf   Thumb Code     0  startup_stm32f401xe.o(.text)
    TAMP_STAMP_IRQHandler                    0x080002cf   Thumb Code     0  startup_stm32f401xe.o(.text)
    TIM1_BRK_TIM9_IRQHandler                 0x080002cf   Thumb Code     0  startup_stm32f401xe.o(.text)
    TIM1_CC_IRQHandler                       0x080002cf   Thumb Code     0  startup_stm32f401xe.o(.text)
    TIM1_TRG_COM_TIM11_IRQHandler            0x080002cf   Thumb Code     0  startup_stm32f401xe.o(.text)
    TIM1_UP_TIM10_IRQHandler                 0x080002cf   Thumb Code     0  startup_stm32f401xe.o(.text)
    TIM2_IRQHandler                          0x080002cf   Thumb Code     0  startup_stm32f401xe.o(.text)
    TIM3_IRQHandler                          0x080002cf   Thumb Code     0  startup_stm32f401xe.o(.text)
    TIM4_IRQHandler                          0x080002cf   Thumb Code     0  startup_stm32f401xe.o(.text)
    TIM5_IRQHandler                          0x080002cf   Thumb Code     0  startup_stm32f401xe.o(.text)
    USART1_IRQHandler                        0x080002cf   Thumb Code     0  startup_stm32f401xe.o(.text)
    USART6_IRQHandler                        0x080002cf   Thumb Code     0  startup_stm32f401xe.o(.text)
    WWDG_IRQHandler                          0x080002cf   Thumb Code     0  startup_stm32f401xe.o(.text)
    __user_initial_stackheap                 0x080002d1   Thumb Code     0  startup_stm32f401xe.o(.text)
    __aeabi_assert                           0x080002f5   Thumb Code    86  assert.o(.text)
    __assert                                 0x080002f5   Thumb Code     0  assert.o(.text)
    __use_two_region_memory                  0x08000375   Thumb Code     2  heapauxi.o(.text)
    __rt_heap_escrow                         0x08000377   Thumb Code     2  heapauxi.o(.text)
    __rt_heap_expand                         0x08000379   Thumb Code     2  heapauxi.o(.text)
    abort                                    0x0800037b   Thumb Code    22  abort.o(.text)
    __assert_puts                            0x08000391   Thumb Code    20  assert_puts.o(.text)
    _ttywrch                                 0x080003a5   Thumb Code    14  sys_wrch.o(.text)
    _sys_exit                                0x080003b5   Thumb Code     8  sys_exit.o(.text)
    __user_libspace                          0x080003c1   Thumb Code     8  libspace.o(.text)
    __user_perproc_libspace                  0x080003c1   Thumb Code     0  libspace.o(.text)
    __user_perthread_libspace                0x080003c1   Thumb Code     0  libspace.o(.text)
    __rt_SIGABRT                             0x080003c9   Thumb Code    14  defsig_abrt_outer.o(.text)
    __I$use$semihosting                      0x080003d7   Thumb Code     0  use_no_semi.o(.text)
    __use_no_semihosting_swi                 0x080003d7   Thumb Code     2  use_no_semi.o(.text)
    __semihosting_library_function           0x080003d9   Thumb Code     0  indicate_semi.o(.text)
    __user_setup_stackheap                   0x080003d9   Thumb Code    74  sys_stackheap_outer.o(.text)
    exit                                     0x08000423   Thumb Code    18  exit.o(.text)
    __sig_exit                               0x08000435   Thumb Code    10  defsig_exit.o(.text)
    __rt_SIGABRT_inner                       0x08000441   Thumb Code    14  defsig_abrt_inner.o(.text)
    __default_signal_display                 0x08000471   Thumb Code    50  defsig_general.o(.text)
    EXTI0_IRQHandler                         0x080004a5   Thumb Code    60  gpio.o(i.EXTI0_IRQHandler)
    EXTI15_10_IRQHandler                     0x080004ed   Thumb Code    60  gpio.o(i.EXTI15_10_IRQHandler)
    EXTI1_IRQHandler                         0x08000535   Thumb Code    60  gpio.o(i.EXTI1_IRQHandler)
    EXTI2_IRQHandler                         0x0800057d   Thumb Code    60  gpio.o(i.EXTI2_IRQHandler)
    EXTI3_IRQHandler                         0x080005c5   Thumb Code    60  gpio.o(i.EXTI3_IRQHandler)
    EXTI4_IRQHandler                         0x0800060d   Thumb Code    60  gpio.o(i.EXTI4_IRQHandler)
    EXTI9_5_IRQHandler                       0x08000655   Thumb Code    60  gpio.o(i.EXTI9_5_IRQHandler)
    SysTick_Handler                          0x0800069d   Thumb Code     6  timer.o(i.SysTick_Handler)
    SystemInit                               0x080006a9   Thumb Code    12  system_stm32f4xx.o(i.SystemInit)
    USART2_IRQHandler                        0x080006b9   Thumb Code    32  uart.o(i.USART2_IRQHandler)
    USART_GetFlagStatus                      0x080006e1   Thumb Code    14  stm32f4xx_usart.o(i.USART_GetFlagStatus)
    USART_ReceiveData                        0x080006ef   Thumb Code     8  stm32f4xx_usart.o(i.USART_ReceiveData)
    main                                     0x0800072d   Thumb Code   330  main.o(i.main)
    uart_rx                                  0x08000905   Thumb Code    26  uart.o(i.uart_rx)
    _fp_init                                 0x08000925   Thumb Code    10  fpinit.o(x$fpl$fpinit)
    __fplib_config_fpu_vfp                   0x0800092d   Thumb Code     0  fpinit.o(x$fpl$fpinit)
    __fplib_config_pureend_doubles           0x0800092d   Thumb Code     0  fpinit.o(x$fpl$fpinit)
    Region$$Table$$Base                      0x08000930   Number         0  anon$$obj.o(Region$$Table)
    Region$$Table$$Limit                     0x08000950   Number         0  anon$$obj.o(Region$$Table)
    IRQ_status                               0x20000000   Data           4  gpio.o(.data)
    IRQ_port_num                             0x20000004   Data           4  gpio.o(.data)
    IRQ_pin_index                            0x20000008   Data           4  gpio.o(.data)
    EXTI_port_set                            0x2000000c   Data           4  gpio.o(.data)
    prioritygroup                            0x20000010   Data           4  gpio.o(.data)
    priority                                 0x20000014   Data           4  gpio.o(.data)
    __libspace_start                         0x20000024   Data          96  libspace.o(.bss)
    __temporary_stack_top$libspace           0x20000084   Data           0  libspace.o(.bss)



==============================================================================

Memory Map of the image

  Image Entry point : 0x08000195

  Load Region LR_IROM1 (Base: 0x08000000, Size: 0x00000974, Max: 0x00080000, ABSOLUTE)

    Execution Region ER_IROM1 (Exec base: 0x08000000, Load base: 0x08000000, Size: 0x00000950, Max: 0x00080000, ABSOLUTE)

    Exec Addr    Load Addr    Size         Type   Attr      Idx    E Section Name        Object

    0x08000000   0x08000000   0x00000194   Data   RO         1613    RESET               startup_stm32f401xe.o
    0x08000194   0x08000194   0x00000008   Code   RO         1718  * !!!main             c_w.l(__main.o)
    0x0800019c   0x0800019c   0x00000034   Code   RO         1956    !!!scatter          c_w.l(__scatter.o)
    0x080001d0   0x080001d0   0x0000001a   Code   RO         1958    !!handler_copy      c_w.l(__scatter_copy.o)
    0x080001ea   0x080001ea   0x00000002   PAD
    0x080001ec   0x080001ec   0x0000001c   Code   RO         1960    !!handler_zi        c_w.l(__scatter_zi.o)
    0x08000208   0x08000208   0x00000002   Code   RO         1899    .ARM.Collect$$libinit$$00000000  c_w.l(libinit.o)
    0x0800020a   0x0800020a   0x00000004   Code   RO         1776    .ARM.Collect$$libinit$$00000001  c_w.l(libinit2.o)
    0x0800020e   0x0800020e   0x00000000   Code   RO         1779    .ARM.Collect$$libinit$$00000004  c_w.l(libinit2.o)
    0x0800020e   0x0800020e   0x00000000   Code   RO         1782    .ARM.Collect$$libinit$$0000000A  c_w.l(libinit2.o)
    0x0800020e   0x0800020e   0x00000000   Code   RO         1784    .ARM.Collect$$libinit$$0000000C  c_w.l(libinit2.o)
    0x0800020e   0x0800020e   0x00000000   Code   RO         1786    .ARM.Collect$$libinit$$0000000E  c_w.l(libinit2.o)
    0x0800020e   0x0800020e   0x00000000   Code   RO         1789    .ARM.Collect$$libinit$$00000011  c_w.l(libinit2.o)
    0x0800020e   0x0800020e   0x00000000   Code   RO         1791    .ARM.Collect$$libinit$$00000013  c_w.l(libinit2.o)
    0x0800020e   0x0800020e   0x00000000   Code   RO         1793    .ARM.Collect$$libinit$$00000015  c_w.l(libinit2.o)
    0x0800020e   0x0800020e   0x00000000   Code   RO         1795    .ARM.Collect$$libinit$$00000017  c_w.l(libinit2.o)
    0x0800020e   0x0800020e   0x00000000   Code   RO         1797    .ARM.Collect$$libinit$$00000019  c_w.l(libinit2.o)
    0x0800020e   0x0800020e   0x00000000   Code   RO         1799    .ARM.Collect$$libinit$$0000001B  c_w.l(libinit2.o)
    0x0800020e   0x0800020e   0x00000000   Code   RO         1801    .ARM.Collect$$libinit$$0000001D  c_w.l(libinit2.o)
    0x0800020e   0x0800020e   0x00000000   Code   RO         1803    .ARM.Collect$$libinit$$0000001F  c_w.l(libinit2.o)
    0x0800020e   0x0800020e   0x00000000   Code   RO         1805    .ARM.Collect$$libinit$$00000021  c_w.l(libinit2.o)
    0x0800020e   0x0800020e   0x00000000   Code   RO         1807    .ARM.Collect$$libinit$$00000023  c_w.l(libinit2.o)
    0x0800020e   0x0800020e   0x00000000   Code   RO         1809    .ARM.Collect$$libinit$$00000025  c_w.l(libinit2.o)
    0x0800020e   0x0800020e   0x00000000   Code   RO         1813    .ARM.Collect$$libinit$$0000002C  c_w.l(libinit2.o)
    0x0800020e   0x0800020e   0x00000000   Code   RO         1815    .ARM.Collect$$libinit$$0000002E  c_w.l(libinit2.o)
    0x0800020e   0x0800020e   0x00000000   Code   RO         1817    .ARM.Collect$$libinit$$00000030  c_w.l(libinit2.o)
    0x0800020e   0x0800020e   0x00000000   Code   RO         1819    .ARM.Collect$$libinit$$00000032  c_w.l(libinit2.o)
    0x0800020e   0x0800020e   0x00000002   Code   RO         1820    .ARM.Collect$$libinit$$00000033  c_w.l(libinit2.o)
    0x08000210   0x08000210   0x00000002   Code   RO         1953    .ARM.Collect$$libshutdown$$00000000  c_w.l(libshutdown.o)
    0x08000212   0x08000212   0x00000000   Code   RO         1911    .ARM.Collect$$libshutdown$$00000002  c_w.l(libshutdown2.o)
    0x08000212   0x08000212   0x00000000   Code   RO         1913    .ARM.Collect$$libshutdown$$00000004  c_w.l(libshutdown2.o)
    0x08000212   0x08000212   0x00000000   Code   RO         1915    .ARM.Collect$$libshutdown$$00000006  c_w.l(libshutdown2.o)
    0x08000212   0x08000212   0x00000000   Code   RO         1918    .ARM.Collect$$libshutdown$$00000009  c_w.l(libshutdown2.o)
    0x08000212   0x08000212   0x00000000   Code   RO         1921    .ARM.Collect$$libshutdown$$0000000C  c_w.l(libshutdown2.o)
    0x08000212   0x08000212   0x00000000   Code   RO         1923    .ARM.Collect$$libshutdown$$0000000E  c_w.l(libshutdown2.o)
    0x08000212   0x08000212   0x00000000   Code   RO         1926    .ARM.Collect$$libshutdown$$00000011  c_w.l(libshutdown2.o)
    0x08000212   0x08000212   0x00000002   Code   RO         1927    .ARM.Collect$$libshutdown$$00000012  c_w.l(libshutdown2.o)
    0x08000214   0x08000214   0x00000000   Code   RO         1736    .ARM.Collect$$rtentry$$00000000  c_w.l(__rtentry.o)
    0x08000214   0x08000214   0x00000000   Code   RO         1836    .ARM.Collect$$rtentry$$00000002  c_w.l(__rtentry2.o)
    0x08000214   0x08000214   0x00000006   Code   RO         1848    .ARM.Collect$$rtentry$$00000004  c_w.l(__rtentry4.o)
    0x0800021a   0x0800021a   0x00000000   Code   RO         1838    .ARM.Collect$$rtentry$$00000009  c_w.l(__rtentry2.o)
    0x0800021a   0x0800021a   0x00000004   Code   RO         1839    .ARM.Collect$$rtentry$$0000000A  c_w.l(__rtentry2.o)
    0x0800021e   0x0800021e   0x00000000   Code   RO         1841    .ARM.Collect$$rtentry$$0000000C  c_w.l(__rtentry2.o)
    0x0800021e   0x0800021e   0x00000008   Code   RO         1842    .ARM.Collect$$rtentry$$0000000D  c_w.l(__rtentry2.o)
    0x08000226   0x08000226   0x00000002   Code   RO         1900    .ARM.Collect$$rtexit$$00000000  c_w.l(rtexit.o)
    0x08000228   0x08000228   0x00000000   Code   RO         1929    .ARM.Collect$$rtexit$$00000002  c_w.l(rtexit2.o)
    0x08000228   0x08000228   0x00000004   Code   RO         1930    .ARM.Collect$$rtexit$$00000003  c_w.l(rtexit2.o)
    0x0800022c   0x0800022c   0x00000006   Code   RO         1931    .ARM.Collect$$rtexit$$00000004  c_w.l(rtexit2.o)
    0x08000232   0x08000232   0x00000002   PAD
    0x08000234   0x08000234   0x0000007e   Code   RO            1    .emb_text           main.o
    0x080002b2   0x080002b2   0x00000002   PAD
    0x080002b4   0x080002b4   0x00000040   Code   RO         1614    .text               startup_stm32f401xe.o
    0x080002f4   0x080002f4   0x00000080   Code   RO         1714    .text               c_w.l(assert.o)
    0x08000374   0x08000374   0x00000006   Code   RO         1716    .text               c_w.l(heapauxi.o)
    0x0800037a   0x0800037a   0x00000016   Code   RO         1768    .text               c_w.l(abort.o)
    0x08000390   0x08000390   0x00000014   Code   RO         1770    .text               c_w.l(assert_puts.o)
    0x080003a4   0x080003a4   0x0000000e   Code   RO         1826    .text               c_w.l(sys_wrch.o)
    0x080003b2   0x080003b2   0x00000002   PAD
    0x080003b4   0x080003b4   0x0000000c   Code   RO         1830    .text               c_w.l(sys_exit.o)
    0x080003c0   0x080003c0   0x00000008   Code   RO         1832    .text               c_w.l(libspace.o)
    0x080003c8   0x080003c8   0x0000000e   Code   RO         1858    .text               c_w.l(defsig_abrt_outer.o)
    0x080003d6   0x080003d6   0x00000002   Code   RO         1873    .text               c_w.l(use_no_semi.o)
    0x080003d8   0x080003d8   0x00000000   Code   RO         1875    .text               c_w.l(indicate_semi.o)
    0x080003d8   0x080003d8   0x0000004a   Code   RO         1876    .text               c_w.l(sys_stackheap_outer.o)
    0x08000422   0x08000422   0x00000012   Code   RO         1882    .text               c_w.l(exit.o)
    0x08000434   0x08000434   0x0000000a   Code   RO         1884    .text               c_w.l(defsig_exit.o)
    0x0800043e   0x0800043e   0x00000002   PAD
    0x08000440   0x08000440   0x00000030   Code   RO         1886    .text               c_w.l(defsig_abrt_inner.o)
    0x08000470   0x08000470   0x00000032   Code   RO         1908    .text               c_w.l(defsig_general.o)
    0x080004a2   0x080004a2   0x00000002   PAD
    0x080004a4   0x080004a4   0x00000048   Code   RO          227    i.EXTI0_IRQHandler  gpio.o
    0x080004ec   0x080004ec   0x00000048   Code   RO          228    i.EXTI15_10_IRQHandler  gpio.o
    0x08000534   0x08000534   0x00000048   Code   RO          229    i.EXTI1_IRQHandler  gpio.o
    0x0800057c   0x0800057c   0x00000048   Code   RO          230    i.EXTI2_IRQHandler  gpio.o
    0x080005c4   0x080005c4   0x00000048   Code   RO          231    i.EXTI3_IRQHandler  gpio.o
    0x0800060c   0x0800060c   0x00000048   Code   RO          232    i.EXTI4_IRQHandler  gpio.o
    0x08000654   0x08000654   0x00000048   Code   RO          233    i.EXTI9_5_IRQHandler  gpio.o
    0x0800069c   0x0800069c   0x0000000c   Code   RO         1473    i.SysTick_Handler   timer.o
    0x080006a8   0x080006a8   0x00000010   Code   RO         1622    i.SystemInit        system_stm32f4xx.o
    0x080006b8   0x080006b8   0x00000028   Code   RO         1537    i.USART2_IRQHandler  uart.o
    0x080006e0   0x080006e0   0x0000000e   Code   RO         1285    i.USART_GetFlagStatus  stm32f4xx_usart.o
    0x080006ee   0x080006ee   0x00000008   Code   RO         1296    i.USART_ReceiveData  stm32f4xx_usart.o
    0x080006f6   0x080006f6   0x0000001a   Code   RO          235    i.__NVIC_ClearPendingIRQ  gpio.o
    0x08000710   0x08000710   0x0000001a   Code   RO         1538    i.__NVIC_ClearPendingIRQ  uart.o
    0x0800072a   0x0800072a   0x00000002   PAD
    0x0800072c   0x0800072c   0x000001d8   Code   RO            2    i.main              main.o
    0x08000904   0x08000904   0x00000020   Code   RO         1542    i.uart_rx           uart.o
    0x08000924   0x08000924   0x0000000a   Code   RO         1871    x$fpl$fpinit        fz_wm.l(fpinit.o)
    0x0800092e   0x0800092e   0x00000002   PAD
    0x08000930   0x08000930   0x00000020   Data   RO         1954    Region$$Table       anon$$obj.o


    Execution Region RW_IRAM1 (Exec base: 0x20000000, Load base: 0x08000950, Size: 0x00000688, Max: 0x00018000, ABSOLUTE)

    Exec Addr    Load Addr    Size         Type   Attr      Idx    E Section Name        Object

    0x20000000   0x08000950   0x0000001c   Data   RW          247    .data               gpio.o
    0x2000001c   0x0800096c   0x00000004   Data   RW         1479    .data               timer.o
    0x20000020   0x08000970   0x00000004   Data   RW         1545    .data               uart.o
    0x20000024        -       0x00000060   Zero   RW         1833    .bss                c_w.l(libspace.o)
    0x20000084   0x08000974   0x00000004   PAD
    0x20000088        -       0x00000200   Zero   RW         1612    HEAP                startup_stm32f401xe.o
    0x20000288        -       0x00000400   Zero   RW         1611    STACK               startup_stm32f401xe.o


==============================================================================

Image component sizes


      Code (inc. data)   RO Data    RW Data    ZI Data      Debug   Object Name

         0          0          0          0          0     308908   adc.o
       530         84          0         28          0      35607   gpio.o
       598        142          0          0          0       2763   main.o
        64         26        404          0       1536        912   startup_stm32f401xe.o
         0          0          0          0          0       2448   stm32f4xx_adc.o
        22          0          0          0          0       7974   stm32f4xx_usart.o
        16          4          0          0          0        545   system_stm32f4xx.o
        12          6          0          4          0       1097   timer.o
        98         14          0          4          0      32389   uart.o

    ----------------------------------------------------------------------
      1344        276        436         36       1536     392643   Object Totals
         0          0         32          0          0          0   (incl. Generated)
         4          0          0          0          0          0   (incl. Padding)

    ----------------------------------------------------------------------

      Code (inc. data)   RO Data    RW Data    ZI Data      Debug   Library Member Name

         8          0          0          0          0         68   __main.o
         0          0          0          0          0          0   __rtentry.o
        12          0          0          0          0          0   __rtentry2.o
         6          0          0          0          0          0   __rtentry4.o
        52          8          0          0          0          0   __scatter.o
        26          0          0          0          0          0   __scatter_copy.o
        28          0          0          0          0          0   __scatter_zi.o
        22          0          0          0          0         80   abort.o
       128         42          0          0          0         76   assert.o
        20          0          0          0          0         76   assert_puts.o
        48         34          0          0          0         76   defsig_abrt_inner.o
        14          0          0          0          0         80   defsig_abrt_outer.o
        10          0          0          0          0         68   defsig_exit.o
        50          0          0          0          0         88   defsig_general.o
        18          0          0          0          0         80   exit.o
         6          0          0          0          0        152   heapauxi.o
         0          0          0          0          0          0   indicate_semi.o
         2          0          0          0          0          0   libinit.o
         6          0          0          0          0          0   libinit2.o
         2          0          0          0          0          0   libshutdown.o
         2          0          0          0          0          0   libshutdown2.o
         8          4          0          0         96         68   libspace.o
         2          0          0          0          0          0   rtexit.o
        10          0          0          0          0          0   rtexit2.o
        12          4          0          0          0         68   sys_exit.o
        74          0          0          0          0         80   sys_stackheap_outer.o
        14          0          0          0          0         76   sys_wrch.o
         2          0          0          0          0         68   use_no_semi.o
        10          0          0          0          0        116   fpinit.o

    ----------------------------------------------------------------------
       604         92          0          0        100       1320   Library Totals
        12          0          0          0          4          0   (incl. Padding)

    ----------------------------------------------------------------------

      Code (inc. data)   RO Data    RW Data    ZI Data      Debug   Library Name

       582         92          0          0         96       1204   c_w.l
        10          0          0          0          0        116   fz_wm.l

    ----------------------------------------------------------------------
       604         92          0          0        100       1320   Library Totals

    ----------------------------------------------------------------------

==============================================================================


      Code (inc. data)   RO Data    RW Data    ZI Data      Debug   

      1948        368        436         36       1636     392091   Grand Totals
      1948        368        436         36       1636     392091   ELF Image Totals
      1948        368        436         36          0          0   ROM Totals

==============================================================================

    Total RO  Size (Code + RO Data)                 2384 (   2.33kB)
    Total RW  Size (RW Data + ZI Data)              1672 (   1.63kB)
    Total ROM Size (Code + RO Data + RW Data)       2420 (   2.36kB)

==============================================================================

