Component: ARM Compiler 6.16 Tool: armlink [5dfeaa00]

==============================================================================

Loading Objects.

Loading object BUILD/NUCLEO_F401RE/ARMC6/main.o.
Adding cpp init reference.              reference :  __cpp_initialize__aeabi_
              weak defn :  mbed::DigitalOut::read()
              weak defn :  mbed::DigitalOut::write(int)
              weak defn :  mbed::DigitalOut::DigitalOut__sub_object(PinName)
              weak defn :  mbed::DigitalOut::operator=(int)
              weak defn :  mbed::DigitalOut::operator int()
              reference :  __2printf
              definition:  __ARM_use_no_argv
              reference :  _printf_d
              reference :  _printf_int_dec
              reference :  _printf_percent
              reference :  _printf_s
              reference :  _printf_str
              reference :  ctime
              reference :  gpio_init_out
              definition:  led1
              definition:  main
              reference :  set_time
              reference :  thread_sleep_for
              reference :  time
Loading object BUILD/NUCLEO_F401RE/ARMC6/mbed-os/cmsis/CMSIS_5/CMSIS/TARGET_CORTEX_M/Source/mbed_tz_context.o.
Loading object BUILD/NUCLEO_F401RE/ARMC6/mbed-os/drivers/source/AnalogIn.o.
              weak defn :  rtos::Mutex* core_util_atomic_load<rtos::Mutex>(rtos::Mutex* const*)
              weak defn :  void core_util_atomic_store<rtos::Mutex>(rtos::Mutex**, rtos::Mutex*)
              definition:  mbed::AnalogIn::read_voltage()
              definition:  mbed::AnalogIn::set_reference_voltage(float)
              weak defn :  mbed::AnalogIn::lock()
              definition:  mbed::AnalogIn::read()
              definition:  mbed::AnalogIn::_mutex
              weak defn :  mbed::AnalogIn::unlock()
              definition:  mbed::AnalogIn::read_u16()
              definition:  mbed::AnalogIn::AnalogIn(PinName, float)
              definition:  mbed::AnalogIn::AnalogIn(PinMap const&, float)
              definition:  mbed::AnalogIn::AnalogIn__sub_object(PinName, float)
              definition:  mbed::AnalogIn::AnalogIn__sub_object(PinMap const&, float)
              weak defn :  mbed::AnalogIn::~AnalogIn__deallocating()
              weak defn :  mbed::AnalogIn::~AnalogIn__sub_object()
              weak defn :  rtos::Mutex::lock()
              weak defn :  rtos::Mutex::unlock()
              weak defn :  rtos::Mutex::Mutex__sub_object()
              weak defn :  SingletonPtr<rtos::Mutex>::get() const
              weak defn :  SingletonPtr<rtos::Mutex>::operator->() const
              definition:  mbed::AnalogIn::get_reference_voltage() const
              weak defn :  vtable for mbed::AnalogIn
              reference :  operator delete(void*)
              reference :  analogin_free
              reference :  analogin_init
              reference :  analogin_init_direct
              reference :  analogin_read
              reference :  analogin_read_u16
              reference :  mbed_assert_internal
Loading object BUILD/NUCLEO_F401RE/ARMC6/mbed-os/drivers/source/AnalogOut.o.
Loading object BUILD/NUCLEO_F401RE/ARMC6/mbed-os/drivers/source/BufferedSerial.o.
              reference :  mbed::FileHandle::size()
              weak defn :  mbed::FileHandle::tell()
              weak defn :  mbed::FileHandle::rewind()
              weak defn :  mbed::FileHandle::truncate(long)
              weak defn :  mbed::FileHandle::FileHandle__sub_object()
              weak defn :  mbed::FileHandle::~FileHandle__sub_object()
              reference :  mbed::SerialBase::_base_getc()
              reference :  mbed::SerialBase::_base_putc(int)
              reference :  mbed::SerialBase::enable_input(bool)
              reference :  mbed::SerialBase::enable_output(bool)
              reference :  mbed::SerialBase::set_flow_control(mbed::SerialBase::Flow, PinName, PinName)
              reference :  mbed::SerialBase::baud(int)
              reference :  mbed::SerialBase::lock()
              reference :  mbed::SerialBase::attach(mbed::Callback<void ()>, mbed::SerialBase::IrqType)
              reference :  mbed::SerialBase::format(int, mbed::SerialBase::Parity, int)
              reference :  mbed::SerialBase::unlock()
              reference :  mbed::SerialBase::readable()
              reference :  mbed::SerialBase::writeable()
              reference :  mbed::SerialBase::SerialBase__sub_object(PinName, PinName, int)
              reference :  mbed::SerialBase::SerialBase__sub_object(serial_pinmap_t const&, int)
              reference :  mbed::SerialBase::~SerialBase__sub_object()
              reference :  mbed::InterruptIn::fall(mbed::Callback<void ()>)
              reference :  mbed::InterruptIn::read()
              reference :  mbed::InterruptIn::rise(mbed::Callback<void ()>)
[...]
              definition:  __aeabi_lasr
              definition:  _ll_sshift_r
Loading member c:\ProgramData\Mbed Studio\mbed-studio-tools\ac6\bin\..\lib\armlib\mc_w.l(abort.o) from c:\ProgramData\Mbed Studio\mbed-studio-tools\ac6\bin\..\lib\armlib\mc_w.l.
              definition:  abort
Loading member c:\ProgramData\Mbed Studio\mbed-studio-tools\ac6\bin\..\lib\armlib\mc_w.l(localtime.o) from c:\ProgramData\Mbed Studio\mbed-studio-tools\ac6\bin\..\lib\armlib\mc_w.l.
              definition:  localtime
Loading member c:\ProgramData\Mbed Studio\mbed-studio-tools\ac6\bin\..\lib\armlib\mc_w.l(asctime.o) from c:\ProgramData\Mbed Studio\mbed-studio-tools\ac6\bin\..\lib\armlib\mc_w.l.
              definition:  asctime
Loading member c:\ProgramData\Mbed Studio\mbed-studio-tools\ac6\bin\..\lib\armlib\mc_w.l(memalign.o) from c:\ProgramData\Mbed Studio\mbed-studio-tools\ac6\bin\..\lib\armlib\mc_w.l.
              definition:  posix_memalign
              reference :  __aligned_malloc
Loading member c:\ProgramData\Mbed Studio\mbed-studio-tools\ac6\bin\..\lib\armlib\mc_w.l(mvars.o) from c:\ProgramData\Mbed Studio\mbed-studio-tools\ac6\bin\..\lib\armlib\mc_w.l.
              definition:  __microlib_freelist
              definition:  __microlib_freelist_initialised
Loading member c:\ProgramData\Mbed Studio\mbed-studio-tools\ac6\bin\..\lib\armlib\mc_w.l(_chval.o) from c:\ProgramData\Mbed Studio\mbed-studio-tools\ac6\bin\..\lib\armlib\mc_w.l.
              definition:  _chval
Loading member c:\ProgramData\Mbed Studio\mbed-studio-tools\ac6\bin\..\lib\armlib\mc_w.l(_scanf_longlong.o) from c:\ProgramData\Mbed Studio\mbed-studio-tools\ac6\bin\..\lib\armlib\mc_w.l.
              definition:  _scanf_longlong
              reference :  _chval
Loading member c:\ProgramData\Mbed Studio\mbed-studio-tools\ac6\bin\..\lib\armlib\mc_w.l(_scanf_str.o) from c:\ProgramData\Mbed Studio\mbed-studio-tools\ac6\bin\..\lib\armlib\mc_w.l.
              definition:  _scanf_string
Loading member c:\ProgramData\Mbed Studio\mbed-studio-tools\ac6\bin\..\lib\armlib\mc_w.l(scanf_fp.o) from c:\ProgramData\Mbed Studio\mbed-studio-tools\ac6\bin\..\lib\armlib\mc_w.l.
              definition:  __ARM_grp_.debug_frame$_is_digit
              definition:  _scanf_real
              definition:  _scanf_really_real
              definition:  _is_digit
              reference :  __I$use$fp
              reference :  __I$use$fp
              reference :  __aeabi_d2f
              reference :  __aeabi_ddiv
              reference :  __aeabi_dmul
              reference :  __aeabi_ul2d
Loading member c:\ProgramData\Mbed Studio\mbed-studio-tools\ac6\bin\..\lib\armlib\mc_w.l(scanf_char.o) from c:\ProgramData\Mbed Studio\mbed-studio-tools\ac6\bin\..\lib\armlib\mc_w.l.
              definition:  __vfscanf_char
              reference :  __vfscanf
              reference :  isspace
Loading member c:\ProgramData\Mbed Studio\mbed-studio-tools\ac6\bin\..\lib\armlib\mc_w.l(_sgetc.o) from c:\ProgramData\Mbed Studio\mbed-studio-tools\ac6\bin\..\lib\armlib\mc_w.l.
              definition:  _sgetc
              definition:  _sbackspace
Loading member c:\ProgramData\Mbed Studio\mbed-studio-tools\ac6\bin\..\lib\armlib\mc_w.l(iusefp.o) from c:\ProgramData\Mbed Studio\mbed-studio-tools\ac6\bin\..\lib\armlib\mc_w.l.
              definition:  __I$use$fp
Loading member c:\ProgramData\Mbed Studio\mbed-studio-tools\ac6\bin\..\lib\armlib\mc_w.l(iusesemip.o) from c:\ProgramData\Mbed Studio\mbed-studio-tools\ac6\bin\..\lib\armlib\mc_w.l.
              definition:  __I$use$semihosting$fputc
Loading member c:\ProgramData\Mbed Studio\mbed-studio-tools\ac6\bin\..\lib\armlib\mc_w.l(__ARM_resolve_target1.o) from c:\ProgramData\Mbed Studio\mbed-studio-tools\ac6\bin\..\lib\armlib\mc_w.l.
              definition:  __ARM_resolve_target1
Loading member c:\ProgramData\Mbed Studio\mbed-studio-tools\ac6\bin\..\lib\armlib\mc_w.l(__ARM_resolve_target1_abs32.o) from c:\ProgramData\Mbed Studio\mbed-studio-tools\ac6\bin\..\lib\armlib\mc_w.l.
              definition:  __ARM_resolve_target1_abs32
Loading member c:\ProgramData\Mbed Studio\mbed-studio-tools\ac6\bin\..\lib\armlib\mf_w.l(fepilogue.o) from c:\ProgramData\Mbed Studio\mbed-studio-tools\ac6\bin\..\lib\armlib\mf_w.l.
              definition:  _float_round
              definition:  _float_epilogue
              reference :  __I$use$fp
Loading member c:\ProgramData\Mbed Studio\mbed-studio-tools\ac6\bin\..\lib\armlib\mf_w.l(depilogue.o) from c:\ProgramData\Mbed Studio\mbed-studio-tools\ac6\bin\..\lib\armlib\mf_w.l.
              definition:  _double_round
              definition:  _double_epilogue
              reference :  __I$use$fp
              reference :  __aeabi_llsl
              reference :  __aeabi_llsr
Selecting member cxa_default_handlers.cpp.o(c:\ProgramData\Mbed Studio\mbed-studio-tools\ac6\bin\..\lib\libcxx\libcppabi_w.l) to define __cxa_terminate_handler.
Selecting member cxa_default_handlers.cpp.o(c:\ProgramData\Mbed Studio\mbed-studio-tools\ac6\bin\..\lib\libcxx\libcppabi_w.l) to define __cxa_unexpected_handler.
Selecting member init.o(c:\ProgramData\Mbed Studio\mbed-studio-tools\ac6\bin\..\lib\armlib\mc_w.l) to define __scatterload.
Running selection script in mc_w.l to resolve __aligned_malloc.
Selecting member d2f.o(c:\ProgramData\Mbed Studio\mbed-studio-tools\ac6\bin\..\lib\armlib\mf_w.l) to define __aeabi_d2f.
Selecting member ddiv.o(c:\ProgramData\Mbed Studio\mbed-studio-tools\ac6\bin\..\lib\armlib\mf_w.l) to define __aeabi_ddiv.
Selecting member dmul.o(c:\ProgramData\Mbed Studio\mbed-studio-tools\ac6\bin\..\lib\armlib\mf_w.l) to define __aeabi_dmul.
Selecting member dfltul.o(c:\ProgramData\Mbed Studio\mbed-studio-tools\ac6\bin\..\lib\armlib\mf_w.l) to define __aeabi_ul2d.
Selecting member _scanf.o(c:\ProgramData\Mbed Studio\mbed-studio-tools\ac6\bin\..\lib\armlib\mc_w.l) to define __vfscanf.
Running selection script in mc_w.l to resolve isspace.
Selecting member isspace_c.o(c:\ProgramData\Mbed Studio\mbed-studio-tools\ac6\bin\..\lib\armlib\mc_w.l) to define isspace.
Loading member c:\ProgramData\Mbed Studio\mbed-studio-tools\ac6\bin\..\lib\libcxx\libcppabi_w.l(cxa_default_handlers.cpp.o) from c:\ProgramData\Mbed Studio\mbed-studio-tools\ac6\bin\..\lib\libcxx\libcppabi_w.l.
              definition:  std::set_terminate(void (*)())
              definition:  std::set_unexpected(void (*)())
              reference :  std::terminate()
              definition:  __cxa_terminate_handler
              definition:  __cxa_unexpected_handler
              reference :  abort
Loading member c:\ProgramData\Mbed Studio\mbed-studio-tools\ac6\bin\..\lib\armlib\mc_w.l(init.o) from c:\ProgramData\Mbed Studio\mbed-studio-tools\ac6\bin\..\lib\armlib\mc_w.l.
              definition:  __scatterload
              definition:  __scatterload_rt2
              reference :  Region$$Table$$Base
              reference :  Region$$Table$$Limit
              reference :  __main_after_scatterload
              weak ref  :  __decompress
Loading member c:\ProgramData\Mbed Studio\mbed-studio-tools\ac6\bin\..\lib\armlib\mc_w.l(isspace_c.o) from c:\ProgramData\Mbed Studio\mbed-studio-tools\ac6\bin\..\lib\armlib\mc_w.l.
              definition:  isspace
              reference :  __ctype_lookup
Loading member c:\ProgramData\Mbed Studio\mbed-studio-tools\ac6\bin\..\lib\armlib\mc_w.l(_scanf.o) from c:\ProgramData\Mbed Studio\mbed-studio-tools\ac6\bin\..\lib\armlib\mc_w.l.
              definition:  __vfscanf
              weak ref  :  _scanf_int
              weak ref  :  _scanf_longlong
              weak ref  :  _scanf_real
              weak ref  :  _scanf_string
Loading member c:\ProgramData\Mbed Studio\mbed-studio-tools\ac6\bin\..\lib\armlib\mf_w.l(dmul.o) from c:\ProgramData\Mbed Studio\mbed-studio-tools\ac6\bin\..\lib\armlib\mf_w.l.
              definition:  __aeabi_dmul
              reference :  __I$use$fp
              reference :  _double_epilogue
Loading member c:\ProgramData\Mbed Studio\mbed-studio-tools\ac6\bin\..\lib\armlib\mf_w.l(ddiv.o) from c:\ProgramData\Mbed Studio\mbed-studio-tools\ac6\bin\..\lib\armlib\mf_w.l.
              definition:  __aeabi_ddiv
              reference :  __I$use$fp
              reference :  _double_round
Loading member c:\ProgramData\Mbed Studio\mbed-studio-tools\ac6\bin\..\lib\armlib\mf_w.l(dfltul.o) from c:\ProgramData\Mbed Studio\mbed-studio-tools\ac6\bin\..\lib\armlib\mf_w.l.
              definition:  __aeabi_ul2d
              reference :  __I$use$fp
              reference :  _double_epilogue
Loading member c:\ProgramData\Mbed Studio\mbed-studio-tools\ac6\bin\..\lib\armlib\mf_w.l(d2f.o) from c:\ProgramData\Mbed Studio\mbed-studio-tools\ac6\bin\..\lib\armlib\mf_w.l.
              definition:  __aeabi_d2f
              reference :  __I$use$fp
              reference :  _float_round
Selecting member ctype_c.o(c:\ProgramData\Mbed Studio\mbed-studio-tools\ac6\bin\..\lib\armlib\mc_w.l) to define __ctype_lookup.
Loading member c:\ProgramData\Mbed Studio\mbed-studio-tools\ac6\bin\..\lib\armlib\mc_w.l(ctype_c.o) from c:\ProgramData\Mbed Studio\mbed-studio-tools\ac6\bin\..\lib\armlib\mc_w.l.
              definition:  __ctype_categories
              definition:  __ctype_lookup
Cleaning up Comdat Group Sections
Renaming symbol free to __free$base.
Renaming symbol __free$memalign$2region to free.
Renaming symbol malloc to __malloc$base.
Renaming symbol __malloc$memalign$2region to malloc.
Renaming symbol puts to _puts$base.
Renaming symbol _puts$fputc_errors to puts.
Renaming symbol __stderr to ___stderr$base.
Renaming symbol ___stderr$full to __stderr.
Renaming symbol __stdout to ___stdout$base.
Renaming symbol ___stdout$full to __stdout.
Renaming symbol __use_full_stdio to __use_full_stdio$unused.
Renaming symbol __use_full_stdio$initio to __use_full_stdio.
Renaming symbol fflush to _fflush$base.
Renaming symbol _fflush$full to fflush.
Renaming symbol fputc to _fputc$base.
Renaming symbol _fputc$full$pos to fputc.
Renaming symbol _main_clock to _main_clock$temp.
Renaming symbol _main_clock$no_clock to _main_clock.
Renaming symbol _main_stk to _main_stk$base.
Renaming symbol _main_stk$2region to _main_stk.
Renaming symbol _initio to __initio$base.
Renaming symbol _initio$stdout$stderr to _initio.
Renaming symbol __aligned_malloc to __aligned_malloc$base.
Renaming symbol __aligned_malloc$2region to __aligned_malloc.
Resolving $Sub$$ and $Super$$ Symbols.
              definition:  $Super$$__cpp_initialize__aeabi_
              definition:  $Super$$_printf_lld
              definition:  $Super$$_printf_d
              definition:  $Super$$_printf_int_dec
              definition:  $Super$$_printf_percent
              definition:  $Super$$_printf_s
              definition:  $Super$$_printf_str
              definition:  $Super$$main
              definition:  $Super$$_printf_f
              definition:  $Super$$_printf_i
              definition:  $Super$$_printf_fp_hex
              definition:  $Super$$_printf_p
              definition:  $Super$$_printf_truncate_signed
              definition:  $Super$$_printf_l
              definition:  $Super$$_printf_ll
              definition:  $Super$$_printf_wctomb
              definition:  $Super$$_printf_ls
              definition:  $Super$$_printf_llu
              definition:  $Super$$_printf_longlong_hex
              definition:  $Super$$_printf_x
              definition:  $Super$$_printf_g
              definition:  $Super$$_printf_u
              definition:  $Super$$_printf_longlong_oct
              definition:  $Super$$_printf_llo
              definition:  $Super$$_printf_a
              definition:  $Super$$_printf_c
              definition:  $Super$$_printf_charcount
              definition:  $Super$$_printf_e
              definition:  $Super$$_printf_fp_dec
              definition:  $Super$$_printf_lc
              definition:  $Super$$_printf_lli
              definition:  $Super$$_printf_llx
              definition:  $Super$$_printf_longlong_dec
              definition:  $Super$$_printf_n
              definition:  $Super$$_printf_o
              definition:  $Super$$_printf_truncate_unsigned
              definition:  BuildAttributes$$THM_ISAv4$E$P$D$K$B$S$7EM$VFPi3$EXTD16$VFPS$VFMA$PE$A:L22UL41UL21$X:L11$S22US41US21$IEEE1$IW$~IW$USESV6$~STKCKD$USESV7$~SHL$OTIME$ROPI$EBA8$MICROLIB$REQ8$PRES8$EABIv2
Building image.
Checking duplicate symbol definitions
Using Worst Fit .ANY placement algorithm.
              reference :  __scatterload_copy
              reference :  __scatterload_zeroinit
              reference :  __scatterload_null
Choosing data area compressor
Data area too small to benefit from compression.
Selecting member handlers.o(c:\ProgramData\Mbed Studio\mbed-studio-tools\ac6\bin\..\lib\armlib\mc_w.l) to define __scatterload_copy.
Selecting member handlers.o(c:\ProgramData\Mbed Studio\mbed-studio-tools\ac6\bin\..\lib\armlib\mc_w.l) to define __scatterload_zeroinit.
Selecting member handlers.o(c:\ProgramData\Mbed Studio\mbed-studio-tools\ac6\bin\..\lib\armlib\mc_w.l) to define __scatterload_null.
Loading member c:\ProgramData\Mbed Studio\mbed-studio-tools\ac6\bin\..\lib\armlib\mc_w.l(handlers.o) from c:\ProgramData\Mbed Studio\mbed-studio-tools\ac6\bin\..\lib\armlib\mc_w.l.
              definition:  __scatterload_copy
              definition:  __scatterload_null
              definition:  __scatterload_zeroinit
Resolving $Sub$$ and $Super$$ Symbols.
Patching/Reducing relocations
Creating output file BUILD/NUCLEO_F401RE/ARMC6/mbed-os-example-blinky-baremetal.elf.

==============================================================================

Memory Map of the image

  Image Entry point : 0x08000195

  Load Region LR_IROM1 (Base: 0x08000000, Size: 0x00005c7c, Max: 0x00080000, ABSOLUTE)

    Execution Region ER_IROM1 (Base: 0x08000000, Size: 0x00005c58, Max: 0x00080000, ABSOLUTE)

    Base Addr    Size         Type   Attr      Idx    E Section Name        Object

    0x08000000   0x00000194   Data   RO         6931    RESET               BUILD/NUCLEO_F401RE/ARMC6/mbed-os/targets/TARGET_STM/TARGET_STM32F4/TARGET_STM32F401xE/TOOLCHAIN_ARM/startup_stm32f401xe.o
    0x08000194   0x00000000   Code   RO         7814  * .ARM.Collect$$$$00000000  c:\ProgramData\Mbed Studio\mbed-studio-tools\ac6\bin\..\lib\armlib\mc_w.l(entry.o)
    0x08000194   0x00000004   Code   RO         7945    .ARM.Collect$$$$00000003  c:\ProgramData\Mbed Studio\mbed-studio-tools\ac6\bin\..\lib\armlib\mc_w.l(entry4.o)
    0x08000198   0x00000004   Code   RO         7948    .ARM.Collect$$$$00000004  c:\ProgramData\Mbed Studio\mbed-studio-tools\ac6\bin\..\lib\armlib\mc_w.l(entry5.o)
    0x0800019c   0x00000004   Code   RO         7816    .ARM.Collect$$$$00000006  c:\ProgramData\Mbed Studio\mbed-studio-tools\ac6\bin\..\lib\armlib\mc_w.l(entry6b.o)
    0x080001a0   0x00000000   Code   RO         7950    .ARM.Collect$$$$00000008  c:\ProgramData\Mbed Studio\mbed-studio-tools\ac6\bin\..\lib\armlib\mc_w.l(entry7b.o)
    0x080001a0   0x00000004   Code   RO         7951    .ARM.Collect$$$$00000009  c:\ProgramData\Mbed Studio\mbed-studio-tools\ac6\bin\..\lib\armlib\mc_w.l(entry8a.o)
    0x080001a4   0x00000000   Code   RO         7952    .ARM.Collect$$$$0000000A  c:\ProgramData\Mbed Studio\mbed-studio-tools\ac6\bin\..\lib\armlib\mc_w.l(entry8b.o)
    0x080001a4   0x00000008   Code   RO         7953    .ARM.Collect$$$$0000000B  c:\ProgramData\Mbed Studio\mbed-studio-tools\ac6\bin\..\lib\armlib\mc_w.l(entry9a.o)
    0x080001ac   0x00000000   Code   RO         7955    .ARM.Collect$$$$0000000D  c:\ProgramData\Mbed Studio\mbed-studio-tools\ac6\bin\..\lib\armlib\mc_w.l(entry10a.o)
    0x080001ac   0x00000000   Code   RO         7957    .ARM.Collect$$$$0000000F  c:\ProgramData\Mbed Studio\mbed-studio-tools\ac6\bin\..\lib\armlib\mc_w.l(entry11a.o)
    0x080001ac   0x00000004   Code   RO         7946    .ARM.Collect$$$$00002714  c:\ProgramData\Mbed Studio\mbed-studio-tools\ac6\bin\..\lib\armlib\mc_w.l(entry4.o)
    0x080001b0   0x0000005c   Code   RO         2166    .text               BUILD/NUCLEO_F401RE/ARMC6/mbed-os/platform/source/TARGET_CORTEX_M/TOOLCHAIN_ARM/except.o
    0x0800020c   0x00000024   Code   RO         6932    .text               BUILD/NUCLEO_F401RE/ARMC6/mbed-os/targets/TARGET_STM/TARGET_STM32F4/TARGET_STM32F401xE/TOOLCHAIN_ARM/startup_stm32f401xe.o
    0x08000230   0x00000020   Code   RO         7827    .text               c:\ProgramData\Mbed Studio\mbed-studio-tools\ac6\bin\..\lib\armlib\mc_w.l(initio_oe.o)
    0x08000250   0x00000028   Code   RO         7833    .text               c:\ProgramData\Mbed Studio\mbed-studio-tools\ac6\bin\..\lib\armlib\mc_w.l(fputc_fp.o)
    0x08000278   0x00000062   Code   RO         7843    .text               c:\ProgramData\Mbed Studio\mbed-studio-tools\ac6\bin\..\lib\armlib\mc_w.l(uldiv.o)
    0x080002da   0x0000000e   Code   RO         7847    .text               c:\ProgramData\Mbed Studio\mbed-studio-tools\ac6\bin\..\lib\armlib\mc_w.l(ctime.o)
    0x080002e8   0x00000024   Code   RO         7849    .text               c:\ProgramData\Mbed Studio\mbed-studio-tools\ac6\bin\..\lib\armlib\mc_w.l(memcpya.o)
    0x0800030c   0x00000024   Code   RO         7851    .text               c:\ProgramData\Mbed Studio\mbed-studio-tools\ac6\bin\..\lib\armlib\mc_w.l(memseta.o)
    0x08000330   0x0000001c   Code   RO         7859    .text               c:\ProgramData\Mbed Studio\mbed-studio-tools\ac6\bin\..\lib\armlib\mc_w.l(strcmp.o)
    0x0800034c   0x00000020   Code   RO         7912    .text               c:\ProgramData\Mbed Studio\mbed-studio-tools\ac6\bin\..\lib\armlib\mc_w.l(cpp_init.o)
    0x0800036c   0x0000001e   Code   RO         7960    .text               c:\ProgramData\Mbed Studio\mbed-studio-tools\ac6\bin\..\lib\armlib\mc_w.l(llshl.o)
    0x0800038a   0x00000020   Code   RO         7962    .text               c:\ProgramData\Mbed Studio\mbed-studio-tools\ac6\bin\..\lib\armlib\mc_w.l(llushr.o)
    0x080003aa   0x00000002   PAD
    0x080003ac   0x00000094   Code   RO         7968    .text               c:\ProgramData\Mbed Studio\mbed-studio-tools\ac6\bin\..\lib\armlib\mc_w.l(localtime.o)
    0x08000440   0x000000bc   Code   RO         7972    .text               c:\ProgramData\Mbed Studio\mbed-studio-tools\ac6\bin\..\lib\armlib\mc_w.l(asctime.o)
    0x080004fc   0x00000024   Code   RO         8012    .text               c:\ProgramData\Mbed Studio\mbed-studio-tools\ac6\bin\..\lib\armlib\mc_w.l(init.o)
    0x08000520   0x00000032   Code   RO         2854    .text.$Sub$$__2printf  BUILD/NUCLEO_F401RE/ARMC6/mbed-os/platform/source/minimal-printf/mbed_printf_armlink_overrides.o
    0x08000552   0x00000002   PAD
    0x08000554   0x0000001c   Code   RO         2868    .text.$Sub$$__2vfprintf  BUILD/NUCLEO_F401RE/ARMC6/mbed-os/platform/source/minimal-printf/mbed_printf_armlink_overrides.o
    0x08000570   0x00000002   Code   RO         2782    .text.$Sub$$__cpp_initialize__aeabi_  BUILD/NUCLEO_F401RE/ARMC6/mbed-os/platform/source/mbed_sdk_boot.o
    0x08000572   0x00000002   PAD
    0x08000574   0x00000004   Code   RO         2884    .text.$Sub$$_printf_d  BUILD/NUCLEO_F401RE/ARMC6/mbed-os/platform/source/minimal-printf/mbed_printf_armlink_overrides.o
    0x08000578   0x00000004   Code   RO         2912    .text.$Sub$$_printf_int_dec  BUILD/NUCLEO_F401RE/ARMC6/mbed-os/platform/source/minimal-printf/mbed_printf_armlink_overrides.o
    0x0800057c   0x00000004   Code   RO         2958    .text.$Sub$$_printf_percent  BUILD/NUCLEO_F401RE/ARMC6/mbed-os/platform/source/minimal-printf/mbed_printf_armlink_overrides.o
    0x08000580   0x00000004   Code   RO         2962    .text.$Sub$$_printf_s  BUILD/NUCLEO_F401RE/ARMC6/mbed-os/platform/source/minimal-printf/mbed_printf_armlink_overrides.o
    0x08000584   0x00000004   Code   RO         2964    .text.$Sub$$_printf_str  BUILD/NUCLEO_F401RE/ARMC6/mbed-os/platform/source/minimal-printf/mbed_printf_armlink_overrides.o
    0x08000588   0x00000004   Code   RO         2974    .text.$Sub$$_printf_u  BUILD/NUCLEO_F401RE/ARMC6/mbed-os/platform/source/minimal-printf/mbed_printf_armlink_overrides.o
    0x0800058c   0x00000060   Code   RO         2788    .text.$Sub$$main    BUILD/NUCLEO_F401RE/ARMC6/mbed-os/platform/source/mbed_sdk_boot.o
    0x080005ec   0x00000014   Code   RO         3022    .text.$Sub$$vsnprintf  BUILD/NUCLEO_F401RE/ARMC6/mbed-os/platform/source/minimal-printf/mbed_printf_wrapper.o
    0x08000600   0x0000009c   Code   RO         7189    .text.HAL_GetTick   BUILD/NUCLEO_F401RE/ARMC6/mbed-os/targets/TARGET_STM/hal_tick_overrides.o
    0x0800069c   0x00000036   Code   RO         3733    .text.HAL_Init      BUILD/NUCLEO_F401RE/ARMC6/mbed-os/targets/TARGET_STM/TARGET_STM32F4/STM32Cube_FW/STM32F4xx_HAL_Driver/stm32f4xx_hal.o
    0x080006d2   0x00000002   PAD
    0x080006d4   0x0000000a   Code   RO         7187    .text.HAL_InitTick  BUILD/NUCLEO_F401RE/ARMC6/mbed-os/targets/TARGET_STM/hal_tick_overrides.o
    0x080006de   0x00000002   PAD
    0x080006e0   0x00000002   Code   RO         3737    .text.HAL_MspInit   BUILD/NUCLEO_F401RE/ARMC6/mbed-os/targets/TARGET_STM/TARGET_STM32F4/STM32Cube_FW/STM32F4xx_HAL_Driver/stm32f4xx_hal.o
    0x080006e2   0x00000002   PAD
    0x080006e4   0x00000008   Code   RO         3898    .text.HAL_NVIC_SetPriorityGrouping  BUILD/NUCLEO_F401RE/ARMC6/mbed-os/targets/TARGET_STM/TARGET_STM32F4/STM32Cube_FW/STM32F4xx_HAL_Driver/stm32f4xx_hal_cortex.o
    0x080006ec   0x0000001e   Code   RO         4860    .text.HAL_PWR_EnableBkUpAccess  BUILD/NUCLEO_F401RE/ARMC6/mbed-os/targets/TARGET_STM/TARGET_STM32F4/STM32Cube_FW/STM32F4xx_HAL_Driver/stm32f4xx_hal_pwr.o
    0x0800070a   0x00000002   PAD
    0x0800070c   0x00000026   Code   RO         4874    .text.HAL_PWR_EnterSLEEPMode  BUILD/NUCLEO_F401RE/ARMC6/mbed-os/targets/TARGET_STM/TARGET_STM32F4/STM32Cube_FW/STM32F4xx_HAL_Driver/stm32f4xx_hal_pwr.o
    0x08000732   0x00000002   PAD
    0x08000734   0x0000015e   Code   RO         4965    .text.HAL_RCCEx_PeriphCLKConfig  BUILD/NUCLEO_F401RE/ARMC6/mbed-os/targets/TARGET_STM/TARGET_STM32F4/STM32Cube_FW/STM32F4xx_HAL_Driver/stm32f4xx_hal_rcc_ex.o
    0x08000892   0x00000002   PAD
    0x08000894   0x00000160   Code   RO         4933    .text.HAL_RCC_ClockConfig  BUILD/NUCLEO_F401RE/ARMC6/mbed-os/targets/TARGET_STM/TARGET_STM32F4/STM32Cube_FW/STM32F4xx_HAL_Driver/stm32f4xx_hal_rcc.o
    0x080009f4   0x0000003e   Code   RO         4951    .text.HAL_RCC_GetClockConfig  BUILD/NUCLEO_F401RE/ARMC6/mbed-os/targets/TARGET_STM/TARGET_STM32F4/STM32Cube_FW/STM32F4xx_HAL_Driver/stm32f4xx_hal_rcc.o
    0x08000a32   0x00000002   PAD
    0x08000a34   0x0000000c   Code   RO         4943    .text.HAL_RCC_GetHCLKFreq  BUILD/NUCLEO_F401RE/ARMC6/mbed-os/targets/TARGET_STM/TARGET_STM32F4/STM32Cube_FW/STM32F4xx_HAL_Driver/stm32f4xx_hal_rcc.o
    0x08000a40   0x00000098   Code   RO         4949    .text.HAL_RCC_GetOscConfig  BUILD/NUCLEO_F401RE/ARMC6/mbed-os/targets/TARGET_STM/TARGET_STM32F4/STM32Cube_FW/STM32F4xx_HAL_Driver/stm32f4xx_hal_rcc.o
    0x08000ad8   0x00000022   Code   RO         4945    .text.HAL_RCC_GetPCLK1Freq  BUILD/NUCLEO_F401RE/ARMC6/mbed-os/targets/TARGET_STM/TARGET_STM32F4/STM32Cube_FW/STM32F4xx_HAL_Driver/stm32f4xx_hal_rcc.o
    0x08000afa   0x00000002   PAD
    0x08000afc   0x00000022   Code   RO         4947    .text.HAL_RCC_GetPCLK2Freq  BUILD/NUCLEO_F401RE/ARMC6/mbed-os/targets/TARGET_STM/TARGET_STM32F4/STM32Cube_FW/STM32F4xx_HAL_Driver/stm32f4xx_hal_rcc.o
    0x08000b1e   0x00000002   PAD
    0x08000b20   0x0000006a   Code   RO         4935    .text.HAL_RCC_GetSysClockFreq  BUILD/NUCLEO_F401RE/ARMC6/mbed-os/targets/TARGET_STM/TARGET_STM32F4/STM32Cube_FW/STM32F4xx_HAL_Driver/stm32f4xx_hal_rcc.o
    0x08000b8a   0x00000002   PAD
    0x08000b8c   0x00000348   Code   RO         4931    .text.HAL_RCC_OscConfig  BUILD/NUCLEO_F401RE/ARMC6/mbed-os/targets/TARGET_STM/TARGET_STM32F4/STM32Cube_FW/STM32F4xx_HAL_Driver/stm32f4xx_hal_rcc.o
    0x08000ed4   0x00000062   Code   RO         5076    .text.HAL_RTCEx_DeactivateWakeUpTimer  BUILD/NUCLEO_F401RE/ARMC6/mbed-os/targets/TARGET_STM/TARGET_STM32F4/STM32Cube_FW/STM32F4xx_HAL_Driver/stm32f4xx_hal_rtc_ex.o
    0x08000f36   0x00000002   PAD
    0x08000f38   0x0000002e   Code   RO         5106    .text.HAL_RTCEx_EnableBypassShadow  BUILD/NUCLEO_F401RE/ARMC6/mbed-os/targets/TARGET_STM/TARGET_STM32F4/STM32Cube_FW/STM32F4xx_HAL_Driver/stm32f4xx_hal_rtc_ex.o
    0x08000f66   0x00000002   PAD
    0x08000f68   0x000000e0   Code   RO         5074    .text.HAL_RTCEx_SetWakeUpTimer_IT  BUILD/NUCLEO_F401RE/ARMC6/mbed-os/targets/TARGET_STM/TARGET_STM32F4/STM32Cube_FW/STM32F4xx_HAL_Driver/stm32f4xx_hal_rtc_ex.o
    0x08001048   0x000000a0   Code   RO         4986    .text.HAL_RTC_Init  BUILD/NUCLEO_F401RE/ARMC6/mbed-os/targets/TARGET_STM/TARGET_STM32F4/STM32Cube_FW/STM32F4xx_HAL_Driver/stm32f4xx_hal_rtc.o
    0x080010e8   0x00000002   Code   RO         4988    .text.HAL_RTC_MspInit  BUILD/NUCLEO_F401RE/ARMC6/mbed-os/targets/TARGET_STM/TARGET_STM32F4/STM32Cube_FW/STM32F4xx_HAL_Driver/stm32f4xx_hal_rtc.o
    0x080010ea   0x00000002   PAD
    0x080010ec   0x000000aa   Code   RO         5006    .text.HAL_RTC_SetDate  BUILD/NUCLEO_F401RE/ARMC6/mbed-os/targets/TARGET_STM/TARGET_STM32F4/STM32Cube_FW/STM32F4xx_HAL_Driver/stm32f4xx_hal_rtc.o
    0x08001196   0x00000002   PAD
    0x08001198   0x000000d2   Code   RO         4998    .text.HAL_RTC_SetTime  BUILD/NUCLEO_F401RE/ARMC6/mbed-os/targets/TARGET_STM/TARGET_STM32F4/STM32Cube_FW/STM32F4xx_HAL_Driver/stm32f4xx_hal_rtc.o
    0x0800126a   0x00000002   PAD
    0x0800126c   0x00000030   Code   RO         4992    .text.HAL_RTC_WaitForSynchro  BUILD/NUCLEO_F401RE/ARMC6/mbed-os/targets/TARGET_STM/TARGET_STM32F4/STM32Cube_FW/STM32F4xx_HAL_Driver/stm32f4xx_hal_rtc.o
    0x0800129c   0x0000005a   Code   RO         5559    .text.HAL_TIM_OC_Init  BUILD/NUCLEO_F401RE/ARMC6/mbed-os/targets/TARGET_STM/TARGET_STM32F4/STM32Cube_FW/STM32F4xx_HAL_Driver/stm32f4xx_hal_tim.o
    0x080012f6   0x00000002   PAD
    0x080012f8   0x00000002   Code   RO         5561    .text.HAL_TIM_OC_MspInit  BUILD/NUCLEO_F401RE/ARMC6/mbed-os/targets/TARGET_STM/TARGET_STM32F4/STM32Cube_FW/STM32F4xx_HAL_Driver/stm32f4xx_hal_tim.o
    0x080012fa   0x00000002   PAD
    0x080012fc   0x000000d4   Code   RO         5567    .text.HAL_TIM_OC_Start  BUILD/NUCLEO_F401RE/ARMC6/mbed-os/targets/TARGET_STM/TARGET_STM32F4/STM32Cube_FW/STM32F4xx_HAL_Driver/stm32f4xx_hal_tim.o
    0x080013d0   0x0000005e   Code   RO         5869    .text.HAL_UART_Init  BUILD/NUCLEO_F401RE/ARMC6/mbed-os/targets/TARGET_STM/TARGET_STM32F4/STM32Cube_FW/STM32F4xx_HAL_Driver/stm32f4xx_hal_uart.o
    0x0800142e   0x00000002   PAD
    0x08001430   0x00000002   Code   RO         5871    .text.HAL_UART_MspInit  BUILD/NUCLEO_F401RE/ARMC6/mbed-os/targets/TARGET_STM/TARGET_STM32F4/STM32Cube_FW/STM32F4xx_HAL_Driver/stm32f4xx_hal_uart.o
    0x08001432   0x00000002   PAD
    0x08001434   0x00000016   Code   RO         7360    .text.LL_GPIO_GetPinMode  BUILD/NUCLEO_F401RE/ARMC6/mbed-os/targets/TARGET_STM/pinmap.o
    0x0800144a   0x00000002   PAD
    0x0800144c   0x00000020   Code   RO         7364    .text.LL_GPIO_SetAFPin_0_7  BUILD/NUCLEO_F401RE/ARMC6/mbed-os/targets/TARGET_STM/pinmap.o
    0x0800146c   0x00000022   Code   RO         7362    .text.LL_GPIO_SetAFPin_8_15  BUILD/NUCLEO_F401RE/ARMC6/mbed-os/targets/TARGET_STM/pinmap.o
    0x0800148e   0x00000002   PAD
    0x08001490   0x00000020   Code   RO         7116    .text.LL_GPIO_SetPinMode  BUILD/NUCLEO_F401RE/ARMC6/mbed-os/targets/TARGET_STM/gpio_api.o
    0x080014b0   0x00000020   Code   RO         7352    .text.LL_GPIO_SetPinMode  BUILD/NUCLEO_F401RE/ARMC6/mbed-os/targets/TARGET_STM/pinmap.o
    0x080014d0   0x0000000c   Code   RO         7354    .text.LL_GPIO_SetPinOutputType  BUILD/NUCLEO_F401RE/ARMC6/mbed-os/targets/TARGET_STM/pinmap.o
    0x080014dc   0x00000020   Code   RO         7366    .text.LL_GPIO_SetPinPull  BUILD/NUCLEO_F401RE/ARMC6/mbed-os/targets/TARGET_STM/pinmap.o
    0x080014fc   0x00000020   Code   RO         7348    .text.LL_GPIO_SetPinSpeed  BUILD/NUCLEO_F401RE/ARMC6/mbed-os/targets/TARGET_STM/pinmap.o
    0x0800151c   0x00000010   Code   RO         7548    .text.LL_PWR_GetRegulModeDS  BUILD/NUCLEO_F401RE/ARMC6/mbed-os/targets/TARGET_STM/sleep.o
    0x0800152c   0x00000010   Code   RO         7465    .text.LL_RTC_IsActiveFlag_INITS  BUILD/NUCLEO_F401RE/ARMC6/mbed-os/targets/TARGET_STM/rtc_api.o
    0x0800153c   0x0000000a   Code   RO         7718    .text.LL_TIM_GenerateEvent_CC1  BUILD/NUCLEO_F401RE/ARMC6/mbed-os/targets/TARGET_STM/us_ticker.o
    0x08001546   0x00000002   PAD
    0x08001548   0x00000012   Code   RO         5004    .text.RTC_Bcd2ToByte  BUILD/NUCLEO_F401RE/ARMC6/mbed-os/targets/TARGET_STM/TARGET_STM32F4/STM32Cube_FW/STM32F4xx_HAL_Driver/stm32f4xx_hal_rtc.o
    0x0800155a   0x00000002   PAD
    0x0800155c   0x0000002e   Code   RO         5000    .text.RTC_ByteToBcd2  BUILD/NUCLEO_F401RE/ARMC6/mbed-os/targets/TARGET_STM/TARGET_STM32F4/STM32Cube_FW/STM32F4xx_HAL_Driver/stm32f4xx_hal_rtc.o
    0x0800158a   0x00000002   PAD
    0x0800158c   0x00000034   Code   RO         4990    .text.RTC_EnterInitMode  BUILD/NUCLEO_F401RE/ARMC6/mbed-os/targets/TARGET_STM/TARGET_STM32F4/STM32Cube_FW/STM32F4xx_HAL_Driver/stm32f4xx_hal_rtc.o
    0x080015c0   0x00000030   Code   RO         6935    .text.SetSysClock   BUILD/NUCLEO_F401RE/ARMC6/mbed-os/targets/TARGET_STM/TARGET_STM32F4/TARGET_STM32F401xE/system_clock.o
    0x080015f0   0x000000aa   Code   RO         6937    .text.SetSysClock_PLL_HSE  BUILD/NUCLEO_F401RE/ARMC6/mbed-os/targets/TARGET_STM/TARGET_STM32F4/TARGET_STM32F401xE/system_clock.o
    0x0800169a   0x00000002   PAD
    0x0800169c   0x0000008e   Code   RO         6939    .text.SetSysClock_PLL_HSI  BUILD/NUCLEO_F401RE/ARMC6/mbed-os/targets/TARGET_STM/TARGET_STM32F4/TARGET_STM32F401xE/system_clock.o
    0x0800172a   0x00000002   PAD
    0x0800172c   0x00000144   Code   RO         7106    .text.Set_GPIO_Clock  BUILD/NUCLEO_F401RE/ARMC6/mbed-os/targets/TARGET_STM/gpio_api.o
    0x08001870   0x0000007e   Code   RO         6900    .text.SystemCoreClockUpdate  BUILD/NUCLEO_F401RE/ARMC6/mbed-os/targets/TARGET_STM/TARGET_STM32F4/STM32Cube_FW/system_stm32f4xx.o
    0x080018ee   0x00000002   PAD
    0x080018f0   0x0000001e   Code   RO         6898    .text.SystemInit    BUILD/NUCLEO_F401RE/ARMC6/mbed-os/targets/TARGET_STM/TARGET_STM32F4/STM32Cube_FW/system_stm32f4xx.o
    0x0800190e   0x00000002   PAD
    0x08001910   0x000000da   Code   RO         5535    .text.TIM_Base_SetConfig  BUILD/NUCLEO_F401RE/ARMC6/mbed-os/targets/TARGET_STM/TARGET_STM32F4/STM32Cube_FW/STM32F4xx_HAL_Driver/stm32f4xx_hal_tim.o
    0x080019ea   0x00000002   PAD
    0x080019ec   0x00000024   Code   RO         5569    .text.TIM_CCxChannelCmd  BUILD/NUCLEO_F401RE/ARMC6/mbed-os/targets/TARGET_STM/TARGET_STM32F4/STM32Cube_FW/STM32F4xx_HAL_Driver/stm32f4xx_hal_tim.o
    0x08001a10   0x00000002   Code   RO         7333    .text.TargetBSP_Init  BUILD/NUCLEO_F401RE/ARMC6/mbed-os/targets/TARGET_STM/mbed_overrides.o
    0x08001a12   0x00000002   PAD
    0x08001a14   0x000000dc   Code   RO         5873    .text.UART_SetConfig  BUILD/NUCLEO_F401RE/ARMC6/mbed-os/targets/TARGET_STM/TARGET_STM32F4/STM32Cube_FW/STM32F4xx_HAL_Driver/stm32f4xx_hal_uart.o
    0x08001af0   0x00000008   Code   RO           12    .text._GLOBAL__sub_I_main.cpp  BUILD/NUCLEO_F401RE/ARMC6/main.o
    0x08001af8   0x0000007e   Code   RO         7471    .text._RTC_IRQHandler  BUILD/NUCLEO_F401RE/ARMC6/mbed-os/targets/TARGET_STM/rtc_api.o
    0x08001b76   0x00000002   PAD
    0x08001b78   0x00000004   Code   RO           74    .text._Z21core_util_atomic_loadIN4rtos5MutexEEPT_PKS3_  BUILD/NUCLEO_F401RE/ARMC6/mbed-os/drivers/source/AnalogIn.o
    0x08001b7c   0x00000004   Code   RO           78    .text._Z22core_util_atomic_storeIN4rtos5MutexEEvPPT_S3_  BUILD/NUCLEO_F401RE/ARMC6/mbed-os/drivers/source/AnalogIn.o
    0x08001b80   0x0000006c   Code   RO         2742    .text._Z30core_util_atomic_load_explicitIhET_PKS0_17mbed_memory_order  BUILD/NUCLEO_F401RE/ARMC6/mbed-os/platform/source/mbed_retarget.o
    0x08001bec   0x00000014   Code   RO           10    .text._ZL10gpio_writeP6gpio_ti  BUILD/NUCLEO_F401RE/ARMC6/main.o
    0x08001c00   0x00000034   Code   RO         2698    .text._ZL14do_serial_initv  BUILD/NUCLEO_F401RE/ARMC6/mbed-os/platform/source/mbed_retarget.o
    0x08001c34   0x00000018   Code   RO         2604    .text._ZL19do_serial_init_oncev  BUILD/NUCLEO_F401RE/ARMC6/mbed-os/platform/source/mbed_retarget.o
    0x08001c4c   0x00000012   Code   RO         1487    .text._ZL22lp_ticker_wrapper_freev  BUILD/NUCLEO_F401RE/ARMC6/mbed-os/hal/source/mbed_lp_ticker_wrapper.o
    0x08001c5e   0x00000002   PAD
    0x08001c60   0x00000012   Code   RO         1475    .text._ZL22lp_ticker_wrapper_initv  BUILD/NUCLEO_F401RE/ARMC6/mbed-os/hal/source/mbed_lp_ticker_wrapper.o
    0x08001c72   0x00000002   PAD
    0x08001c74   0x00000012   Code   RO         1477    .text._ZL22lp_ticker_wrapper_readv  BUILD/NUCLEO_F401RE/ARMC6/mbed-os/hal/source/mbed_lp_ticker_wrapper.o
    0x08001c86   0x00000002   PAD
    0x08001c88   0x00000012   Code   RO         1489    .text._ZL26lp_ticker_wrapper_get_infov  BUILD/NUCLEO_F401RE/ARMC6/mbed-os/hal/source/mbed_lp_ticker_wrapper.o
    0x08001c9a   0x00000002   PAD
    0x08001c9c   0x00000018   Code   RO         1483    .text._ZL31lp_ticker_wrapper_set_interruptj  BUILD/NUCLEO_F401RE/ARMC6/mbed-os/hal/source/mbed_lp_ticker_wrapper.o
    0x08001cb4   0x00000012   Code   RO         1485    .text._ZL32lp_ticker_wrapper_fire_interruptv  BUILD/NUCLEO_F401RE/ARMC6/mbed-os/hal/source/mbed_lp_ticker_wrapper.o
    0x08001cc6   0x00000002   PAD
    0x08001cc8   0x00000012   Code   RO         1481    .text._ZL33lp_ticker_wrapper_clear_interruptv  BUILD/NUCLEO_F401RE/ARMC6/mbed-os/hal/source/mbed_lp_ticker_wrapper.o
    0x08001cda   0x00000002   PAD
    0x08001cdc   0x00000012   Code   RO         1479    .text._ZL35lp_ticker_wrapper_disable_interruptv  BUILD/NUCLEO_F401RE/ARMC6/mbed-os/hal/source/mbed_lp_ticker_wrapper.o
    0x08001cee   0x00000002   PAD
    0x08001cf0   0x00000008   Code   RO         2499    .text._ZL5sleepv    BUILD/NUCLEO_F401RE/ARMC6/mbed-os/platform/source/mbed_os_timer.o
    0x08001cf8   0x0000000e   Code   RO            8    .text._ZL9gpio_readP6gpio_t  BUILD/NUCLEO_F401RE/ARMC6/main.o
    0x08001d06   0x00000002   PAD
    0x08001d08   0x00000046   Code   RO         1303    .text._ZN21LowPowerTickerWrapper11irq_handlerEPFvPK13ticker_data_tE  BUILD/NUCLEO_F401RE/ARMC6/mbed-os/hal/source/LowPowerTickerWrapper.o
    0x08001d4e   0x00000002   PAD
    0x08001d50   0x0000004a   Code   RO         1317    .text._ZN21LowPowerTickerWrapper12_match_checkEj  BUILD/NUCLEO_F401RE/ARMC6/mbed-os/hal/source/LowPowerTickerWrapper.o
    0x08001d9a   0x00000002   PAD
    0x08001d9c   0x00000046   Code   RO         1319    .text._ZN21LowPowerTickerWrapper13set_interruptEj  BUILD/NUCLEO_F401RE/ARMC6/mbed-os/hal/source/LowPowerTickerWrapper.o
    0x08001de2   0x00000002   PAD
    0x08001de4   0x0000001a   Code   RO         1327    .text._ZN21LowPowerTickerWrapper14fire_interruptEv  BUILD/NUCLEO_F401RE/ARMC6/mbed-os/hal/source/LowPowerTickerWrapper.o
    0x08001dfe   0x00000002   PAD
    0x08001e00   0x00000030   Code   RO         1333    .text._ZN21LowPowerTickerWrapper15_lp_ticks_to_usEj  BUILD/NUCLEO_F401RE/ARMC6/mbed-os/hal/source/LowPowerTickerWrapper.o
    0x08001e30   0x0000011c   Code   RO         1321    .text._ZN21LowPowerTickerWrapper15_schedule_matchEj  BUILD/NUCLEO_F401RE/ARMC6/mbed-os/hal/source/LowPowerTickerWrapper.o
    0x08001f4c   0x00000014   Code   RO         1325    .text._ZN21LowPowerTickerWrapper15clear_interruptEv  BUILD/NUCLEO_F401RE/ARMC6/mbed-os/hal/source/LowPowerTickerWrapper.o
    0x08001f60   0x00000042   Code   RO         1331    .text._ZN21LowPowerTickerWrapper16_timeout_handlerEv  BUILD/NUCLEO_F401RE/ARMC6/mbed-os/hal/source/LowPowerTickerWrapper.o
    0x08001fa2   0x00000002   PAD
    0x08001fa4   0x00000014   Code   RO         1323    .text._ZN21LowPowerTickerWrapper17disable_interruptEv  BUILD/NUCLEO_F401RE/ARMC6/mbed-os/hal/source/LowPowerTickerWrapper.o
    0x08001fb8   0x0000001a   Code   RO         1313    .text._ZN21LowPowerTickerWrapper4freeEv  BUILD/NUCLEO_F401RE/ARMC6/mbed-os/hal/source/LowPowerTickerWrapper.o
    0x08001fd2   0x00000002   PAD
    0x08001fd4   0x0000001a   Code   RO         1311    .text._ZN21LowPowerTickerWrapper4initEv  BUILD/NUCLEO_F401RE/ARMC6/mbed-os/hal/source/LowPowerTickerWrapper.o
    0x08001fee   0x00000002   PAD
    0x08001ff0   0x0000002e   Code   RO         1315    .text._ZN21LowPowerTickerWrapper4readEv  BUILD/NUCLEO_F401RE/ARMC6/mbed-os/hal/source/LowPowerTickerWrapper.o
    0x0800201e   0x00000002   PAD
    0x08002020   0x00000074   Code   RO         1301    .text._ZN21LowPowerTickerWrapper6_resetEv  BUILD/NUCLEO_F401RE/ARMC6/mbed-os/hal/source/LowPowerTickerWrapper.o
    0x08002094   0x00000018   Code   RO         1329    .text._ZN21LowPowerTickerWrapper8get_infoEv  BUILD/NUCLEO_F401RE/ARMC6/mbed-os/hal/source/LowPowerTickerWrapper.o
    0x080020ac   0x00000044   Code   RO         1299    .text._ZN21LowPowerTickerWrapperC2EPK13ticker_data_tPK18ticker_interface_tjj  BUILD/NUCLEO_F401RE/ARMC6/mbed-os/hal/source/LowPowerTickerWrapper.o
    0x080020f0   0x00000008   Code   RO           32    .text._ZN4mbed10DigitalOut4readEv  BUILD/NUCLEO_F401RE/ARMC6/main.o
    0x080020f8   0x00000008   Code   RO           34    .text._ZN4mbed10DigitalOut5writeEi  BUILD/NUCLEO_F401RE/ARMC6/main.o
    0x08002100   0x0000001e   Code   RO           26    .text._ZN4mbed10DigitalOutC2E7PinName  BUILD/NUCLEO_F401RE/ARMC6/main.o
    0x0800211e   0x00000002   PAD
    0x08002120   0x0000000c   Code   RO           30    .text._ZN4mbed10DigitalOutaSEi  BUILD/NUCLEO_F401RE/ARMC6/main.o
    0x0800212c   0x00000008   Code   RO           28    .text._ZN4mbed10DigitalOutcviEv  BUILD/NUCLEO_F401RE/ARMC6/main.o
    0x08002134   0x00000030   Code   RO         1055    .text._ZN4mbed10TickerBase5setupENSt3__26chrono8durationIxNS1_5ratioILx1ELx1000000EEEEE  BUILD/NUCLEO_F401RE/ARMC6/mbed-os/drivers/source/Ticker.o
    0x08002164   0x00000050   Code   RO         1061    .text._ZN4mbed10TickerBase6attachENS_8CallbackIFvvEEENSt3__26chrono8durationIxNS4_5ratioILx1ELx1000000EEEEE  BUILD/NUCLEO_F401RE/ARMC6/mbed-os/drivers/source/Ticker.o
    0x080021b4   0x0000003c   Code   RO         1053    .text._ZN4mbed10TickerBase6detachEv  BUILD/NUCLEO_F401RE/ARMC6/mbed-os/drivers/source/Ticker.o
    0x080021f0   0x00000036   Code   RO         1059    .text._ZN4mbed10TickerBase7handlerEv  BUILD/NUCLEO_F401RE/ARMC6/mbed-os/drivers/source/Ticker.o
    0x08002226   0x00000002   PAD
    0x08002228   0x0000002c   Code   RO         1051    .text._ZN4mbed10TickerBaseC2EPK13ticker_data_tb  BUILD/NUCLEO_F401RE/ARMC6/mbed-os/drivers/source/Ticker.o
    0x08002254   0x00000018   Code   RO         1170    .text._ZN4mbed10TimerEvent15insert_absoluteENSt3__26chrono10time_pointINS_15TickerDataClockENS2_8durationIxNS1_5ratioILx1ELx1000000EEEEEEE  BUILD/NUCLEO_F401RE/ARMC6/mbed-os/drivers/source/TimerEvent.o
    0x0800226c   0x0000000a   Code   RO         1160    .text._ZN4mbed10TimerEvent3irqEj  BUILD/NUCLEO_F401RE/ARMC6/mbed-os/drivers/source/TimerEvent.o
    0x08002276   0x00000002   PAD
    0x08002278   0x00000012   Code   RO         1164    .text._ZN4mbed10TimerEvent6removeEv  BUILD/NUCLEO_F401RE/ARMC6/mbed-os/drivers/source/TimerEvent.o
    0x0800228a   0x00000002   PAD
    0x0800228c   0x00000032   Code   RO         1158    .text._ZN4mbed10TimerEventC2EPK13ticker_data_t  BUILD/NUCLEO_F401RE/ARMC6/mbed-os/drivers/source/TimerEvent.o
    0x080022be   0x00000002   PAD
    0x080022c0   0x0000003c   Code   RO         1086    .text._ZN4mbed11TimeoutBase7handlerEv  BUILD/NUCLEO_F401RE/ARMC6/mbed-os/drivers/source/Timeout.o
    0x080022fc   0x00000014   Code   RO         1103    .text._ZN4mbed11TimeoutBaseCI2NS_10TickerBaseEEPK13ticker_data_tb  BUILD/NUCLEO_F401RE/ARMC6/mbed-os/drivers/source/Timeout.o
    0x08002310   0x0000000a   Code   RO         1081    .text._ZN4mbed14get_time_pointERK14ticker_event_s  BUILD/NUCLEO_F401RE/ARMC6/mbed-os/drivers/source/Ticker.o
    0x0800231a   0x00000002   PAD
    0x0800231c   0x0000000a   Code   RO         1181    .text._ZN4mbed15TickerDataClock11set_handlerEPFvjE  BUILD/NUCLEO_F401RE/ARMC6/mbed-os/drivers/source/TimerEvent.o
    0x08002326   0x00000002   PAD
    0x08002328   0x00000016   Code   RO         1185    .text._ZN4mbed15TickerDataClock12insert_eventEP14ticker_event_sNSt3__26chrono10time_pointIS0_NS4_8durationIxNS3_5ratioILx1ELx1000000EEEEEEEj  BUILD/NUCLEO_F401RE/ARMC6/mbed-os/drivers/source/TimerEvent.o
    0x0800233e   0x00000002   PAD
    0x08002340   0x0000000a   Code   RO         1187    .text._ZN4mbed15TickerDataClock12remove_eventEP14ticker_event_s  BUILD/NUCLEO_F401RE/ARMC6/mbed-os/drivers/source/TimerEvent.o
    0x0800234a   0x00000002   PAD
    0x0800234c   0x00000004   Code   RO         1149    .text._ZN4mbed15TickerDataClockC2EPK13ticker_data_t  BUILD/NUCLEO_F401RE/ARMC6/mbed-os/drivers/source/Timer.o
    0x08002350   0x0000000c   Code   RO         1825    .text._ZN4mbed19CriticalSectionLockC2Ev  BUILD/NUCLEO_F401RE/ARMC6/mbed-os/platform/source/CriticalSectionLock.o
    0x0800235c   0x0000000c   Code   RO         1827    .text._ZN4mbed19CriticalSectionLockD2Ev  BUILD/NUCLEO_F401RE/ARMC6/mbed-os/platform/source/CriticalSectionLock.o
    0x08002368   0x0000001a   Code   RO         2602    .text._ZN4mbed20minimal_console_putcEi  BUILD/NUCLEO_F401RE/ARMC6/mbed-os/platform/source/mbed_retarget.o
    0x08002382   0x00000002   PAD
    0x08002384   0x0000000c   Code   RO          619    .text._ZN4mbed6detail12CallbackBase5clearEv  BUILD/NUCLEO_F401RE/ARMC6/mbed-os/drivers/source/InterruptIn.o
    0x08002390   0x00000004   Code   RO          621    .text._ZN4mbed6detail12CallbackBase7controlEv  BUILD/NUCLEO_F401RE/ARMC6/mbed-os/drivers/source/InterruptIn.o
    0x08002394   0x00000002   Code   RO          617    .text._ZN4mbed6detail12CallbackBase7destroyEv  BUILD/NUCLEO_F401RE/ARMC6/mbed-os/drivers/source/InterruptIn.o
    0x08002396   0x00000002   PAD
    0x08002398   0x00000006   Code   RO          223    .text._ZN4mbed6detail12CallbackBaseC2EDn  BUILD/NUCLEO_F401RE/ARMC6/mbed-os/drivers/source/BufferedSerial.o
    0x0800239e   0x00000002   PAD
    0x080023a0   0x00000008   Code   RO         1359    .text._ZN4mbed6detail8invoke_rIvRKM21LowPowerTickerWrapperFvvEJRKPS2_ELi0EEET_OT0_DpOT1_  BUILD/NUCLEO_F401RE/ARMC6/mbed-os/hal/source/LowPowerTickerWrapper.o
    0x080023a8   0x00000008   Code   RO         1351    .text._ZN4mbed6detail8invoke_rIvRZNS_8CallbackIFvvEEC1IP21LowPowerTickerWrapperMS6_FvvELi0EEET_T0_EUlvE_JELi0EEESA_OSB_DpOT1_  BUILD/NUCLEO_F401RE/ARMC6/mbed-os/hal/source/LowPowerTickerWrapper.o
    0x080023b0   0x00000024   Code   RO         1088    .text._ZN4mbed7TimeoutC2Ev  BUILD/NUCLEO_F401RE/ARMC6/mbed-os/drivers/source/Timeout.o
    0x080023d4   0x00000008   Code   RO         1349    .text._ZN4mbed8CallbackIFvvEE11target_callIZNS2_C1IP21LowPowerTickerWrapperMS5_FvvELi0EEET_T0_EUlvE_EEvPKNS_6detail12CallbackBaseE  BUILD/NUCLEO_F401RE/ARMC6/mbed-os/hal/source/LowPowerTickerWrapper.o
    0x080023dc   0x00000018   Code   RO         1347    .text._ZN4mbed8CallbackIFvvEE8generateIZNS2_C1IP21LowPowerTickerWrapperMS5_FvvELi0EEET_T0_EUlvE_vEEvOS9_  BUILD/NUCLEO_F401RE/ARMC6/mbed-os/hal/source/LowPowerTickerWrapper.o
    0x080023f4   0x0000000a   Code   RO          185    .text._ZN4mbed8CallbackIFvvEEC2Ev  BUILD/NUCLEO_F401RE/ARMC6/mbed-os/drivers/source/BufferedSerial.o
    0x080023fe   0x00000002   PAD
    0x08002400   0x00000022   Code   RO         1345    .text._ZN4mbed8CallbackIFvvEEC2IP21LowPowerTickerWrapperMS4_FvvELi0EEET_T0_  BUILD/NUCLEO_F401RE/ARMC6/mbed-os/hal/source/LowPowerTickerWrapper.o
    0x08002422   0x00000002   PAD
    0x08002424   0x00000012   Code   RO          615    .text._ZN4mbed8CallbackIFvvEEaSEDn  BUILD/NUCLEO_F401RE/ARMC6/mbed-os/drivers/source/InterruptIn.o
    0x08002436   0x00000002   PAD
    0x08002438   0x00000008   Code   RO         1343    .text._ZN4mbed8callbackI21LowPowerTickerWrapperS1_vJEEENS_8CallbackIFT1_DpT2_EEEPT0_MT_FS3_S5_E  BUILD/NUCLEO_F401RE/ARMC6/mbed-os/hal/source/LowPowerTickerWrapper.o
    0x08002440   0x0000002a   Code   RO         2491    .text._ZN4mbed8internal13init_os_timerEv  BUILD/NUCLEO_F401RE/ARMC6/mbed-os/platform/source/mbed_os_timer.o
    0x0800246a   0x00000002   PAD
    0x0800246c   0x00000058   Code   RO         2512    .text._ZN4mbed8internal18do_sleep_operationINS0_18timed_predicate_opEEEvRT_  BUILD/NUCLEO_F401RE/ARMC6/mbed-os/platform/source/mbed_os_timer.o
    0x080024c4   0x00000020   Code   RO         2526    .text._ZN4mbed8internal18timed_predicate_op13sleep_prepareEv  BUILD/NUCLEO_F401RE/ARMC6/mbed-os/platform/source/mbed_os_timer.o
    0x080024e4   0x00000028   Code   RO         2528    .text._ZN4mbed8internal18timed_predicate_op14sleep_preparedEv  BUILD/NUCLEO_F401RE/ARMC6/mbed-os/platform/source/mbed_os_timer.o
    0x0800250c   0x00000018   Code   RO         2510    .text._ZN4mbed8internal18timed_predicate_opC2ENSt3__26chrono10time_pointINS0_7OsClockENS3_8durationIxNS2_5ratioILx1ELx1000EEEEEEEPFbPvESB_  BUILD/NUCLEO_F401RE/ARMC6/mbed-os/platform/source/mbed_os_timer.o
    0x08002524   0x00000018   Code   RO         2514    .text._ZN4mbed8internal18timed_predicate_opD2Ev  BUILD/NUCLEO_F401RE/ARMC6/mbed-os/platform/source/mbed_os_timer.o
    0x0800253c   0x0000004e   Code   RO         2497    .text._ZN4mbed8internal34do_timed_sleep_relative_or_foreverENSt3__26chrono8durationIjNS1_5ratioILx1ELx1000EEEEEPFbPvES7_  BUILD/NUCLEO_F401RE/ARMC6/mbed-os/platform/source/mbed_os_timer.o
    0x0800258a   0x00000002   PAD
    0x0800258c   0x0000001a   Code   RO         2530    .text._ZN4mbed8internal7OsClock13set_wake_timeENSt3__26chrono10time_pointIS1_NS3_8durationIxNS2_5ratioILx1ELx1000EEEEEEE  BUILD/NUCLEO_F401RE/ARMC6/mbed-os/platform/source/mbed_os_timer.o
    0x080025a6   0x00000002   PAD
    0x080025a8   0x0000001e   Code   RO         2522    .text._ZN4mbed8internal7OsClock3nowEv  BUILD/NUCLEO_F401RE/ARMC6/mbed-os/platform/source/mbed_os_timer.o
    0x080025c6   0x00000002   PAD
    0x080025c8   0x00000042   Code   RO         2029    .text._ZN4mbed8internal8SysTimerINSt3__25ratioILx1ELx1000EEELb1EE11cancel_wakeEv  BUILD/NUCLEO_F401RE/ARMC6/mbed-os/platform/source/SysTimer.o
    0x0800260a   0x00000002   PAD
    0x0800260c   0x000000ec   Code   RO         2033    .text._ZN4mbed8internal8SysTimerINSt3__25ratioILx1ELx1000EEELb1EE13set_wake_timeENS2_6chrono10time_pointIS5_NS6_8durationIyS4_EEEE  BUILD/NUCLEO_F401RE/ARMC6/mbed-os/platform/source/SysTimer.o
    0x080026f8   0x00000014   Code   RO         2049    .text._ZN4mbed8internal8SysTimerINSt3__25ratioILx1ELx1000EEELb1EE14_schedule_tickEv  BUILD/NUCLEO_F401RE/ARMC6/mbed-os/platform/source/SysTimer.o
    0x0800270c   0x00000022   Code   RO         2069    .text._ZN4mbed8internal8SysTimerINSt3__25ratioILx1ELx1000EEELb1EE15_increment_tickEv  BUILD/NUCLEO_F401RE/ARMC6/mbed-os/platform/source/SysTimer.o
    0x0800272e   0x00000002   PAD
    0x08002730   0x00000010   Code   RO         2047    .text._ZN4mbed8internal8SysTimerINSt3__25ratioILx1ELx1000EEELb1EE16_set_irq_pendingEv  BUILD/NUCLEO_F401RE/ARMC6/mbed-os/platform/source/SysTimer.o
    0x08002740   0x00000070   Code   RO         2035    .text._ZN4mbed8internal8SysTimerINSt3__25ratioILx1ELx1000EEELb1EE19update_and_get_tickEv  BUILD/NUCLEO_F401RE/ARMC6/mbed-os/platform/source/SysTimer.o
    0x080027b0   0x00000042   Code   RO         2067    .text._ZN4mbed8internal8SysTimerINSt3__25ratioILx1ELx1000EEELb1EE7handlerEv  BUILD/NUCLEO_F401RE/ARMC6/mbed-os/platform/source/SysTimer.o
    0x080027f2   0x00000002   PAD
    0x080027f4   0x0000003a   Code   RO         2023    .text._ZN4mbed8internal8SysTimerINSt3__25ratioILx1ELx1000EEELb1EEC2EPK13ticker_data_t  BUILD/NUCLEO_F401RE/ARMC6/mbed-os/platform/source/SysTimer.o
    0x0800282e   0x00000002   PAD
    0x08002830   0x00000016   Code   RO         1363    .text._ZN4mstd4impl6INVOKEI21LowPowerTickerWrapperFvvERKPS2_JEEENSt3__29enable_ifIXaaaasr3std11is_functionIT0_EE5valuentsr3std10is_base_ofIT_NS7_5decayIT1_E4typeEEE5valuentsr20is_reference_wrapperISE_EE5valueEDTcldsdeclsr3stdE7forwardISC_Efp0_Efp_spclsr3stdE7forwardIT2_Efp1_EEEE4typeEMSA_S9_OSC_DpOSF_  BUILD/NUCLEO_F401RE/ARMC6/mbed-os/hal/source/LowPowerTickerWrapper.o
    0x08002846   0x00000002   PAD
    0x08002848   0x00000006   Code   RO         2746    .text._ZN4mstd4impl6INVOKEIRFvvEJEEENSt3__29enable_ifIXoontsr3std17is_member_pointerINS4_5decayIT_E4typeEEE5valueaasr3std24is_member_object_pointerIS9_EE5valuenesZfp0_Li1EEDTclclsr3stdE7forwardIS7_Efp_Espclsr3stdE7forwardIT0_Efp0_EEEE4typeEOS7_DpOSA_  BUILD/NUCLEO_F401RE/ARMC6/mbed-os/platform/source/mbed_retarget.o
    0x0800284e   0x00000002   PAD
    0x08002850   0x00000008   Code   RO         1355    .text._ZN4mstd4impl6INVOKEIRZN4mbed8CallbackIFvvEEC1IP21LowPowerTickerWrapperMS7_FvvELi0EEET_T0_EUlvE_JEEENSt3__29enable_ifIXoontsr3std17is_member_pointerINSF_5decayISB_E4typeEEE5valueaasr3std24is_member_object_pointerISJ_EE5valuenesZfp0_Li1EEDTclclsr3stdE7forwardISB_Efp_Espclsr3stdE7forwardIT0_Efp0_EEEE4typeEOSB_DpOSK_  BUILD/NUCLEO_F401RE/ARMC6/mbed-os/hal/source/LowPowerTickerWrapper.o
    0x08002858   0x00000008   Code   RO         2744    .text._ZN4mstd6invokeIRFvvEJEEENS_13invoke_resultIT_JDpT0_EE4typeEOS4_DpOS5_  BUILD/NUCLEO_F401RE/ARMC6/mbed-os/platform/source/mbed_retarget.o
    0x08002860   0x00000014   Code   RO         1361    .text._ZN4mstd6invokeIRKM21LowPowerTickerWrapperFvvEJRKPS1_EEENS_13invoke_resultIT_JDpT0_EE4typeEOSA_DpOSB_  BUILD/NUCLEO_F401RE/ARMC6/mbed-os/hal/source/LowPowerTickerWrapper.o
    0x08002874   0x00000008   Code   RO         1353    .text._ZN4mstd6invokeIRZN4mbed8CallbackIFvvEEC1IP21LowPowerTickerWrapperMS6_FvvELi0EEET_T0_EUlvE_JEEENS_13invoke_resultISA_JDpT0_EE4typeEOSA_DpOSF_  BUILD/NUCLEO_F401RE/ARMC6/mbed-os/hal/source/LowPowerTickerWrapper.o
    0x0800287c   0x0000002a   Code   RO         2740    .text._ZN4mstd9call_onceIRFvvEJEEEvRNS_9once_flagEOT_DpOT0_  BUILD/NUCLEO_F401RE/ARMC6/mbed-os/platform/source/mbed_retarget.o
    0x080028a6   0x00000002   PAD
    0x080028a8   0x00000002   Code   RO           70    .text._ZN4rtos5Mutex4lockEv  BUILD/NUCLEO_F401RE/ARMC6/mbed-os/drivers/source/AnalogIn.o
    0x080028aa   0x00000002   PAD
    0x080028ac   0x00000002   Code   RO           80    .text._ZN4rtos5Mutex6unlockEv  BUILD/NUCLEO_F401RE/ARMC6/mbed-os/drivers/source/AnalogIn.o
    0x080028ae   0x00000002   PAD
    0x080028b0   0x00000002   Code   RO           76    .text._ZN4rtos5MutexC2Ev  BUILD/NUCLEO_F401RE/ARMC6/mbed-os/drivers/source/AnalogIn.o
    0x080028b2   0x00000002   PAD
    0x080028b4   0x00000044   Code   RO          917    .text._ZNK12SingletonPtrIN4rtos5MutexEE3getEv  BUILD/NUCLEO_F401RE/ARMC6/mbed-os/drivers/source/SPI.o
    0x080028f8   0x00000008   Code   RO           68    .text._ZNK12SingletonPtrIN4rtos5MutexEEptEv  BUILD/NUCLEO_F401RE/ARMC6/mbed-os/drivers/source/AnalogIn.o
    0x08002900   0x00000012   Code   RO         1079    .text._ZNK4mbed15TickerDataClock3nowEv  BUILD/NUCLEO_F401RE/ARMC6/mbed-os/drivers/source/Ticker.o
    0x08002912   0x00000002   PAD
    0x08002914   0x00000004   Code   RO         2039    .text._ZNK4mbed15TickerDataClockptEv  BUILD/NUCLEO_F401RE/ARMC6/mbed-os/platform/source/SysTimer.o
    0x08002918   0x00000004   Code   RO          251    .text._ZNK4mbed6detail12CallbackBase7call_fnEv  BUILD/NUCLEO_F401RE/ARMC6/mbed-os/drivers/source/BufferedSerial.o
    0x0800291c   0x00000004   Code   RO          247    .text._ZNK4mbed6detail12CallbackBase7controlEv  BUILD/NUCLEO_F401RE/ARMC6/mbed-os/drivers/source/BufferedSerial.o
    0x08002920   0x00000034   Code   RO         1027    .text._ZNK4mbed8CallbackIFvvEE4callEv  BUILD/NUCLEO_F401RE/ARMC6/mbed-os/drivers/source/SerialBase.o
    0x08002954   0x00000008   Code   RO          199    .text._ZNK4mbed8CallbackIFvvEEclEv  BUILD/NUCLEO_F401RE/ARMC6/mbed-os/drivers/source/BufferedSerial.o
    0x0800295c   0x00000010   Code   RO          197    .text._ZNK4mbed8CallbackIFvvEEcvbEv  BUILD/NUCLEO_F401RE/ARMC6/mbed-os/drivers/source/BufferedSerial.o
    0x0800296c   0x00000022   Code   RO         2524    .text._ZNK4mbed8internal18timed_predicate_op14wake_conditionEv  BUILD/NUCLEO_F401RE/ARMC6/mbed-os/platform/source/mbed_os_timer.o
    0x0800298e   0x00000002   PAD
    0x08002990   0x00000006   Code   RO         2043    .text._ZNK4mbed8internal8SysTimerINSt3__25ratioILx1ELx1000EEELb1EE13wake_time_setEv  BUILD/NUCLEO_F401RE/ARMC6/mbed-os/platform/source/SysTimer.o
    0x08002996   0x00000002   PAD
    0x08002998   0x00000066   Code   RO         2061    .text._ZNK4mbed8internal8SysTimerINSt3__25ratioILx1ELx1000EEELb1EE14_elapsed_ticksEv  BUILD/NUCLEO_F401RE/ARMC6/mbed-os/platform/source/SysTimer.o
    0x080029fe   0x00000002   PAD
    0x08002a00   0x00000006   Code   RO         2041    .text._ZNK4mbed8internal8SysTimerINSt3__25ratioILx1ELx1000EEELb1EE16wake_time_passedEv  BUILD/NUCLEO_F401RE/ARMC6/mbed-os/platform/source/SysTimer.o
    0x08002a06   0x00000002   PAD
    0x08002a08   0x00000012   Code   RO         2037    .text._ZNK4mbed8internal8SysTimerINSt3__25ratioILx1ELx1000EEELb1EE8get_tickEv  BUILD/NUCLEO_F401RE/ARMC6/mbed-os/platform/source/SysTimer.o
    0x08002a1a   0x00000002   PAD
    0x08002a1c   0x0000000c   Code   RO         1357    .text._ZZN4mbed8CallbackIFvvEEC1IP21LowPowerTickerWrapperMS4_FvvELi0EEET_T0_ENKUlvE_clEv  BUILD/NUCLEO_F401RE/ARMC6/mbed-os/hal/source/LowPowerTickerWrapper.o
    0x08002a28   0x00000016   Code   RO         7481    .text.__NVIC_DisableIRQ  BUILD/NUCLEO_F401RE/ARMC6/mbed-os/targets/TARGET_STM/rtc_api.o
    0x08002a3e   0x00000002   PAD
    0x08002a40   0x0000000e   Code   RO         7473    .text.__NVIC_EnableIRQ  BUILD/NUCLEO_F401RE/ARMC6/mbed-os/targets/TARGET_STM/rtc_api.o
    0x08002a4e   0x00000002   PAD
    0x08002a50   0x00000010   Code   RO         7708    .text.__NVIC_EnableIRQ  BUILD/NUCLEO_F401RE/ARMC6/mbed-os/targets/TARGET_STM/us_ticker.o
    0x08002a60   0x0000000e   Code   RO         7477    .text.__NVIC_SetPendingIRQ  BUILD/NUCLEO_F401RE/ARMC6/mbed-os/targets/TARGET_STM/rtc_api.o
    0x08002a6e   0x00000002   PAD
    0x08002a70   0x00000020   Code   RO         3900    .text.__NVIC_SetPriorityGrouping  BUILD/NUCLEO_F401RE/ARMC6/mbed-os/targets/TARGET_STM/TARGET_STM32F4/STM32Cube_FW/STM32F4xx_HAL_Driver/stm32f4xx_hal_cortex.o
    0x08002a90   0x00000016   Code   RO         7469    .text.__NVIC_SetVector  BUILD/NUCLEO_F401RE/ARMC6/mbed-os/targets/TARGET_STM/rtc_api.o
    0x08002aa6   0x00000002   PAD
    0x08002aa8   0x00000018   Code   RO         7706    .text.__NVIC_SetVector  BUILD/NUCLEO_F401RE/ARMC6/mbed-os/targets/TARGET_STM/us_ticker.o
    0x08002ac0   0x0000005c   Code   RO         2668    .text.__cxa_guard_acquire  BUILD/NUCLEO_F401RE/ARMC6/mbed-os/platform/source/mbed_retarget.o
    0x08002b1c   0x00000032   Code   RO         2670    .text.__cxa_guard_release  BUILD/NUCLEO_F401RE/ARMC6/mbed-os/platform/source/mbed_retarget.o
    0x08002b4e   0x00000002   PAD
    0x08002b50   0x00000028   Code   RO         7809    .text.__cxa_pure_virtual  c:\ProgramData\Mbed Studio\mbed-studio-tools\ac6\bin\..\lib\libcxx\libcppabi_w.l(cxa_virtual.cpp.o)
    0x08002b78   0x00000012   Code   RO            4    .text.__cxx_global_var_init  BUILD/NUCLEO_F401RE/ARMC6/main.o
    0x08002b8a   0x00000002   PAD
    0x08002b8c   0x00000008   Code   RO         2628    .text.__user_setup_stackheap  BUILD/NUCLEO_F401RE/ARMC6/mbed-os/platform/source/mbed_retarget.o
    0x08002b94   0x00000030   Code   RO         1423    .text._gpio_init_out  BUILD/NUCLEO_F401RE/ARMC6/mbed-os/hal/source/mbed_gpio.o
    0x08002bc4   0x00000032   Code   RO         2626    .text._mbed_user_setup_stackheap  BUILD/NUCLEO_F401RE/ARMC6/mbed-os/platform/source/mbed_retarget.o
    0x08002bf6   0x00000002   PAD
    0x08002bf8   0x00000008   Code   RO         2786    .text._platform_post_stackheap_init  BUILD/NUCLEO_F401RE/ARMC6/mbed-os/platform/source/mbed_sdk_boot.o
    0x08002c00   0x00000018   Code   RO         2458    .text._rtc_is_leap_year  BUILD/NUCLEO_F401RE/ARMC6/mbed-os/platform/source/mbed_mktime.o
    0x08002c18   0x00000130   Code   RO         2462    .text._rtc_localtime  BUILD/NUCLEO_F401RE/ARMC6/mbed-os/platform/source/mbed_mktime.o
    0x08002d48   0x000000da   Code   RO         2460    .text._rtc_maketime  BUILD/NUCLEO_F401RE/ARMC6/mbed-os/platform/source/mbed_mktime.o
    0x08002e22   0x00000002   PAD
    0x08002e24   0x00000174   Code   RO         7499    .text._serial_init_direct  BUILD/NUCLEO_F401RE/ARMC6/mbed-os/targets/TARGET_STM/serial_api.o
    0x08002f98   0x00000028   Code   RO         2594    .text._sys_open     BUILD/NUCLEO_F401RE/ARMC6/mbed-os/platform/source/mbed_retarget.o
    0x08002fc0   0x00000006   Code   RO         2620    .text._sys_seek     BUILD/NUCLEO_F401RE/ARMC6/mbed-os/platform/source/mbed_retarget.o
    0x08002fc6   0x00000002   PAD
    0x08002fc8   0x000000fc   Code   RO         2598    .text._sys_write    BUILD/NUCLEO_F401RE/ARMC6/mbed-os/platform/source/mbed_retarget.o
    0x080030c4   0x00000030   Code   RO         1559    .text._ticker_match_interval_passed  BUILD/NUCLEO_F401RE/ARMC6/mbed-os/hal/source/mbed_ticker_api.o
    0x080030f4   0x00000008   Code   RO         2837    .text._wait_us_inline  BUILD/NUCLEO_F401RE/ARMC6/mbed-os/platform/source/mbed_wait_api_no_rtos.o
    0x080030fc   0x00000016   Code   RO         2839    .text._wait_us_ticks  BUILD/NUCLEO_F401RE/ARMC6/mbed-os/platform/source/mbed_wait_api_no_rtos.o
    0x08003112   0x00000004   Code   RO         7942    .text.abort_message  c:\ProgramData\Mbed Studio\mbed-studio-tools\ac6\bin\..\lib\libcxx\libcppabi_w.l(abort_message.cpp.o)
    0x08003116   0x00000002   PAD
    0x08003118   0x0000000c   Code   RO         1386    .text.are_interrupts_enabled  BUILD/NUCLEO_F401RE/ARMC6/mbed-os/hal/source/mbed_critical_section_api.o
    0x08003124   0x00000002   Code   RO         1615    .text.block_us_ticker_free  BUILD/NUCLEO_F401RE/ARMC6/mbed-os/hal/source/mbed_us_ticker_api.o
    0x08003126   0x00000002   PAD
    0x08003128   0x0000006c   Code   RO         1599    .text.compute_tick_round_up  BUILD/NUCLEO_F401RE/ARMC6/mbed-os/hal/source/mbed_ticker_api.o
    0x08003194   0x0000000c   Code   RO         2339    .text.core_util_are_interrupts_enabled  BUILD/NUCLEO_F401RE/ARMC6/mbed-os/platform/source/mbed_critical.o
    0x080031a0   0x00000012   Code   RO         2234    .text.core_util_atomic_decr_u16  BUILD/NUCLEO_F401RE/ARMC6/mbed-os/platform/source/mbed_atomic_impl.o
    0x080031b2   0x00000002   PAD
    0x080031b4   0x00000010   Code   RO         2220    .text.core_util_atomic_exchange_u8  BUILD/NUCLEO_F401RE/ARMC6/mbed-os/platform/source/mbed_atomic_impl.o
    0x080031c4   0x00000016   Code   RO         2218    .text.core_util_atomic_flag_test_and_set  BUILD/NUCLEO_F401RE/ARMC6/mbed-os/platform/source/mbed_atomic_impl.o
    0x080031da   0x00000002   PAD
    0x080031dc   0x00000012   Code   RO         2228    .text.core_util_atomic_incr_u16  BUILD/NUCLEO_F401RE/ARMC6/mbed-os/platform/source/mbed_atomic_impl.o
    0x080031ee   0x00000002   PAD
    0x080031f0   0x00000016   Code   RO         2280    .text.core_util_atomic_load_u64  BUILD/NUCLEO_F401RE/ARMC6/mbed-os/platform/source/mbed_atomic_impl.o
    0x08003206   0x00000002   PAD
    0x08003208   0x00000088   Code   RO         2345    .text.core_util_critical_section_enter  BUILD/NUCLEO_F401RE/ARMC6/mbed-os/platform/source/mbed_critical.o
    0x08003290   0x0000001e   Code   RO         2347    .text.core_util_critical_section_exit  BUILD/NUCLEO_F401RE/ARMC6/mbed-os/platform/source/mbed_critical.o
    0x080032ae   0x00000002   PAD
    0x080032b0   0x00000008   Code   RO         2343    .text.core_util_in_critical_section  BUILD/NUCLEO_F401RE/ARMC6/mbed-os/platform/source/mbed_critical.o
    0x080032b8   0x0000000c   Code   RO         2341    .text.core_util_is_isr_active  BUILD/NUCLEO_F401RE/ARMC6/mbed-os/platform/source/mbed_critical.o
    0x080032c4   0x00000054   Code   RO         7507    .text.debug         BUILD/NUCLEO_F401RE/ARMC6/mbed-os/targets/TARGET_STM/serial_api.o
    0x08003318   0x00000064   Code   RO         2358    .text.error         BUILD/NUCLEO_F401RE/ARMC6/mbed-os/platform/source/mbed_error.o
    0x0800337c   0x00000018   Code   RO         1597    .text.exact_log2    BUILD/NUCLEO_F401RE/ARMC6/mbed-os/hal/source/mbed_ticker_api.o
    0x08003394   0x00000022   Code   RO         2640    .text.exit          BUILD/NUCLEO_F401RE/ARMC6/mbed-os/platform/source/mbed_retarget.o
    0x080033b6   0x00000002   PAD
    0x080033b8   0x0000001a   Code   RO         1595    .text.gcd           BUILD/NUCLEO_F401RE/ARMC6/mbed-os/hal/source/mbed_ticker_api.o
    0x080033d2   0x00000002   PAD
    0x080033d4   0x00000010   Code   RO         1449    .text.get_lp_ticker_data  BUILD/NUCLEO_F401RE/ARMC6/mbed-os/hal/source/mbed_lp_ticker_api.o
    0x080033e4   0x00000048   Code   RO         1469    .text.get_lp_ticker_wrapper_data  BUILD/NUCLEO_F401RE/ARMC6/mbed-os/hal/source/mbed_lp_ticker_wrapper.o
    0x0800342c   0x00000038   Code   RO         7527    .text.get_uart_index  BUILD/NUCLEO_F401RE/ARMC6/mbed-os/targets/TARGET_STM/serial_api.o
    0x08003464   0x0000000a   Code   RO         1609    .text.get_us_ticker_data  BUILD/NUCLEO_F401RE/ARMC6/mbed-os/hal/source/mbed_us_ticker_api.o
    0x0800346e   0x00000002   PAD
    0x08003470   0x00000058   Code   RO         2751    .text.gettimeofday  BUILD/NUCLEO_F401RE/ARMC6/mbed-os/platform/source/mbed_rtc_time.o
    0x080034c8   0x00000016   Code   RO         7114    .text.gpio_dir      BUILD/NUCLEO_F401RE/ARMC6/mbed-os/targets/TARGET_STM/gpio_api.o
    0x080034de   0x00000002   PAD
    0x080034e0   0x00000046   Code   RO         7110    .text.gpio_init     BUILD/NUCLEO_F401RE/ARMC6/mbed-os/targets/TARGET_STM/gpio_api.o
    0x08003526   0x00000002   PAD
    0x08003528   0x0000000a   Code   RO         1419    .text.gpio_init_out  BUILD/NUCLEO_F401RE/ARMC6/mbed-os/hal/source/mbed_gpio.o
    0x08003532   0x00000002   PAD
    0x08003534   0x0000000c   Code   RO         1421    .text.gpio_init_out_ex  BUILD/NUCLEO_F401RE/ARMC6/mbed-os/hal/source/mbed_gpio.o
    0x08003540   0x0000000c   Code   RO         7112    .text.gpio_mode     BUILD/NUCLEO_F401RE/ARMC6/mbed-os/targets/TARGET_STM/gpio_api.o
    0x0800354c   0x00000068   Code   RO         7108    .text.gpio_set      BUILD/NUCLEO_F401RE/ARMC6/mbed-os/targets/TARGET_STM/gpio_api.o
    0x080035b4   0x00000014   Code   RO         1411    .text.gpio_write    BUILD/NUCLEO_F401RE/ARMC6/mbed-os/hal/source/mbed_gpio.o
    0x080035c8   0x00000014   Code   RO         2320    .text.gpio_write    BUILD/NUCLEO_F401RE/ARMC6/mbed-os/platform/source/mbed_board.o
    0x080035dc   0x00000028   Code   RO         1384    .text.hal_critical_section_enter  BUILD/NUCLEO_F401RE/ARMC6/mbed-os/hal/source/mbed_critical_section_api.o
    0x08003604   0x00000088   Code   RO         1388    .text.hal_critical_section_exit  BUILD/NUCLEO_F401RE/ARMC6/mbed-os/hal/source/mbed_critical_section_api.o
    0x0800368c   0x0000000c   Code   RO         1390    .text.hal_in_critical_section  BUILD/NUCLEO_F401RE/ARMC6/mbed-os/hal/source/mbed_critical_section_api.o
    0x08003698   0x0000001c   Code   RO         7546    .text.hal_sleep     BUILD/NUCLEO_F401RE/ARMC6/mbed-os/targets/TARGET_STM/sleep.o
    0x080036b4   0x000000e8   Code   RO         2360    .text.handle_error  BUILD/NUCLEO_F401RE/ARMC6/mbed-os/platform/source/mbed_error.o
    0x0800379c   0x000000a0   Code   RO         7704    .text.init_32bit_timer  BUILD/NUCLEO_F401RE/ARMC6/mbed-os/targets/TARGET_STM/us_ticker.o
    0x0800383c   0x00000066   Code   RO         7505    .text.init_uart     BUILD/NUCLEO_F401RE/ARMC6/mbed-os/targets/TARGET_STM/serial_api.o
    0x080038a2   0x00000002   PAD
    0x080038a4   0x00000150   Code   RO         1563    .text.initialize    BUILD/NUCLEO_F401RE/ARMC6/mbed-os/hal/source/mbed_ticker_api.o
    0x080039f4   0x0000006a   Code   RO         1577    .text.insert_event  BUILD/NUCLEO_F401RE/ARMC6/mbed-os/hal/source/mbed_ticker_api.o
    0x08003a5e   0x00000002   PAD
    0x08003a60   0x00000008   Code   RO         7319    .text.lp_ticker_clear_interrupt  BUILD/NUCLEO_F401RE/ARMC6/mbed-os/targets/TARGET_STM/lp_ticker.o
    0x08003a68   0x00000008   Code   RO         7311    .text.lp_ticker_disable_interrupt  BUILD/NUCLEO_F401RE/ARMC6/mbed-os/targets/TARGET_STM/lp_ticker.o
    0x08003a70   0x00000008   Code   RO         7317    .text.lp_ticker_fire_interrupt  BUILD/NUCLEO_F401RE/ARMC6/mbed-os/targets/TARGET_STM/lp_ticker.o
    0x08003a78   0x00000008   Code   RO         7321    .text.lp_ticker_free  BUILD/NUCLEO_F401RE/ARMC6/mbed-os/targets/TARGET_STM/lp_ticker.o
    0x08003a80   0x0000000a   Code   RO         7307    .text.lp_ticker_get_info  BUILD/NUCLEO_F401RE/ARMC6/mbed-os/targets/TARGET_STM/lp_ticker.o
    0x08003a8a   0x00000002   PAD
    0x08003a8c   0x0000000c   Code   RO         7309    .text.lp_ticker_init  BUILD/NUCLEO_F401RE/ARMC6/mbed-os/targets/TARGET_STM/lp_ticker.o
    0x08003a98   0x00000012   Code   RO         1453    .text.lp_ticker_irq_handler  BUILD/NUCLEO_F401RE/ARMC6/mbed-os/hal/source/mbed_lp_ticker_api.o
    0x08003aaa   0x00000002   PAD
    0x08003aac   0x00000008   Code   RO         7313    .text.lp_ticker_read  BUILD/NUCLEO_F401RE/ARMC6/mbed-os/targets/TARGET_STM/lp_ticker.o
    0x08003ab4   0x00000008   Code   RO         7315    .text.lp_ticker_set_interrupt  BUILD/NUCLEO_F401RE/ARMC6/mbed-os/targets/TARGET_STM/lp_ticker.o
    0x08003abc   0x00000030   Code   RO         1467    .text.lp_ticker_wrapper_irq_handler  BUILD/NUCLEO_F401RE/ARMC6/mbed-os/hal/source/mbed_lp_ticker_wrapper.o
    0x08003aec   0x0000007c   Code   RO            6    .text.main          BUILD/NUCLEO_F401RE/ARMC6/main.o
    0x08003b68   0x0000001a   Code   RO         2209    .text.mbed_assert_internal  BUILD/NUCLEO_F401RE/ARMC6/mbed-os/platform/source/mbed_assert.o
    0x08003b82   0x00000002   PAD
    0x08003b84   0x0000002c   Code   RO         2778    .text.mbed_copy_nvic  BUILD/NUCLEO_F401RE/ARMC6/mbed-os/platform/source/mbed_sdk_boot.o
    0x08003bb0   0x0000006c   Code   RO         2322    .text.mbed_die      BUILD/NUCLEO_F401RE/ARMC6/mbed-os/platform/source/mbed_board.o
    0x08003c1c   0x00000036   Code   RO         2382    .text.mbed_error    BUILD/NUCLEO_F401RE/ARMC6/mbed-os/platform/source/mbed_error.o
    0x08003c52   0x00000002   PAD
    0x08003c54   0x00000002   Code   RO         2366    .text.mbed_error_hook  BUILD/NUCLEO_F401RE/ARMC6/mbed-os/platform/source/mbed_error.o
    0x08003c56   0x00000002   PAD
    0x08003c58   0x00000004   Code   RO         2370    .text.mbed_error_initialize  BUILD/NUCLEO_F401RE/ARMC6/mbed-os/platform/source/mbed_error.o
    0x08003c5c   0x00000014   Code   RO         2400    .text.mbed_error_is_hw_fault  BUILD/NUCLEO_F401RE/ARMC6/mbed-os/platform/source/mbed_error.o
    0x08003c70   0x00000020   Code   RO         2324    .text.mbed_error_printf  BUILD/NUCLEO_F401RE/ARMC6/mbed-os/platform/source/mbed_board.o
    0x08003c90   0x00000052   Code   RO         2328    .text.mbed_error_puts  BUILD/NUCLEO_F401RE/ARMC6/mbed-os/platform/source/mbed_board.o
    0x08003ce2   0x00000002   PAD
    0x08003ce4   0x00000034   Code   RO         2326    .text.mbed_error_vprintf  BUILD/NUCLEO_F401RE/ARMC6/mbed-os/platform/source/mbed_board.o
    0x08003d18   0x000000f8   Code   RO         2169    .text.mbed_fault_handler  BUILD/NUCLEO_F401RE/ARMC6/mbed-os/platform/source/TARGET_CORTEX_M/mbed_fault_handler.o
    0x08003e10   0x00000038   Code   RO         2364    .text.mbed_halt_system  BUILD/NUCLEO_F401RE/ARMC6/mbed-os/platform/source/mbed_error.o
    0x08003e48   0x00000020   Code   RO         2780    .text.mbed_init     BUILD/NUCLEO_F401RE/ARMC6/mbed-os/platform/source/mbed_sdk_boot.o
    0x08003e68   0x00000002   Code   RO         2772    .text.mbed_main     BUILD/NUCLEO_F401RE/ARMC6/mbed-os/platform/source/mbed_sdk_boot.o
    0x08003e6a   0x00000002   PAD
    0x08003e6c   0x000003da   Code   RO         2992    .text.mbed_minimal_formatted_string  BUILD/NUCLEO_F401RE/ARMC6/mbed-os/platform/source/minimal-printf/mbed_printf_implementation.o
    0x08004246   0x00000002   PAD
    0x08004248   0x00000160   Code   RO         2996    .text.mbed_minimal_formatted_string_integer  BUILD/NUCLEO_F401RE/ARMC6/mbed-os/platform/source/minimal-printf/mbed_printf_implementation.o
    0x080043a8   0x0000003e   Code   RO         3000    .text.mbed_minimal_formatted_string_string  BUILD/NUCLEO_F401RE/ARMC6/mbed-os/platform/source/minimal-printf/mbed_printf_implementation.o
    0x080043e6   0x00000002   PAD
    0x080043e8   0x00000050   Code   RO         3002    .text.mbed_minimal_formatted_string_void_pointer  BUILD/NUCLEO_F401RE/ARMC6/mbed-os/platform/source/minimal-printf/mbed_printf_implementation.o
    0x08004438   0x00000042   Code   RO         2998    .text.mbed_minimal_putchar  BUILD/NUCLEO_F401RE/ARMC6/mbed-os/platform/source/minimal-printf/mbed_printf_implementation.o
    0x0800447a   0x00000002   PAD
    0x0800447c   0x00000024   Code   RO         7335    .text.mbed_sdk_init  BUILD/NUCLEO_F401RE/ARMC6/mbed-os/targets/TARGET_STM/mbed_overrides.o
    0x080044a0   0x00000008   Code   RO         2784    .text.mbed_toolchain_init  BUILD/NUCLEO_F401RE/ARMC6/mbed-os/platform/source/mbed_sdk_boot.o
    0x080044a8   0x00000034   Code   RO         2994    .text.parse_string_to_integer  BUILD/NUCLEO_F401RE/ARMC6/mbed-os/platform/source/minimal-printf/mbed_printf_implementation.o
    0x080044dc   0x000000c8   Code   RO         7346    .text.pin_function  BUILD/NUCLEO_F401RE/ARMC6/mbed-os/targets/TARGET_STM/pinmap.o
    0x080045a4   0x0000007c   Code   RO         7358    .text.pin_mode      BUILD/NUCLEO_F401RE/ARMC6/mbed-os/targets/TARGET_STM/pinmap.o
    0x08004620   0x00000026   Code   RO         1511    .text.pinmap_find_function  BUILD/NUCLEO_F401RE/ARMC6/mbed-os/hal/source/mbed_pinmap_common.o
    0x08004646   0x00000002   PAD
    0x08004648   0x00000028   Code   RO         1507    .text.pinmap_find_peripheral  BUILD/NUCLEO_F401RE/ARMC6/mbed-os/hal/source/mbed_pinmap_common.o
    0x08004670   0x00000048   Code   RO         1505    .text.pinmap_merge  BUILD/NUCLEO_F401RE/ARMC6/mbed-os/hal/source/mbed_pinmap_common.o
    0x080046b8   0x0000005c   Code   RO         1509    .text.pinmap_peripheral  BUILD/NUCLEO_F401RE/ARMC6/mbed-os/hal/source/mbed_pinmap_common.o
    0x08004714   0x00000164   Code   RO         2171    .text.print_context_info  BUILD/NUCLEO_F401RE/ARMC6/mbed-os/platform/source/TARGET_CORTEX_M/mbed_fault_handler.o
    0x08004878   0x000001ac   Code   RO         2362    .text.print_error_report  BUILD/NUCLEO_F401RE/ARMC6/mbed-os/platform/source/mbed_error.o
    0x08004a24   0x0000001e   Code   RO         7479    .text.rtc_deactivate_wake_up_timer  BUILD/NUCLEO_F401RE/ARMC6/mbed-os/targets/TARGET_STM/rtc_api.o
    0x08004a42   0x00000002   PAD
    0x08004a44   0x0000002e   Code   RO         7475    .text.rtc_fire_interrupt  BUILD/NUCLEO_F401RE/ARMC6/mbed-os/targets/TARGET_STM/rtc_api.o
    0x08004a72   0x00000002   PAD
    0x08004a74   0x00000164   Code   RO         7453    .text.rtc_init      BUILD/NUCLEO_F401RE/ARMC6/mbed-os/targets/TARGET_STM/rtc_api.o
    0x08004bd8   0x00000008   Code   RO         7463    .text.rtc_isenabled  BUILD/NUCLEO_F401RE/ARMC6/mbed-os/targets/TARGET_STM/rtc_api.o
    0x08004be0   0x00000086   Code   RO         7457    .text.rtc_read      BUILD/NUCLEO_F401RE/ARMC6/mbed-os/targets/TARGET_STM/rtc_api.o
    0x08004c66   0x00000002   PAD
    0x08004c68   0x0000009a   Code   RO         7461    .text.rtc_read_lp   BUILD/NUCLEO_F401RE/ARMC6/mbed-os/targets/TARGET_STM/rtc_api.o
    0x08004d02   0x00000002   PAD
    0x08004d04   0x000000cc   Code   RO         7467    .text.rtc_set_wake_up_timer  BUILD/NUCLEO_F401RE/ARMC6/mbed-os/targets/TARGET_STM/rtc_api.o
    0x08004dd0   0x00000110   Code   RO         7459    .text.rtc_write     BUILD/NUCLEO_F401RE/ARMC6/mbed-os/targets/TARGET_STM/rtc_api.o
    0x08004ee0   0x000000d4   Code   RO         1571    .text.schedule_interrupt  BUILD/NUCLEO_F401RE/ARMC6/mbed-os/hal/source/mbed_ticker_api.o
    0x08004fb4   0x00000018   Code   RO         7503    .text.serial_baud   BUILD/NUCLEO_F401RE/ARMC6/mbed-os/targets/TARGET_STM/serial_api.o
    0x08004fcc   0x000000d8   Code   RO         7497    .text.serial_init   BUILD/NUCLEO_F401RE/ARMC6/mbed-os/targets/TARGET_STM/serial_api.o
    0x080050a4   0x00000012   Code   RO         1660    .text.serial_init_direct  BUILD/NUCLEO_F401RE/ARMC6/mbed-os/hal/source/static_pinmap.o
    0x080050b6   0x00000002   PAD
    0x080050b8   0x0000002a   Code   RO         7030    .text.serial_putc   BUILD/NUCLEO_F401RE/ARMC6/mbed-os/targets/TARGET_STM/TARGET_STM32F4/serial_device.o
    0x080050e2   0x00000002   PAD
    0x080050e4   0x0000001a   Code   RO         7521    .text.serial_writable  BUILD/NUCLEO_F401RE/ARMC6/mbed-os/targets/TARGET_STM/serial_api.o
    0x080050fe   0x00000002   PAD
    0x08005100   0x00000006   Code   RO         1565    .text.set_handler   BUILD/NUCLEO_F401RE/ARMC6/mbed-os/hal/source/mbed_ticker_api.o
    0x08005106   0x00000002   PAD
    0x08005108   0x00000014   Code   RO         2753    .text.set_time      BUILD/NUCLEO_F401RE/ARMC6/mbed-os/platform/source/mbed_rtc_time.o
    0x0800511c   0x00000048   Code   RO         2749    .text.settimeofday  BUILD/NUCLEO_F401RE/ARMC6/mbed-os/platform/source/mbed_rtc_time.o
    0x08005164   0x00000058   Code   RO         2557    .text.sleep_manager_lock_deep_sleep_internal  BUILD/NUCLEO_F401RE/ARMC6/mbed-os/platform/source/mbed_power_mgmt.o
    0x080051bc   0x00000010   Code   RO         2565    .text.sleep_manager_sleep_auto  BUILD/NUCLEO_F401RE/ARMC6/mbed-os/platform/source/mbed_power_mgmt.o
    0x080051cc   0x00000058   Code   RO         2559    .text.sleep_manager_unlock_deep_sleep_internal  BUILD/NUCLEO_F401RE/ARMC6/mbed-os/platform/source/mbed_power_mgmt.o
    0x08005224   0x00000016   Code   RO         7356    .text.stm_pin_PullConfig  BUILD/NUCLEO_F401RE/ARMC6/mbed-os/targets/TARGET_STM/pinmap.o
    0x0800523a   0x00000002   PAD
    0x0800523c   0x00000022   Code   RO         7350    .text.stm_pin_SetAFPin  BUILD/NUCLEO_F401RE/ARMC6/mbed-os/targets/TARGET_STM/pinmap.o
    0x0800525e   0x00000002   PAD
    0x08005260   0x0000000c   Code   RO         2823    .text.thread_sleep_for  BUILD/NUCLEO_F401RE/ARMC6/mbed-os/platform/source/mbed_thread.o
    0x0800526c   0x00000036   Code   RO         1579    .text.ticker_insert_event_us  BUILD/NUCLEO_F401RE/ARMC6/mbed-os/hal/source/mbed_ticker_api.o
    0x080052a2   0x00000002   PAD
    0x080052a4   0x0000006a   Code   RO         1567    .text.ticker_irq_handler  BUILD/NUCLEO_F401RE/ARMC6/mbed-os/hal/source/mbed_ticker_api.o
    0x0800530e   0x00000002   PAD
    0x08005310   0x00000022   Code   RO         1585    .text.ticker_read_us  BUILD/NUCLEO_F401RE/ARMC6/mbed-os/hal/source/mbed_ticker_api.o
    0x08005332   0x00000002   PAD
    0x08005334   0x00000038   Code   RO         1581    .text.ticker_remove_event  BUILD/NUCLEO_F401RE/ARMC6/mbed-os/hal/source/mbed_ticker_api.o
    0x0800536c   0x0000001c   Code   RO         1561    .text.ticker_set_handler  BUILD/NUCLEO_F401RE/ARMC6/mbed-os/hal/source/mbed_ticker_api.o
    0x08005388   0x0000001a   Code   RO         2755    .text.time          BUILD/NUCLEO_F401RE/ARMC6/mbed-os/platform/source/mbed_rtc_time.o
    0x080053a2   0x00000002   PAD
    0x080053a4   0x00000036   Code   RO         7702    .text.timer_irq_handler  BUILD/NUCLEO_F401RE/ARMC6/mbed-os/targets/TARGET_STM/us_ticker.o
    0x080053da   0x00000002   PAD
    0x080053dc   0x00000088   Code   RO         1569    .text.update_present_time  BUILD/NUCLEO_F401RE/ARMC6/mbed-os/hal/source/mbed_ticker_api.o
    0x08005464   0x00000012   Code   RO         7722    .text.us_ticker_clear_interrupt  BUILD/NUCLEO_F401RE/ARMC6/mbed-os/targets/TARGET_STM/us_ticker.o
    0x08005476   0x00000002   PAD
    0x08005478   0x00000014   Code   RO         7720    .text.us_ticker_disable_interrupt  BUILD/NUCLEO_F401RE/ARMC6/mbed-os/targets/TARGET_STM/us_ticker.o
    0x0800548c   0x00000022   Code   RO         7716    .text.us_ticker_fire_interrupt  BUILD/NUCLEO_F401RE/ARMC6/mbed-os/targets/TARGET_STM/us_ticker.o
    0x080054ae   0x00000002   PAD
    0x080054b0   0x0000000a   Code   RO         7700    .text.us_ticker_get_info  BUILD/NUCLEO_F401RE/ARMC6/mbed-os/targets/TARGET_STM/us_ticker.o
    0x080054ba   0x00000002   PAD
    0x080054bc   0x0000001c   Code   RO         7710    .text.us_ticker_init  BUILD/NUCLEO_F401RE/ARMC6/mbed-os/targets/TARGET_STM/us_ticker.o
    0x080054d8   0x0000001e   Code   RO         1613    .text.us_ticker_irq_handler  BUILD/NUCLEO_F401RE/ARMC6/mbed-os/hal/source/mbed_us_ticker_api.o
    0x080054f6   0x00000002   PAD
    0x080054f8   0x0000000c   Code   RO         7712    .text.us_ticker_read  BUILD/NUCLEO_F401RE/ARMC6/mbed-os/targets/TARGET_STM/us_ticker.o
    0x08005504   0x0000001c   Code   RO         7714    .text.us_ticker_set_interrupt  BUILD/NUCLEO_F401RE/ARMC6/mbed-os/targets/TARGET_STM/us_ticker.o
    0x08005520   0x0000003c   Code   RO         2600    .text.write         BUILD/NUCLEO_F401RE/ARMC6/mbed-os/platform/source/mbed_retarget.o
    0x0800555c   0x00000008   Code   RO         7896    i.__aeabi_errno_addr  c:\ProgramData\Mbed Studio\mbed-studio-tools\ac6\bin\..\lib\armlib\mc_w.l(errno.o)
    0x08005564   0x0000000e   Code   RO         8030    i.__scatterload_copy  c:\ProgramData\Mbed Studio\mbed-studio-tools\ac6\bin\..\lib\armlib\mc_w.l(handlers.o)
    0x08005572   0x00000002   Code   RO         8031    i.__scatterload_null  c:\ProgramData\Mbed Studio\mbed-studio-tools\ac6\bin\..\lib\armlib\mc_w.l(handlers.o)
    0x08005574   0x0000000e   Code   RO         8032    i.__scatterload_zeroinit  c:\ProgramData\Mbed Studio\mbed-studio-tools\ac6\bin\..\lib\armlib\mc_w.l(handlers.o)
    0x08005582   0x00000018   Code   RO         7823    i._fflush$full      c:\ProgramData\Mbed Studio\mbed-studio-tools\ac6\bin\..\lib\armlib\mc_w.l(fflush_f.o)
    0x0800559a   0x0000000c   Data   RO         7970    .constdata          c:\ProgramData\Mbed Studio\mbed-studio-tools\ac6\bin\..\lib\armlib\mc_w.l(localtime.o)
    0x080055a6   0x00000039   Data   RO         7974    .constdata          c:\ProgramData\Mbed Studio\mbed-studio-tools\ac6\bin\..\lib\armlib\mc_w.l(asctime.o)
    0x080055df   0x00000001   PAD
    0x080055e0   0x00000000   Data   RO         2792    .rodata             BUILD/NUCLEO_F401RE/ARMC6/mbed-os/platform/source/mbed_sdk_boot.o
    0x080055e0   0x00000010   Data   RO         6903    .rodata.AHBPrescTable  BUILD/NUCLEO_F401RE/ARMC6/mbed-os/targets/TARGET_STM/TARGET_STM32F4/STM32Cube_FW/system_stm32f4xx.o
    0x080055f0   0x00000008   Data   RO         6904    .rodata.APBPrescTable  BUILD/NUCLEO_F401RE/ARMC6/mbed-os/targets/TARGET_STM/TARGET_STM32F4/STM32Cube_FW/system_stm32f4xx.o
    0x080055f8   0x00000048   Data   RO         6919    .rodata.PinMap_UART_RX  BUILD/NUCLEO_F401RE/ARMC6/mbed-os/targets/TARGET_STM/TARGET_STM32F4/TARGET_STM32F401xE/TARGET_NUCLEO_F401RE/PeripheralPins.o
    0x08005640   0x00000048   Data   RO         6918    .rodata.PinMap_UART_TX  BUILD/NUCLEO_F401RE/ARMC6/mbed-os/targets/TARGET_STM/TARGET_STM32F4/TARGET_STM32F401xE/TARGET_NUCLEO_F401RE/PeripheralPins.o
    0x08005688   0x00000024   Data   RO         1494    .rodata._ZL12lp_interface  BUILD/NUCLEO_F401RE/ARMC6/mbed-os/hal/source/mbed_lp_ticker_wrapper.o
    0x080056ac   0x0000000c   Data   RO         1071    .rodata._ZTVN4mbed10TickerBaseE  BUILD/NUCLEO_F401RE/ARMC6/mbed-os/drivers/source/Ticker.o
    0x080056b8   0x0000000c   Data   RO         1189    .rodata._ZTVN4mbed10TimerEventE  BUILD/NUCLEO_F401RE/ARMC6/mbed-os/drivers/source/TimerEvent.o
    0x080056c4   0x0000000c   Data   RO         1095    .rodata._ZTVN4mbed11TimeoutBaseE  BUILD/NUCLEO_F401RE/ARMC6/mbed-os/drivers/source/Timeout.o
    0x080056d0   0x0000000c   Data   RO         1105    .rodata._ZTVN4mbed7TimeoutE  BUILD/NUCLEO_F401RE/ARMC6/mbed-os/drivers/source/Timeout.o
    0x080056dc   0x0000000c   Data   RO         2163    .rodata._ZTVN4mbed8internal8SysTimerINSt3__25ratioILx1ELx1000EEELb1EEE  BUILD/NUCLEO_F401RE/ARMC6/mbed-os/platform/source/SysTimer.o
    0x080056e8   0x00000018   Data   RO         2711    .rodata._ZZL14do_serial_initvE14console_pinmap  BUILD/NUCLEO_F401RE/ARMC6/mbed-os/platform/source/mbed_retarget.o
    0x08005700   0x00000040   Data   RO         7368    .rodata.ll_pin_defines  BUILD/NUCLEO_F401RE/ARMC6/mbed-os/targets/TARGET_STM/pinmap.o
    0x08005740   0x00000008   Data   RO         1455    .rodata.lp_data     BUILD/NUCLEO_F401RE/ARMC6/mbed-os/hal/source/mbed_lp_ticker_api.o
    0x08005748   0x00000024   Data   RO         1457    .rodata.lp_interface  BUILD/NUCLEO_F401RE/ARMC6/mbed-os/hal/source/mbed_lp_ticker_api.o
    0x0800576c   0x00000008   Data   RO         7323    .rodata.lp_ticker_get_info.info  BUILD/NUCLEO_F401RE/ARMC6/mbed-os/targets/TARGET_STM/lp_ticker.o
    0x08005774   0x00000060   Data   RO         2464    .rodata.seconds_before_month  BUILD/NUCLEO_F401RE/ARMC6/mbed-os/platform/source/mbed_mktime.o
    0x080057d4   0x00000051   Data   RO           15    .rodata.str1.1      BUILD/NUCLEO_F401RE/ARMC6/main.o
    0x08005825   0x00000056   Data   RO          863    .rodata.str1.1      BUILD/NUCLEO_F401RE/ARMC6/mbed-os/drivers/source/SPI.o
    0x0800587b   0x0000003b   Data   RO         1017    .rodata.str1.1      BUILD/NUCLEO_F401RE/ARMC6/mbed-os/drivers/source/SerialBase.o
    0x080058b6   0x0000004f   Data   RO         1335    .rodata.str1.1      BUILD/NUCLEO_F401RE/ARMC6/mbed-os/hal/source/LowPowerTickerWrapper.o
    0x08005905   0x0000004e   Data   RO         2013    .rodata.str1.1      BUILD/NUCLEO_F401RE/ARMC6/mbed-os/platform/source/SysTimer.o
    0x08005953   0x000000e0   Data   RO         2175    .rodata.str1.1      BUILD/NUCLEO_F401RE/ARMC6/mbed-os/platform/source/TARGET_CORTEX_M/mbed_fault_handler.o
    0x08005a33   0x000000f2   Data   RO         2408    .rodata.str1.1      BUILD/NUCLEO_F401RE/ARMC6/mbed-os/platform/source/mbed_error.o
    0x08005b25   0x000000b0   Data   RO         2706    .rodata.str1.1      BUILD/NUCLEO_F401RE/ARMC6/mbed-os/platform/source/mbed_retarget.o
    0x08005bd5   0x0000002a   Data   RO         7536    .rodata.str1.1      BUILD/NUCLEO_F401RE/ARMC6/mbed-os/targets/TARGET_STM/serial_api.o
    0x08005bff   0x00000001   PAD
    0x08005c00   0x00000008   Data   RO         1617    .rodata.us_data     BUILD/NUCLEO_F401RE/ARMC6/mbed-os/hal/source/mbed_us_ticker_api.o
    0x08005c08   0x00000024   Data   RO         1619    .rodata.us_interface  BUILD/NUCLEO_F401RE/ARMC6/mbed-os/hal/source/mbed_us_ticker_api.o
    0x08005c2c   0x00000008   Data   RO         7730    .rodata.us_ticker_get_info.info  BUILD/NUCLEO_F401RE/ARMC6/mbed-os/targets/TARGET_STM/us_ticker.o
    0x08005c34   0x00000020   Data   RO         8029    Region$$Table       anon$$obj.o
    0x08005c54   0x00000004   Data   RO           16    .init_array         BUILD/NUCLEO_F401RE/ARMC6/main.o
    0x08005c58   0x00000000   Data   RO         7910    .init_array         c:\ProgramData\Mbed Studio\mbed-studio-tools\ac6\bin\..\lib\armlib\mc_w.l(cpp_init.o)


    Execution Region RW_IRAM1 (Base: 0x20000198, Size: 0x0000048c, Max: 0xffffffff, ABSOLUTE)

    Base Addr    Size         Type   Attr      Idx    E Section Name        Object

    0x20000198   0x00000004   Data   RW         7899    .data               c:\ProgramData\Mbed Studio\mbed-studio-tools\ac6\bin\..\lib\armlib\mc_w.l(errno.o)
    0x2000019c   0x00000004   Data   RW         6902    .data.SystemCoreClock  BUILD/NUCLEO_F401RE/ARMC6/mbed-os/targets/TARGET_STM/TARGET_STM32F4/STM32Cube_FW/system_stm32f4xx.o
    0x200001a0   0x00000004   Data   RW         2760    .data._ZL10_rtc_write  BUILD/NUCLEO_F401RE/ARMC6/mbed-os/platform/source/mbed_rtc_time.o
    0x200001a4   0x00000004   Data   RW         2761    .data._ZL14_rtc_isenabled  BUILD/NUCLEO_F401RE/ARMC6/mbed-os/platform/source/mbed_rtc_time.o
    0x200001a8   0x00000004   Data   RW         2759    .data._ZL9_rtc_init  BUILD/NUCLEO_F401RE/ARMC6/mbed-os/platform/source/mbed_rtc_time.o
    0x200001ac   0x00000004   Data   RW         2762    .data._ZL9_rtc_read  BUILD/NUCLEO_F401RE/ARMC6/mbed-os/platform/source/mbed_rtc_time.o
    0x200001b0   0x00000004   Data   RW         1456    .data.irq_handler   BUILD/NUCLEO_F401RE/ARMC6/mbed-os/hal/source/mbed_lp_ticker_api.o
    0x200001b4   0x00000004   Data   RW         1618    .data.irq_handler   BUILD/NUCLEO_F401RE/ARMC6/mbed-os/hal/source/mbed_us_ticker_api.o
    0x200001b8   0x00000004   Data   RW         3787    .data.uwTickPrio    BUILD/NUCLEO_F401RE/ARMC6/mbed-os/targets/TARGET_STM/TARGET_STM32F4/STM32Cube_FW/STM32F4xx_HAL_Driver/stm32f4xx_hal.o
    0x200001bc   0x00000014   Zero   RW         7841    .bss                c:\ProgramData\Mbed Studio\mbed-studio-tools\ac6\bin\..\lib\armlib\mc_w.l(stdout_f.o)
    0x200001d0   0x00000014   Zero   RW         7842    .bss                c:\ProgramData\Mbed Studio\mbed-studio-tools\ac6\bin\..\lib\armlib\mc_w.l(stderr_f.o)
    0x200001e4   0x0000002c   Zero   RW         7969    .bss                c:\ProgramData\Mbed Studio\mbed-studio-tools\ac6\bin\..\lib\armlib\mc_w.l(localtime.o)
    0x20000210   0x0000001a   Zero   RW         7973    .bss                c:\ProgramData\Mbed Studio\mbed-studio-tools\ac6\bin\..\lib\armlib\mc_w.l(asctime.o)
    0x2000022a   0x00000002   PAD
    0x2000022c   0x00000004   Zero   RW         7484    .bss.LPTICKER_RTC_time  BUILD/NUCLEO_F401RE/ARMC6/mbed-os/targets/TARGET_STM/rtc_api.o
    0x20000230   0x00000004   Zero   RW         7483    .bss.LPTICKER_counter  BUILD/NUCLEO_F401RE/ARMC6/mbed-os/targets/TARGET_STM/rtc_api.o
    0x20000234   0x00000001   Zero   RW         7485    .bss.RTC_inited     BUILD/NUCLEO_F401RE/ARMC6/mbed-os/targets/TARGET_STM/rtc_api.o
    0x20000235   0x00000003   PAD
    0x20000238   0x00000020   Zero   RW         7486    .bss.RtcHandle      BUILD/NUCLEO_F401RE/ARMC6/mbed-os/targets/TARGET_STM/rtc_api.o
    0x20000258   0x00000048   Zero   RW         7731    .bss.TimMasterHandle  BUILD/NUCLEO_F401RE/ARMC6/mbed-os/targets/TARGET_STM/us_ticker.o
    0x200002a0   0x00000003   Zero   RW         2704    .bss._ZL14stdio_out_prev  BUILD/NUCLEO_F401RE/ARMC6/mbed-os/platform/source/mbed_retarget.o
    0x200002a3   0x00000001   PAD
    0x200002a4   0x00000004   Zero   RW         1492    .bss._ZL14ticker_wrapper  BUILD/NUCLEO_F401RE/ARMC6/mbed-os/hal/source/mbed_lp_ticker_wrapper.o
    0x200002a8   0x00000070   Zero   RW         1493    .bss._ZL19ticker_wrapper_data  BUILD/NUCLEO_F401RE/ARMC6/mbed-os/hal/source/mbed_lp_ticker_wrapper.o
    0x20000318   0x00000001   Zero   RW         1491    .bss._ZL4init       BUILD/NUCLEO_F401RE/ARMC6/mbed-os/hal/source/mbed_lp_ticker_wrapper.o
    0x20000319   0x00000003   PAD
    0x2000031c   0x00000008   Zero   RW         2763    .bss._ZL6_mutex     BUILD/NUCLEO_F401RE/ARMC6/mbed-os/platform/source/mbed_rtc_time.o
    0x20000324   0x00000004   PAD
    0x20000328   0x00000048   Zero   RW         2502    .bss._ZN4mbed8internal12_GLOBAL__N_113os_timer_dataE  BUILD/NUCLEO_F401RE/ARMC6/mbed-os/platform/source/mbed_os_timer.o
    0x20000370   0x00000004   Zero   RW         2501    .bss._ZN4mbed8internal8os_timerE  BUILD/NUCLEO_F401RE/ARMC6/mbed-os/platform/source/mbed_os_timer.o
    0x20000374   0x00000004   Zero   RW         2710    .bss._ZZL19do_serial_init_oncevE4once  BUILD/NUCLEO_F401RE/ARMC6/mbed-os/platform/source/mbed_retarget.o
    0x20000378   0x00000001   Zero   RW         1393    .bss.critical_interrupts_enabled  BUILD/NUCLEO_F401RE/ARMC6/mbed-os/hal/source/mbed_critical_section_api.o
    0x20000379   0x00000003   PAD
    0x2000037c   0x00000004   Zero   RW         2349    .bss.critical_section_reentrancy_counter  BUILD/NUCLEO_F401RE/ARMC6/mbed-os/platform/source/mbed_critical.o
    0x20000380   0x00000002   Zero   RW         2567    .bss.deep_sleep_lock  BUILD/NUCLEO_F401RE/ARMC6/mbed-os/platform/source/mbed_power_mgmt.o
    0x20000382   0x00000002   PAD
    0x20000384   0x00000004   Zero   RW         2405    .bss.error_count    BUILD/NUCLEO_F401RE/ARMC6/mbed-os/platform/source/mbed_error.o
    0x20000388   0x00000004   Zero   RW         2406    .bss.error_hook     BUILD/NUCLEO_F401RE/ARMC6/mbed-os/platform/source/mbed_error.o
    0x2000038c   0x00000004   PAD
    0x20000390   0x00000038   Zero   RW         1458    .bss.events         BUILD/NUCLEO_F401RE/ARMC6/mbed-os/hal/source/mbed_lp_ticker_api.o
    0x200003c8   0x00000038   Zero   RW         1620    .bss.events         BUILD/NUCLEO_F401RE/ARMC6/mbed-os/hal/source/mbed_us_ticker_api.o
    0x20000400   0x00000034   Zero   RW         2404    .bss.first_error_ctx  BUILD/NUCLEO_F401RE/ARMC6/mbed-os/platform/source/mbed_error.o
    0x20000434   0x00000001   Zero   RW         2407    .bss.halt_in_progress  BUILD/NUCLEO_F401RE/ARMC6/mbed-os/platform/source/mbed_error.o
    0x20000435   0x00000003   PAD
    0x20000438   0x00000004   Zero   RW         7488    .bss.irq_handler    BUILD/NUCLEO_F401RE/ARMC6/mbed-os/targets/TARGET_STM/rtc_api.o
    0x2000043c   0x00000034   Zero   RW         2403    .bss.last_error_ctx  BUILD/NUCLEO_F401RE/ARMC6/mbed-os/platform/source/mbed_error.o
    0x20000470   0x0000001c   Zero   RW           14    .bss.led1           BUILD/NUCLEO_F401RE/ARMC6/main.o
    0x2000048c   0x00000001   Zero   RW         7487    .bss.lp_Fired       BUILD/NUCLEO_F401RE/ARMC6/mbed-os/targets/TARGET_STM/rtc_api.o
    0x2000048d   0x00000001   Zero   RW         2402    .bss.mbed_error_in_progress  BUILD/NUCLEO_F401RE/ARMC6/mbed-os/platform/source/mbed_error.o
    0x2000048e   0x00000002   PAD
    0x20000490   0x00000054   Zero   RW         2176    .bss.mbed_fault_context  BUILD/NUCLEO_F401RE/ARMC6/mbed-os/platform/source/TARGET_CORTEX_M/mbed_fault_handler.o
    0x200004e4   0x00000004   Zero   RW         2701    .bss.mbed_heap_size  BUILD/NUCLEO_F401RE/ARMC6/mbed-os/platform/source/mbed_retarget.o
    0x200004e8   0x00000004   Zero   RW         2700    .bss.mbed_heap_start  BUILD/NUCLEO_F401RE/ARMC6/mbed-os/platform/source/mbed_retarget.o
    0x200004ec   0x00000004   Zero   RW         7337    .bss.mbed_sdk_inited  BUILD/NUCLEO_F401RE/ARMC6/mbed-os/targets/TARGET_STM/mbed_overrides.o
    0x200004f0   0x00000004   Zero   RW         2791    .bss.mbed_stack_isr_size  BUILD/NUCLEO_F401RE/ARMC6/mbed-os/platform/source/mbed_sdk_boot.o
    0x200004f4   0x00000004   Zero   RW         2790    .bss.mbed_stack_isr_start  BUILD/NUCLEO_F401RE/ARMC6/mbed-os/platform/source/mbed_sdk_boot.o
    0x200004f8   0x00000002   Zero   RW         7196    .bss.prev_tick_remainder  BUILD/NUCLEO_F401RE/ARMC6/mbed-os/targets/TARGET_STM/hal_tick_overrides.o
    0x200004fa   0x00000002   PAD
    0x200004fc   0x00000004   Zero   RW         7195    .bss.prev_time      BUILD/NUCLEO_F401RE/ARMC6/mbed-os/targets/TARGET_STM/hal_tick_overrides.o
    0x20000500   0x00000001   Zero   RW         1392    .bss.state_saved    BUILD/NUCLEO_F401RE/ARMC6/mbed-os/hal/source/mbed_critical_section_api.o
    0x20000501   0x00000003   PAD
    0x20000504   0x0000004c   Zero   RW         7537    .bss.stdio_uart     BUILD/NUCLEO_F401RE/ARMC6/mbed-os/targets/TARGET_STM/serial_api.o
    0x20000550   0x00000004   Zero   RW         7535    .bss.stdio_uart_inited  BUILD/NUCLEO_F401RE/ARMC6/mbed-os/targets/TARGET_STM/serial_api.o
    0x20000554   0x00000004   Zero   RW         7197    .bss.total_ticks    BUILD/NUCLEO_F401RE/ARMC6/mbed-os/targets/TARGET_STM/hal_tick_overrides.o
    0x20000558   0x000000cc   Zero   RW         7072    .bss.uart_handlers  BUILD/NUCLEO_F401RE/ARMC6/mbed-os/targets/TARGET_STM/TARGET_STM32F4/serial_device.o


    Execution Region ARM_LIB_HEAP (Base: 0x20000630, Size: 0x000169d0, Max: 0x000169d0, ABSOLUTE)

    Base Addr    Size         Type   Attr      Idx    E Section Name        Object

    0x20000630   0x000169d0   Zero   RW            1    ARM_LIB_HEAP.bss    anon$$obj.o


    Execution Region ARM_LIB_STACK (Base: 0x20017000, Size: 0x00001000, Max: 0x00001000, ABSOLUTE)

    Base Addr    Size         Type   Attr      Idx    E Section Name        Object

    0x20017000   0x00001000   Zero   RW            2    ARM_LIB_STACK.bss   anon$$obj.o


==============================================================================

Image component sizes


      Code (inc. data)   RO Data    RW Data    ZI Data      Debug   

     20622       1910       2060         32      97736    1061786   Object Totals
         0          0         32          0      96720          0   (incl. Generated)
       274          0          1          0         30          0   (incl. Padding)
       888         98         70          4        112       1256   Library Totals
         4          0          1          0          2          0   (incl. Padding)

==============================================================================


      Code (inc. data)   RO Data    RW Data    ZI Data      Debug   

     21510       2008       2130         36      97848    1061374   Grand Totals
     21510       2008       2130         36      97848    1061374   ELF Image Totals
     21510       2008       2130         36          0          0   ROM Totals

==============================================================================

    Total RO  Size (Code + RO Data)                23640 (  23.09kB)
    Total RW  Size (RW Data + ZI Data)             97884 (  95.59kB)
    Total ROM Size (Code + RO Data + RW Data)      23676 (  23.12kB)

==============================================================================

