<html>
<body>
<pre>
<h1>µVision Build Log</h1>
<h2>Tool Versions:</h2>
IDE-Version: µVision V5.38.0.0
Copyright (C) 2022 ARM Ltd and ARM Germany GmbH. All rights reserved.
License Information: Viraj Patel, Student, LIC=----
 
Tool Versions:
Toolchain:       MDK-Lite  Version: 5.38.0.0
Toolchain Path:  C:\Keil_v5\ARM\ARM_Compiler_5.06u7\Bin
C Compiler:      Armcc.exe V5.06 update 7 (build 960)
Assembler:       Armasm.exe V5.06 update 7 (build 960)
Linker/Locator:  ArmLink.exe V5.06 update 7 (build 960)
Library Manager: ArmAr.exe V5.06 update 7 (build 960)
Hex Converter:   FromElf.exe V5.06 update 7 (build 960)
CPU DLL:         SARMCM3.DLL V5.38.0.0
Dialog DLL:      DCM.DLL V1.17.5.0
Target DLL:      STLink\ST-LINKIII-KEIL_SWO.dll V3.1.0.0
Dialog DLL:      TCM.DLL V1.56.4.0
 
<h2>Project:</h2>
C:\Users\Reaper\Downloads\Viraj Patel\UC Boulder\4th Sem Fall 2023\ECEN 5803-001 Mastering Embedded Systems Architecture\Assignments\Project 1\Module 3\Final\Code3_3\Code312\RTOS\RTOS.uvprojx
Project File Date:  10/07/2023

<h2>Output:</h2>
*** Using Compiler 'V5.06 update 7 (build 960)', folder: 'C:\Keil_v5\ARM\ARM_Compiler_5.06u7\Bin'
*** Warning: You are compiling one or more files of source type C++ and have selected 'use MicroLIB'. MicroLIB does not support C++!
  
Rebuild target 'mbed NUCLEO_F401RE'
compiling rt_List.c...
mbed-rtos/rtx/rt_HAL_CM.h(203): warning:  #3731-D: intrinsic is deprecated
      if ((cnt = __ldrex(count)) == size) {
mbed-rtos/rtx/rt_HAL_CM.h(206): warning:  #3731-D: intrinsic is deprecated
    } while (__strex(cnt+1, count));
mbed-rtos/rtx/rt_HAL_CM.h(208): warning:  #3731-D: intrinsic is deprecated
      c2 = (cnt = __ldrex(first)) + 1;
mbed-rtos/rtx/rt_HAL_CM.h(210): warning:  #3731-D: intrinsic is deprecated
    } while (__strex(c2, first));
mbed-rtos/rtx/rt_List.c: 4 warnings, 0 errors
compiling rt_Semaphore.c...
mbed-rtos/rtx/rt_HAL_CM.h(203): warning:  #3731-D: intrinsic is deprecated
      if ((cnt = __ldrex(count)) == size) {
mbed-rtos/rtx/rt_HAL_CM.h(206): warning:  #3731-D: intrinsic is deprecated
    } while (__strex(cnt+1, count));
mbed-rtos/rtx/rt_HAL_CM.h(208): warning:  #3731-D: intrinsic is deprecated
      c2 = (cnt = __ldrex(first)) + 1;
mbed-rtos/rtx/rt_HAL_CM.h(210): warning:  #3731-D: intrinsic is deprecated
    } while (__strex(c2, first));
mbed-rtos/rtx/rt_Semaphore.c: 4 warnings, 0 errors
compiling rt_Time.c...
compiling rt_Task.c...
mbed-rtos/rtx/rt_HAL_CM.h(203): warning:  #3731-D: intrinsic is deprecated
      if ((cnt = __ldrex(count)) == size) {
mbed-rtos/rtx/rt_HAL_CM.h(206): warning:  #3731-D: intrinsic is deprecated
    } while (__strex(cnt+1, count));
mbed-rtos/rtx/rt_HAL_CM.h(208): warning:  #3731-D: intrinsic is deprecated
      c2 = (cnt = __ldrex(first)) + 1;
mbed-rtos/rtx/rt_HAL_CM.h(210): warning:  #3731-D: intrinsic is deprecated
    } while (__strex(c2, first));
mbed-rtos/rtx/rt_Task.c: 4 warnings, 0 errors
compiling rt_Mailbox.c...
mbed-rtos/rtx/rt_HAL_CM.h(203): warning:  #3731-D: intrinsic is deprecated
      if ((cnt = __ldrex(count)) == size) {
mbed-rtos/rtx/rt_HAL_CM.h(206): warning:  #3731-D: intrinsic is deprecated
    } while (__strex(cnt+1, count));
mbed-rtos/rtx/rt_HAL_CM.h(208): warning:  #3731-D: intrinsic is deprecated
      c2 = (cnt = __ldrex(first)) + 1;
mbed-rtos/rtx/rt_HAL_CM.h(210): warning:  #3731-D: intrinsic is deprecated
    } while (__strex(c2, first));
mbed-rtos/rtx/rt_Mailbox.c(112): warning:  #3731-D: intrinsic is deprecated
      rt_inc (&p_MCB->count);
mbed-rtos/rtx/rt_Mailbox.c(112): warning:  #3731-D: intrinsic is deprecated
      rt_inc (&p_MCB->count);
mbed-rtos/rtx/rt_Mailbox.c(151): warning:  #3731-D: intrinsic is deprecated
        rt_dec (&p_MCB->count);
mbed-rtos/rtx/rt_Mailbox.c(151): warning:  #3731-D: intrinsic is deprecated
        rt_dec (&p_MCB->count);
mbed-rtos/rtx/rt_Mailbox.c(214): warning:  #3731-D: intrinsic is deprecated
      rt_dec (&p_MCB->count);
mbed-rtos/rtx/rt_Mailbox.c(214): warning:  #3731-D: intrinsic is deprecated
      rt_dec (&p_MCB->count);
mbed-rtos/rtx/rt_Mailbox.c(253): warning:  #3731-D: intrinsic is deprecated
        rt_inc (&p_CB->count);
mbed-rtos/rtx/rt_Mailbox.c(253): warning:  #3731-D: intrinsic is deprecated
        rt_inc (&p_CB->count);
mbed-rtos/rtx/rt_Mailbox.c(278): warning:  #3731-D: intrinsic is deprecated
          rt_inc (&p_CB->count);
mbed-rtos/rtx/rt_Mailbox.c(278): warning:  #3731-D: intrinsic is deprecated
          rt_inc (&p_CB->count);
mbed-rtos/rtx/rt_Mailbox.c: 14 warnings, 0 errors
compiling HAL_CM.c...
mbed-rtos/rtx/rt_HAL_CM.h(203): warning:  #3731-D: intrinsic is deprecated
      if ((cnt = __ldrex(count)) == size) {
mbed-rtos/rtx/rt_HAL_CM.h(206): warning:  #3731-D: intrinsic is deprecated
    } while (__strex(cnt+1, count));
mbed-rtos/rtx/rt_HAL_CM.h(208): warning:  #3731-D: intrinsic is deprecated
      c2 = (cnt = __ldrex(first)) + 1;
mbed-rtos/rtx/rt_HAL_CM.h(210): warning:  #3731-D: intrinsic is deprecated
    } while (__strex(c2, first));
mbed-rtos/rtx/HAL_CM.c: 4 warnings, 0 errors
compiling rt_Robin.c...
mbed-rtos/rtx/rt_HAL_CM.h(203): warning:  #3731-D: intrinsic is deprecated
      if ((cnt = __ldrex(count)) == size) {
mbed-rtos/rtx/rt_HAL_CM.h(206): warning:  #3731-D: intrinsic is deprecated
    } while (__strex(cnt+1, count));
mbed-rtos/rtx/rt_HAL_CM.h(208): warning:  #3731-D: intrinsic is deprecated
      c2 = (cnt = __ldrex(first)) + 1;
mbed-rtos/rtx/rt_HAL_CM.h(210): warning:  #3731-D: intrinsic is deprecated
    } while (__strex(c2, first));
mbed-rtos/rtx/rt_Robin.c: 4 warnings, 0 errors
compiling RTX_Conf_CM.c...
compiling rt_MemBox.c...
mbed-rtos/rtx/rt_HAL_CM.h(203): warning:  #3731-D: intrinsic is deprecated
      if ((cnt = __ldrex(count)) == size) {
mbed-rtos/rtx/rt_HAL_CM.h(206): warning:  #3731-D: intrinsic is deprecated
    } while (__strex(cnt+1, count));
mbed-rtos/rtx/rt_HAL_CM.h(208): warning:  #3731-D: intrinsic is deprecated
      c2 = (cnt = __ldrex(first)) + 1;
mbed-rtos/rtx/rt_HAL_CM.h(210): warning:  #3731-D: intrinsic is deprecated
    } while (__strex(c2, first));
mbed-rtos/rtx/rt_MemBox.c(108): warning:  #3731-D: intrinsic is deprecated
      if ((free = (void **)__ldrex(&((P_BM) box_mem)->free)) == 0) {
mbed-rtos/rtx/rt_MemBox.c(112): warning:  #3731-D: intrinsic is deprecated
    } while (__strex((U32)*free, &((P_BM) box_mem)->free));
mbed-rtos/rtx/rt_MemBox.c(157): warning:  #3731-D: intrinsic is deprecated
      *((void **)box) = (void *)__ldrex(&((P_BM) box_mem)->free);
mbed-rtos/rtx/rt_MemBox.c(158): warning:  #3731-D: intrinsic is deprecated
    } while (__strex ((U32)box, &((P_BM) box_mem)->free));
mbed-rtos/rtx/rt_MemBox.c: 8 warnings, 0 errors
compiling rt_Event.c...
mbed-rtos/rtx/rt_HAL_CM.h(203): warning:  #3731-D: intrinsic is deprecated
      if ((cnt = __ldrex(count)) == size) {
mbed-rtos/rtx/rt_HAL_CM.h(206): warning:  #3731-D: intrinsic is deprecated
    } while (__strex(cnt+1, count));
mbed-rtos/rtx/rt_HAL_CM.h(208): warning:  #3731-D: intrinsic is deprecated
      c2 = (cnt = __ldrex(first)) + 1;
mbed-rtos/rtx/rt_HAL_CM.h(210): warning:  #3731-D: intrinsic is deprecated
    } while (__strex(c2, first));
mbed-rtos/rtx/rt_Event.c: 4 warnings, 0 errors
compiling rt_System.c...
mbed-rtos/rtx/rt_HAL_CM.h(203): warning:  #3731-D: intrinsic is deprecated
      if ((cnt = __ldrex(count)) == size) {
mbed-rtos/rtx/rt_HAL_CM.h(206): warning:  #3731-D: intrinsic is deprecated
    } while (__strex(cnt+1, count));
mbed-rtos/rtx/rt_HAL_CM.h(208): warning:  #3731-D: intrinsic is deprecated
      c2 = (cnt = __ldrex(first)) + 1;
mbed-rtos/rtx/rt_HAL_CM.h(210): warning:  #3731-D: intrinsic is deprecated
    } while (__strex(c2, first));
mbed-rtos/rtx/rt_System.c(228): warning:  #3731-D: intrinsic is deprecated
      rt_dec (&os_psq->count);
mbed-rtos/rtx/rt_System.c(228): warning:  #3731-D: intrinsic is deprecated
      rt_dec (&os_psq->count);
mbed-rtos/rtx/rt_System.c: 6 warnings, 0 errors
compiling Thread.cpp...
compiling RtosTimer.cpp...
compiling rt_Mutex.c...
mbed-rtos/rtx/rt_HAL_CM.h(203): warning:  #3731-D: intrinsic is deprecated
      if ((cnt = __ldrex(count)) == size) {
mbed-rtos/rtx/rt_HAL_CM.h(206): warning:  #3731-D: intrinsic is deprecated
    } while (__strex(cnt+1, count));
mbed-rtos/rtx/rt_HAL_CM.h(208): warning:  #3731-D: intrinsic is deprecated
      c2 = (cnt = __ldrex(first)) + 1;
mbed-rtos/rtx/rt_HAL_CM.h(210): warning:  #3731-D: intrinsic is deprecated
    } while (__strex(c2, first));
mbed-rtos/rtx/rt_Mutex.c: 4 warnings, 0 errors
compiling Semaphore.cpp...
compiling Mutex.cpp...
assembling SVC_Table.s...
compiling HAL_CM4.c...
.\mbed-rtos\rtx\rt_HAL_CM.h(203): warning:  #3731-D: intrinsic is deprecated
      if ((cnt = __ldrex(count)) == size) {
.\mbed-rtos\rtx\rt_HAL_CM.h(206): warning:  #3731-D: intrinsic is deprecated
    } while (__strex(cnt+1, count));
.\mbed-rtos\rtx\rt_HAL_CM.h(208): warning:  #3731-D: intrinsic is deprecated
      c2 = (cnt = __ldrex(first)) + 1;
.\mbed-rtos\rtx\rt_HAL_CM.h(210): warning:  #3731-D: intrinsic is deprecated
    } while (__strex(c2, first));
mbed-rtos\rtx\TARGET_M4\TOOLCHAIN_ARM\HAL_CM4.c: 4 warnings, 0 errors
compiling rt_CMSIS.c...
mbed-rtos/rtx/rt_HAL_CM.h(203): warning:  #3731-D: intrinsic is deprecated
      if ((cnt = __ldrex(count)) == size) {
mbed-rtos/rtx/rt_HAL_CM.h(206): warning:  #3731-D: intrinsic is deprecated
    } while (__strex(cnt+1, count));
mbed-rtos/rtx/rt_HAL_CM.h(208): warning:  #3731-D: intrinsic is deprecated
      c2 = (cnt = __ldrex(first)) + 1;
mbed-rtos/rtx/rt_HAL_CM.h(210): warning:  #3731-D: intrinsic is deprecated
    } while (__strex(c2, first));
mbed-rtos/rtx/rt_CMSIS.c: 4 warnings, 0 errors
compiling main.cpp...
compiling NHD_0216HZ.cpp...
compiling DS1631.cpp...
linking...
Program Size: Code=29444 RO-data=2496 RW-data=528 ZI-data=5292  
".\build\RTOS.axf" - 0 Error(s), 64 Warning(s).

<h2>Software Packages used:</h2>

Package Vendor: ARM
                http://www.keil.com/pack/ARM.CMSIS.5.9.0.pack
                ARM.CMSIS.5.9.0
                CMSIS (Common Microcontroller Software Interface Standard)
   * Component: CORE Version: 5.6.0

Package Vendor: Keil
                https://www.keil.com/pack/Keil.STM32F4xx_DFP.2.17.1.pack
                Keil.STM32F4xx_DFP.2.17.1
                STMicroelectronics STM32F4 Series Device Support, Drivers and Examples

<h2>Collection of Component include folders:</h2>
  ./RTE/_mbed_NUCLEO_F401RE
  C:/Users/Reaper/AppData/Local/Arm/Packs/ARM/CMSIS/5.9.0/CMSIS/Core/Include
  C:/Users/Reaper/AppData/Local/Arm/Packs/Keil/STM32F4xx_DFP/2.17.1/Drivers/CMSIS/Device/ST/STM32F4xx/Include

<h2>Collection of Component Files used:</h2>

   * Component: ARM::CMSIS:CORE:5.6.0
Build Time Elapsed:  00:00:04
</pre>
</body>
</html>
