<html>
<body>
<pre>
<h1>µVision Build Log</h1>
<h2>Tool Versions:</h2>
IDE-Version: µVision V5.38.0.0
Copyright (C) 2022 ARM Ltd and ARM Germany GmbH. All rights reserved.
License Information: Kiran Jojare, XYZ, LIC=----
 
Tool Versions:
Toolchain:       MDK-Lite  Version: 5.38.0.0
Toolchain Path:  C:\Keil_v5\ARM\ARM_Compiler_5_06u7\Bin
C Compiler:      Armcc.exe V5.06 update 7 (build 960)
Assembler:       Armasm.exe V5.06 update 7 (build 960)
Linker/Locator:  ArmLink.exe V5.06 update 7 (build 960)
Library Manager: ArmAr.exe V5.06 update 7 (build 960)
Hex Converter:   FromElf.exe V5.06 update 7 (build 960)
CPU DLL:         SARMCM3.DLL V5.38.0.0
Dialog DLL:      DCM.DLL V1.17.5.0
Target DLL:      STLink\ST-LINKIII-KEIL_SWO.dll V3.1.0.0
Dialog DLL:      TCM.DLL V1.56.4.0
 
<h2>Project:</h2>
C:\Users\Kiran Windows\Documents\MESA\Project1\Module2\CodeM2\Code28cpp\digital_io\digital_io.uvprojx
Project File Date:  09/30/2023

<h2>Output:</h2>
*** Using Compiler 'V5.06 update 7 (build 960)', folder: 'C:\Keil_v5\ARM\ARM_Compiler_5_06u7\Bin'
*** Warning: You are compiling one or more files of source type C++ and have selected 'use MicroLIB'. MicroLIB does not support C++!
  
Rebuild target 'mbed NUCLEO_F401RE'
compiling main.cpp...
C:\Users\Kiran Windows\AppData\Local\Arm\Packs\Keil\STM32F4xx_DFP\2.17.1\Drivers\CMSIS\Device\ST\STM32F4xx\Include\stm32f401xc.h(51): warning:  #47-D: incompatible redefinition of macro "__FPU_PRESENT" 
  #define __FPU_PRESENT             1U       /*!< FPU present                                   */
src\main.cpp: 1 warning, 0 errors
linking...
Program Size: Code=13176 RO-data=1436 RW-data=64 ZI-data=1484  
".\build\digital_io.axf" - 0 Error(s), 1 Warning(s).

<h2>Software Packages used:</h2>

Package Vendor: Keil
                https://www.keil.com/pack/Keil.STM32F4xx_DFP.2.17.1.pack
                Keil.STM32F4xx_DFP.2.17.1
                STMicroelectronics STM32F4 Series Device Support, Drivers and Examples

<h2>Collection of Component include folders:</h2>
  C:/Users/Kiran Windows/AppData/Local/Arm/Packs/Keil/STM32F4xx_DFP/2.17.1/Drivers/CMSIS/Device/ST/STM32F4xx/Include

<h2>Collection of Component Files used:</h2>
Build Time Elapsed:  00:00:01
</pre>
</body>
</html>
