<html>
<body>
<pre>
<h1>µVision Build Log</h1>
<h2>Tool Versions:</h2>
IDE-Version: µVision V5.38.0.0
Copyright (C) 2022 ARM Ltd and ARM Germany GmbH. All rights reserved.
License Information: Viraj Patel, Student, LIC=----
 
Tool Versions:
Toolchain:       MDK-Lite  Version: 5.38.0.0
Toolchain Path:  C:\Keil_v5\ARM\ARM_Compiler_5.06u7\Bin
C Compiler:      Armcc.exe V5.06 update 7 (build 960)
Assembler:       Armasm.exe V5.06 update 7 (build 960)
Linker/Locator:  ArmLink.exe V5.06 update 7 (build 960)
Library Manager: ArmAr.exe V5.06 update 7 (build 960)
Hex Converter:   FromElf.exe V5.06 update 7 (build 960)
CPU DLL:         SARMCM3.DLL V5.38.0.0
Dialog DLL:      DCM.DLL V1.17.5.0
Target DLL:      STLink\ST-LINKIII-KEIL_SWO.dll V3.1.0.0
Dialog DLL:      TCM.DLL V1.56.4.0
 
<h2>Project:</h2>
C:\Users\Reaper\Desktop\Flow Meter Simulink Comments\Flow Meter Simulink Comments\Code6\Code5\P1M5.uvprojx
Project File Date:  10/23/2023

<h2>Output:</h2>
*** Using Compiler 'V5.06 update 7 (build 960)', folder: 'C:\Keil_v5\ARM\ARM_Compiler_5.06u7\Bin'
*** Warning: You are compiling one or more files of source type C++ and have selected 'use MicroLIB'. MicroLIB does not support C++!
  
Rebuild target 'mbed NUCLEO_F401RE'
compiling NHD_0216HZ.cpp...
compiling main.cpp...
src\main.cpp(178): warning:  #1-D: last line of file ends without a newline
    
src\main.cpp: 1 warning, 0 errors
compiling timer0.cpp...
compiling Monitor.cpp...
compiling UART_poll.cpp...
compiling memory.cpp...
memory.cpp(163): warning: A1609W: MOV <rd>,pc instruction does not set bit zero, so does not create a return address
compiling DS1631.cpp...
compiling flow.cpp...
flow.cpp(28): warning:  #1035-D: single-precision operand implicitly converted to double-precision
      float rho = 1000 * (1 - ((temperature + 288.9414) / (508929.2 * (temperature + 68.12963))) 
flow.cpp(28): warning:  #1035-D: single-precision operand implicitly converted to double-precision
      float rho = 1000 * (1 - ((temperature + 288.9414) / (508929.2 * (temperature + 68.12963))) 
flow.cpp(29): warning:  #1035-D: single-precision operand implicitly converted to double-precision
                  * pow((temperature - 3.9863), 2));
flow.cpp(32): warning:  #1035-D: single-precision operand implicitly converted to double-precision
      float T_kelvin = temperature + 273.15;
flow.cpp(33): warning:  #1035-D: single-precision operand implicitly converted to double-precision
      float viscosity = 2.4e-5 * pow(10, (247.8 / (T_kelvin - 140.0)));
flow.cpp(36): warning:  #1035-D: single-precision operand implicitly converted to double-precision
      float Re = (rho * velocity * PID_METER) / viscosity;
flow.cpp(39): warning:  #1035-D: single-precision operand implicitly converted to double-precision
      float St = 0.2684 - 1.0356 / sqrt(Re);
flow.cpp(42): warning:  #1035-D: single-precision operand implicitly converted to double-precision
      velocity = (Frequency * D) / St;
flow.cpp(45): warning:  #1035-D: single-precision operand implicitly converted to double-precision
      flow = 2.45 * pow(PID_INCH, 2) * (velocity / 12.0);
flow.cpp: 9 warnings, 0 errors
compiling adc.cpp...
adc.cpp(90): warning:  #1035-D: single-precision operand implicitly converted to double-precision
      float temperature = ((voltage - ADC_V25) / ADC_AVG_SLOPE) + 25.0; // Convert voltage to temperature
adc.cpp(92): warning:  #1-D: last line of file ends without a newline
  }
adc.cpp: 2 warnings, 0 errors
compiling pwm.cpp...
linking...
Program Size: Code=26976 RO-data=2400 RW-data=2152 ZI-data=1836  
".\build\integration.axf" - 0 Error(s), 13 Warning(s).

<h2>Software Packages used:</h2>

Package Vendor: ARM
                http://www.keil.com/pack/ARM.CMSIS.5.9.0.pack
                ARM.CMSIS.5.9.0
                CMSIS (Common Microcontroller Software Interface Standard)
   * Component: CORE Version: 5.6.0

Package Vendor: Keil
                https://www.keil.com/pack/Keil.STM32F4xx_DFP.2.17.1.pack
                Keil.STM32F4xx_DFP.2.17.1
                STMicroelectronics STM32F4 Series Device Support, Drivers and Examples

<h2>Collection of Component include folders:</h2>
  ./RTE/_mbed_NUCLEO_F401RE
  C:/Users/Reaper/AppData/Local/Arm/Packs/ARM/CMSIS/5.9.0/CMSIS/Core/Include
  C:/Users/Reaper/AppData/Local/Arm/Packs/Keil/STM32F4xx_DFP/2.17.1/Drivers/CMSIS/Device/ST/STM32F4xx/Include

<h2>Collection of Component Files used:</h2>

   * Component: ARM::CMSIS:CORE:5.6.0
Build Time Elapsed:  00:00:02
</pre>
</body>
</html>
